============================= test session starts =============================
platform win32 -- Python 3.13.7, pytest-9.0.2, pluggy-1.6.0 -- C:\Users\tomju\AppData\Local\Programs\Python\Python313\python.exe
cachedir: .pytest_cache
django: version: 6.0.3, settings: backend.settings (from ini)
rootdir: C:\Users\tomju\Desktop\Projet CDA\CDA-backend
configfile: pytest.ini
plugins: django-4.12.0
collecting ... collected 16 items

store/tests.py::TestRegister::test_register_ok ERROR                     [  6%]
store/tests.py::TestRegister::test_register_mot_de_passe_trop_court ERROR [ 12%]
store/tests.py::TestRegister::test_register_email_duplique ERROR         [ 18%]
store/tests.py::TestLogin::test_login_ok ERROR                           [ 25%]
store/tests.py::TestLogin::test_login_mauvais_mot_de_passe ERROR         [ 31%]
store/tests.py::TestLogin::test_login_email_inexistant ERROR             [ 37%]
store/tests.py::TestLogin::test_login_compte_inactif ERROR               [ 43%]
store/tests.py::TestProfile::test_profil_authentifie ERROR               [ 50%]
store/tests.py::TestProfile::test_user_ne_peut_pas_modifier_ses_roles ERROR [ 56%]
store/tests.py::TestProducts::test_liste_produits_sans_auth ERROR        [ 62%]
store/tests.py::TestProducts::test_creation_produit_user_normal_interdit ERROR [ 68%]
store/tests.py::TestProducts::test_creation_produit_admin_ok ERROR       [ 75%]
store/tests.py::TestProducts::test_suppression_produit_user_normal_interdit ERROR [ 81%]
store/tests.py::TestOrders::test_user_ne_voit_pas_commandes_autres ERROR [ 87%]
store/tests.py::TestProfile::test_profil_non_authentifie PASSED          [ 93%]
store/tests.py::TestOrders::test_commandes_non_authentifie PASSED        [100%]

=================================== ERRORS ====================================
_______________ ERROR at setup of TestRegister.test_register_ok _______________

self = <django.db.backends.utils.CursorWrapper object at 0x000001E2B5EA47D0>
sql = 'CREATE DATABASE "test_bougie_db" ', params = None
ignored_wrapper_args = (False, {'connection': <DatabaseWrapper vendor='postgresql' alias='__no_db__'>, 'cursor': <django.db.backends.utils.CursorWrapper object at 0x000001E2B5EA47D0>})

    def _execute(self, sql, params, *ignored_wrapper_args):
        # Raise a warning during app initialization (stored_app_configs is only
        # ever set during testing).
        if not apps.ready and not apps.stored_app_configs:
            warnings.warn(self.APPS_NOT_READY_WARNING_MSG, category=RuntimeWarning)
        self.db.validate_no_broken_transaction()
        with self.db.wrap_database_errors:
            if params is None:
                # params default might be backend specific.
>               return self.cursor.execute(sql)
                       ^^^^^^^^^^^^^^^^^^^^^^^^
E               psycopg2.errors.InsufficientPrivilege: ERREUR:  droit refusÚ pour crÚer une base de donnÚes

..\..\..\AppData\Local\Programs\Python\Python313\Lib\site-packages\django\db\backends\utils.py:103: InsufficientPrivilege

The above exception was the direct cause of the following exception:

self = <django.db.backends.postgresql.creation.DatabaseCreation object at 0x000001E2B5727A10>
cursor = <django.db.backends.utils.CursorWrapper object at 0x000001E2B5EA47D0>
parameters = {'dbname': '"test_bougie_db"', 'suffix': ''}, keepdb = False

    def _execute_create_test_db(self, cursor, parameters, keepdb=False):
        try:
            if keepdb and self._database_exists(cursor, parameters["dbname"]):
                # If the database should be kept and it already exists, don't
                # try to create a new one.
                return
>           super()._execute_create_test_db(cursor, parameters, keepdb)

..\..\..\AppData\Local\Programs\Python\Python313\Lib\site-packages\django\db\backends\postgresql\creation.py:46: 
_ _ _ _ _ _ _ _ _ _ _ _ _ _ _ _ _ _ _ _ _ _ _ _ _ _ _ _ _ _ _ _ _ _ _ _ _ _ _ _

self = <django.db.backends.postgresql.creation.DatabaseCreation object at 0x000001E2B5727A10>
cursor = <django.db.backends.utils.CursorWrapper object at 0x000001E2B5EA47D0>
parameters = {'dbname': '"test_bougie_db"', 'suffix': ''}, keepdb = False

    def _execute_create_test_db(self, cursor, parameters, keepdb=False):
>       cursor.execute("CREATE DATABASE %(dbname)s %(suffix)s" % parameters)

..\..\..\AppData\Local\Programs\Python\Python313\Lib\site-packages\django\db\backends\base\creation.py:209: 
_ _ _ _ _ _ _ _ _ _ _ _ _ _ _ _ _ _ _ _ _ _ _ _ _ _ _ _ _ _ _ _ _ _ _ _ _ _ _ _

self = <django.db.backends.utils.CursorWrapper object at 0x000001E2B5EA47D0>
sql = 'CREATE DATABASE "test_bougie_db" ', params = None

    def execute(self, sql, params=None):
>       return self._execute_with_wrappers(
            sql, params, many=False, executor=self._execute
        )

..\..\..\AppData\Local\Programs\Python\Python313\Lib\site-packages\django\db\backends\utils.py:79: 
_ _ _ _ _ _ _ _ _ _ _ _ _ _ _ _ _ _ _ _ _ _ _ _ _ _ _ _ _ _ _ _ _ _ _ _ _ _ _ _

self = <django.db.backends.utils.CursorWrapper object at 0x000001E2B5EA47D0>
sql = 'CREATE DATABASE "test_bougie_db" ', params = None, many = False
executor = <bound method CursorWrapper._execute of <django.db.backends.utils.CursorWrapper object at 0x000001E2B5EA47D0>>

    def _execute_with_wrappers(self, sql, params, many, executor):
        context = {"connection": self.db, "cursor": self}
        for wrapper in reversed(self.db.execute_wrappers):
            executor = functools.partial(wrapper, executor)
>       return executor(sql, params, many, context)
               ^^^^^^^^^^^^^^^^^^^^^^^^^^^^^^^^^^^^

..\..\..\AppData\Local\Programs\Python\Python313\Lib\site-packages\django\db\backends\utils.py:92: 
_ _ _ _ _ _ _ _ _ _ _ _ _ _ _ _ _ _ _ _ _ _ _ _ _ _ _ _ _ _ _ _ _ _ _ _ _ _ _ _

self = <django.db.backends.utils.CursorWrapper object at 0x000001E2B5EA47D0>
sql = 'CREATE DATABASE "test_bougie_db" ', params = None
ignored_wrapper_args = (False, {'connection': <DatabaseWrapper vendor='postgresql' alias='__no_db__'>, 'cursor': <django.db.backends.utils.CursorWrapper object at 0x000001E2B5EA47D0>})

    def _execute(self, sql, params, *ignored_wrapper_args):
        # Raise a warning during app initialization (stored_app_configs is only
        # ever set during testing).
        if not apps.ready and not apps.stored_app_configs:
            warnings.warn(self.APPS_NOT_READY_WARNING_MSG, category=RuntimeWarning)
        self.db.validate_no_broken_transaction()
>       with self.db.wrap_database_errors:
             ^^^^^^^^^^^^^^^^^^^^^^^^^^^^

..\..\..\AppData\Local\Programs\Python\Python313\Lib\site-packages\django\db\backends\utils.py:100: 
_ _ _ _ _ _ _ _ _ _ _ _ _ _ _ _ _ _ _ _ _ _ _ _ _ _ _ _ _ _ _ _ _ _ _ _ _ _ _ _

self = <django.db.utils.DatabaseErrorWrapper object at 0x000001E2B5DABCB0>
exc_type = <class 'psycopg2.errors.InsufficientPrivilege'>
exc_value = InsufficientPrivilege('ERREUR:  droit refusÚ pour crÚer une base de donnÚes\n')
traceback = <traceback object at 0x000001E2B5E9E7C0>

    def __exit__(self, exc_type, exc_value, traceback):
        if exc_type is None:
            return
        for dj_exc_type in (
            DataError,
            OperationalError,
            IntegrityError,
            InternalError,
            ProgrammingError,
            NotSupportedError,
            DatabaseError,
            InterfaceError,
            Error,
        ):
            db_exc_type = getattr(self.wrapper.Database, dj_exc_type.__name__)
            if issubclass(exc_type, db_exc_type):
                dj_exc_value = dj_exc_type(*exc_value.args)
                # Only set the 'errors_occurred' flag for errors that may make
                # the connection unusable.
                if dj_exc_type not in (DataError, IntegrityError):
                    self.wrapper.errors_occurred = True
>               raise dj_exc_value.with_traceback(traceback) from exc_value

..\..\..\AppData\Local\Programs\Python\Python313\Lib\site-packages\django\db\utils.py:94: 
_ _ _ _ _ _ _ _ _ _ _ _ _ _ _ _ _ _ _ _ _ _ _ _ _ _ _ _ _ _ _ _ _ _ _ _ _ _ _ _

self = <django.db.backends.utils.CursorWrapper object at 0x000001E2B5EA47D0>
sql = 'CREATE DATABASE "test_bougie_db" ', params = None
ignored_wrapper_args = (False, {'connection': <DatabaseWrapper vendor='postgresql' alias='__no_db__'>, 'cursor': <django.db.backends.utils.CursorWrapper object at 0x000001E2B5EA47D0>})

    def _execute(self, sql, params, *ignored_wrapper_args):
        # Raise a warning during app initialization (stored_app_configs is only
        # ever set during testing).
        if not apps.ready and not apps.stored_app_configs:
            warnings.warn(self.APPS_NOT_READY_WARNING_MSG, category=RuntimeWarning)
        self.db.validate_no_broken_transaction()
        with self.db.wrap_database_errors:
            if params is None:
                # params default might be backend specific.
>               return self.cursor.execute(sql)
                       ^^^^^^^^^^^^^^^^^^^^^^^^
E               django.db.utils.ProgrammingError: ERREUR:  droit refusÚ pour crÚer une base de donnÚes

..\..\..\AppData\Local\Programs\Python\Python313\Lib\site-packages\django\db\backends\utils.py:103: ProgrammingError

During handling of the above exception, another exception occurred:

request = <SubRequest 'django_db_setup' for <Function test_register_ok>>
django_test_environment = None
django_db_blocker = <pytest_django.plugin.DjangoDbBlocker object at 0x000001E2B29934D0>
django_db_use_migrations = True, django_db_keepdb = False
django_db_createdb = False, django_db_modify_db_settings = None

    @pytest.fixture(scope="session")
    def django_db_setup(
        request: pytest.FixtureRequest,
        django_test_environment: None,  # noqa: ARG001
        django_db_blocker: DjangoDbBlocker,
        django_db_use_migrations: bool,
        django_db_keepdb: bool,
        django_db_createdb: bool,
        django_db_modify_db_settings: None,  # noqa: ARG001
    ) -> Generator[None, None, None]:
        """Top level fixture to ensure test databases are available"""
        from django.test.utils import setup_databases, teardown_databases
    
        setup_databases_args = {}
    
        if not django_db_use_migrations:
            _disable_migrations()
    
        if django_db_keepdb and not django_db_createdb:
            setup_databases_args["keepdb"] = True
    
        aliases, serialized_aliases = _get_databases_for_setup(request.session.items)
    
        with django_db_blocker.unblock():
>           db_cfg = setup_databases(
                verbosity=request.config.option.verbose,
                interactive=False,
                aliases=aliases,
                serialized_aliases=serialized_aliases,
                **setup_databases_args,
            )

..\..\..\AppData\Local\Programs\Python\Python313\Lib\site-packages\pytest_django\fixtures.py:186: 
_ _ _ _ _ _ _ _ _ _ _ _ _ _ _ _ _ _ _ _ _ _ _ _ _ _ _ _ _ _ _ _ _ _ _ _ _ _ _ _

verbosity = 1, interactive = False
time_keeper = <django.test.utils.NullTimeKeeper object at 0x000001E2B5CFF230>
keepdb = False, debug_sql = False, parallel = 0, aliases = ['default']
serialized_aliases = set(), kwargs = {}
test_databases = {('127.0.0.1', '5432', 'django.db.backends.postgresql', 'test_bougie_db'): ('bougie_db', ['default'])}

    def setup_databases(
        verbosity,
        interactive,
        *,
        time_keeper=None,
        keepdb=False,
        debug_sql=False,
        parallel=0,
        aliases=None,
        serialized_aliases=None,
        **kwargs,
    ):
        """Create the test databases."""
        if time_keeper is None:
            time_keeper = NullTimeKeeper()
    
        test_databases, mirrored_aliases = get_unique_databases_and_mirrors(aliases)
    
        old_names = []
        serialize_connections = []
    
        for db_name, aliases in test_databases.values():
            first_alias = None
            for alias in aliases:
                connection = connections[alias]
                old_names.append((connection, db_name, first_alias is None))
    
                # Actually create the database for the first connection
                if first_alias is None:
                    first_alias = alias
                    with time_keeper.timed("  Creating '%s'" % alias):
>                       connection.creation.create_test_db(
                            verbosity=verbosity,
                            autoclobber=not interactive,
                            keepdb=keepdb,
                        )

..\..\..\AppData\Local\Programs\Python\Python313\Lib\site-packages\django\test\utils.py:207: 
_ _ _ _ _ _ _ _ _ _ _ _ _ _ _ _ _ _ _ _ _ _ _ _ _ _ _ _ _ _ _ _ _ _ _ _ _ _ _ _

self = <django.db.backends.postgresql.creation.DatabaseCreation object at 0x000001E2B5727A10>
verbosity = 1, autoclobber = True, serialize = None, keepdb = False

    def create_test_db(
        self, verbosity=1, autoclobber=False, serialize=None, keepdb=False
    ):
        """
        Create a test database, prompting the user for confirmation if the
        database already exists. Return the name of the test database created.
        """
        # Don't import django.core.management if it isn't needed.
        from django.core.management import call_command
    
        test_database_name = self._get_test_db_name()
    
        if verbosity >= 1:
            action = "Creating"
            if keepdb:
                action = "Using existing"
    
            self.log(
                "%s test database for alias %s..."
                % (
                    action,
                    self._get_database_display_str(verbosity, test_database_name),
                )
            )
    
        # We could skip this call if keepdb is True, but we instead
        # give it the keepdb param. This is to handle the case
        # where the test DB doesn't exist, in which case we need to
        # create it, then just not destroy it. If we instead skip
        # this, we will get an exception.
>       self._create_test_db(verbosity, autoclobber, keepdb)

..\..\..\AppData\Local\Programs\Python\Python313\Lib\site-packages\django\db\backends\base\creation.py:69: 
_ _ _ _ _ _ _ _ _ _ _ _ _ _ _ _ _ _ _ _ _ _ _ _ _ _ _ _ _ _ _ _ _ _ _ _ _ _ _ _

self = <django.db.backends.postgresql.creation.DatabaseCreation object at 0x000001E2B5727A10>
verbosity = 1, autoclobber = True, keepdb = False

    def _create_test_db(self, verbosity, autoclobber, keepdb=False):
        """
        Internal implementation - create the test db tables.
        """
        test_database_name = self._get_test_db_name()
        test_db_params = {
            "dbname": self.connection.ops.quote_name(test_database_name),
            "suffix": self.sql_table_creation_suffix(),
        }
        # Create the test database and connect to it.
        with self._nodb_cursor() as cursor:
            try:
>               self._execute_create_test_db(cursor, test_db_params, keepdb)

..\..\..\AppData\Local\Programs\Python\Python313\Lib\site-packages\django\db\backends\base\creation.py:223: 
_ _ _ _ _ _ _ _ _ _ _ _ _ _ _ _ _ _ _ _ _ _ _ _ _ _ _ _ _ _ _ _ _ _ _ _ _ _ _ _

self = <django.db.backends.postgresql.creation.DatabaseCreation object at 0x000001E2B5727A10>
cursor = <django.db.backends.utils.CursorWrapper object at 0x000001E2B5EA47D0>
parameters = {'dbname': '"test_bougie_db"', 'suffix': ''}, keepdb = False

    def _execute_create_test_db(self, cursor, parameters, keepdb=False):
        try:
            if keepdb and self._database_exists(cursor, parameters["dbname"]):
                # If the database should be kept and it already exists, don't
                # try to create a new one.
                return
            super()._execute_create_test_db(cursor, parameters, keepdb)
        except Exception as e:
            if not isinstance(e.__cause__, errors.DuplicateDatabase):
                # All errors except "database already exists" cancel tests.
                self.log("Got an error creating the test database: %s" % e)
>               sys.exit(2)
E               SystemExit: 2

..\..\..\AppData\Local\Programs\Python\Python313\Lib\site-packages\django\db\backends\postgresql\creation.py:51: SystemExit
---------------------------- Captured stderr setup ----------------------------
Creating test database for alias 'default'...

Got an error creating the test database: ERREUR:  droit refusÚ pour crÚer une base de donnÚes


____ ERROR at setup of TestRegister.test_register_mot_de_passe_trop_court _____

self = <django.db.backends.utils.CursorWrapper object at 0x000001E2B5EA5F90>
sql = 'CREATE DATABASE "test_bougie_db" ', params = None
ignored_wrapper_args = (False, {'connection': <DatabaseWrapper vendor='postgresql' alias='__no_db__'>, 'cursor': <django.db.backends.utils.CursorWrapper object at 0x000001E2B5EA5F90>})

    def _execute(self, sql, params, *ignored_wrapper_args):
        # Raise a warning during app initialization (stored_app_configs is only
        # ever set during testing).
        if not apps.ready and not apps.stored_app_configs:
            warnings.warn(self.APPS_NOT_READY_WARNING_MSG, category=RuntimeWarning)
        self.db.validate_no_broken_transaction()
        with self.db.wrap_database_errors:
            if params is None:
                # params default might be backend specific.
>               return self.cursor.execute(sql)
                       ^^^^^^^^^^^^^^^^^^^^^^^^
E               psycopg2.errors.InsufficientPrivilege: ERREUR:  droit refusÚ pour crÚer une base de donnÚes

..\..\..\AppData\Local\Programs\Python\Python313\Lib\site-packages\django\db\backends\utils.py:103: InsufficientPrivilege

The above exception was the direct cause of the following exception:

self = <django.db.backends.postgresql.creation.DatabaseCreation object at 0x000001E2B5727A10>
cursor = <django.db.backends.utils.CursorWrapper object at 0x000001E2B5EA5F90>
parameters = {'dbname': '"test_bougie_db"', 'suffix': ''}, keepdb = False

    def _execute_create_test_db(self, cursor, parameters, keepdb=False):
        try:
            if keepdb and self._database_exists(cursor, parameters["dbname"]):
                # If the database should be kept and it already exists, don't
                # try to create a new one.
                return
>           super()._execute_create_test_db(cursor, parameters, keepdb)

..\..\..\AppData\Local\Programs\Python\Python313\Lib\site-packages\django\db\backends\postgresql\creation.py:46: 
_ _ _ _ _ _ _ _ _ _ _ _ _ _ _ _ _ _ _ _ _ _ _ _ _ _ _ _ _ _ _ _ _ _ _ _ _ _ _ _

self = <django.db.backends.postgresql.creation.DatabaseCreation object at 0x000001E2B5727A10>
cursor = <django.db.backends.utils.CursorWrapper object at 0x000001E2B5EA5F90>
parameters = {'dbname': '"test_bougie_db"', 'suffix': ''}, keepdb = False

    def _execute_create_test_db(self, cursor, parameters, keepdb=False):
>       cursor.execute("CREATE DATABASE %(dbname)s %(suffix)s" % parameters)

..\..\..\AppData\Local\Programs\Python\Python313\Lib\site-packages\django\db\backends\base\creation.py:209: 
_ _ _ _ _ _ _ _ _ _ _ _ _ _ _ _ _ _ _ _ _ _ _ _ _ _ _ _ _ _ _ _ _ _ _ _ _ _ _ _

self = <django.db.backends.utils.CursorWrapper object at 0x000001E2B5EA5F90>
sql = 'CREATE DATABASE "test_bougie_db" ', params = None

    def execute(self, sql, params=None):
>       return self._execute_with_wrappers(
            sql, params, many=False, executor=self._execute
        )

..\..\..\AppData\Local\Programs\Python\Python313\Lib\site-packages\django\db\backends\utils.py:79: 
_ _ _ _ _ _ _ _ _ _ _ _ _ _ _ _ _ _ _ _ _ _ _ _ _ _ _ _ _ _ _ _ _ _ _ _ _ _ _ _

self = <django.db.backends.utils.CursorWrapper object at 0x000001E2B5EA5F90>
sql = 'CREATE DATABASE "test_bougie_db" ', params = None, many = False
executor = <bound method CursorWrapper._execute of <django.db.backends.utils.CursorWrapper object at 0x000001E2B5EA5F90>>

    def _execute_with_wrappers(self, sql, params, many, executor):
        context = {"connection": self.db, "cursor": self}
        for wrapper in reversed(self.db.execute_wrappers):
            executor = functools.partial(wrapper, executor)
>       return executor(sql, params, many, context)
               ^^^^^^^^^^^^^^^^^^^^^^^^^^^^^^^^^^^^

..\..\..\AppData\Local\Programs\Python\Python313\Lib\site-packages\django\db\backends\utils.py:92: 
_ _ _ _ _ _ _ _ _ _ _ _ _ _ _ _ _ _ _ _ _ _ _ _ _ _ _ _ _ _ _ _ _ _ _ _ _ _ _ _

self = <django.db.backends.utils.CursorWrapper object at 0x000001E2B5EA5F90>
sql = 'CREATE DATABASE "test_bougie_db" ', params = None
ignored_wrapper_args = (False, {'connection': <DatabaseWrapper vendor='postgresql' alias='__no_db__'>, 'cursor': <django.db.backends.utils.CursorWrapper object at 0x000001E2B5EA5F90>})

    def _execute(self, sql, params, *ignored_wrapper_args):
        # Raise a warning during app initialization (stored_app_configs is only
        # ever set during testing).
        if not apps.ready and not apps.stored_app_configs:
            warnings.warn(self.APPS_NOT_READY_WARNING_MSG, category=RuntimeWarning)
        self.db.validate_no_broken_transaction()
>       with self.db.wrap_database_errors:
             ^^^^^^^^^^^^^^^^^^^^^^^^^^^^

..\..\..\AppData\Local\Programs\Python\Python313\Lib\site-packages\django\db\backends\utils.py:100: 
_ _ _ _ _ _ _ _ _ _ _ _ _ _ _ _ _ _ _ _ _ _ _ _ _ _ _ _ _ _ _ _ _ _ _ _ _ _ _ _

self = <django.db.utils.DatabaseErrorWrapper object at 0x000001E2B5EA5E50>
exc_type = <class 'psycopg2.errors.InsufficientPrivilege'>
exc_value = InsufficientPrivilege('ERREUR:  droit refusÚ pour crÚer une base de donnÚes\n')
traceback = <traceback object at 0x000001E2B74DE440>

    def __exit__(self, exc_type, exc_value, traceback):
        if exc_type is None:
            return
        for dj_exc_type in (
            DataError,
            OperationalError,
            IntegrityError,
            InternalError,
            ProgrammingError,
            NotSupportedError,
            DatabaseError,
            InterfaceError,
            Error,
        ):
            db_exc_type = getattr(self.wrapper.Database, dj_exc_type.__name__)
            if issubclass(exc_type, db_exc_type):
                dj_exc_value = dj_exc_type(*exc_value.args)
                # Only set the 'errors_occurred' flag for errors that may make
                # the connection unusable.
                if dj_exc_type not in (DataError, IntegrityError):
                    self.wrapper.errors_occurred = True
>               raise dj_exc_value.with_traceback(traceback) from exc_value

..\..\..\AppData\Local\Programs\Python\Python313\Lib\site-packages\django\db\utils.py:94: 
_ _ _ _ _ _ _ _ _ _ _ _ _ _ _ _ _ _ _ _ _ _ _ _ _ _ _ _ _ _ _ _ _ _ _ _ _ _ _ _

self = <django.db.backends.utils.CursorWrapper object at 0x000001E2B5EA5F90>
sql = 'CREATE DATABASE "test_bougie_db" ', params = None
ignored_wrapper_args = (False, {'connection': <DatabaseWrapper vendor='postgresql' alias='__no_db__'>, 'cursor': <django.db.backends.utils.CursorWrapper object at 0x000001E2B5EA5F90>})

    def _execute(self, sql, params, *ignored_wrapper_args):
        # Raise a warning during app initialization (stored_app_configs is only
        # ever set during testing).
        if not apps.ready and not apps.stored_app_configs:
            warnings.warn(self.APPS_NOT_READY_WARNING_MSG, category=RuntimeWarning)
        self.db.validate_no_broken_transaction()
        with self.db.wrap_database_errors:
            if params is None:
                # params default might be backend specific.
>               return self.cursor.execute(sql)
                       ^^^^^^^^^^^^^^^^^^^^^^^^
E               django.db.utils.ProgrammingError: ERREUR:  droit refusÚ pour crÚer une base de donnÚes

..\..\..\AppData\Local\Programs\Python\Python313\Lib\site-packages\django\db\backends\utils.py:103: ProgrammingError

During handling of the above exception, another exception occurred:

request = <SubRequest 'django_db_setup' for <Function test_register_mot_de_passe_trop_court>>
django_test_environment = None
django_db_blocker = <pytest_django.plugin.DjangoDbBlocker object at 0x000001E2B29934D0>
django_db_use_migrations = True, django_db_keepdb = False
django_db_createdb = False, django_db_modify_db_settings = None

    @pytest.fixture(scope="session")
    def django_db_setup(
        request: pytest.FixtureRequest,
        django_test_environment: None,  # noqa: ARG001
        django_db_blocker: DjangoDbBlocker,
        django_db_use_migrations: bool,
        django_db_keepdb: bool,
        django_db_createdb: bool,
        django_db_modify_db_settings: None,  # noqa: ARG001
    ) -> Generator[None, None, None]:
        """Top level fixture to ensure test databases are available"""
        from django.test.utils import setup_databases, teardown_databases
    
        setup_databases_args = {}
    
        if not django_db_use_migrations:
            _disable_migrations()
    
        if django_db_keepdb and not django_db_createdb:
            setup_databases_args["keepdb"] = True
    
        aliases, serialized_aliases = _get_databases_for_setup(request.session.items)
    
        with django_db_blocker.unblock():
>           db_cfg = setup_databases(
                verbosity=request.config.option.verbose,
                interactive=False,
                aliases=aliases,
                serialized_aliases=serialized_aliases,
                **setup_databases_args,
            )

..\..\..\AppData\Local\Programs\Python\Python313\Lib\site-packages\pytest_django\fixtures.py:186: 
_ _ _ _ _ _ _ _ _ _ _ _ _ _ _ _ _ _ _ _ _ _ _ _ _ _ _ _ _ _ _ _ _ _ _ _ _ _ _ _

verbosity = 1, interactive = False
time_keeper = <django.test.utils.NullTimeKeeper object at 0x000001E2B5EA5450>
keepdb = False, debug_sql = False, parallel = 0, aliases = ['default']
serialized_aliases = set(), kwargs = {}
test_databases = {('127.0.0.1', '5432', 'django.db.backends.postgresql', 'test_bougie_db'): ('bougie_db', ['default'])}

    def setup_databases(
        verbosity,
        interactive,
        *,
        time_keeper=None,
        keepdb=False,
        debug_sql=False,
        parallel=0,
        aliases=None,
        serialized_aliases=None,
        **kwargs,
    ):
        """Create the test databases."""
        if time_keeper is None:
            time_keeper = NullTimeKeeper()
    
        test_databases, mirrored_aliases = get_unique_databases_and_mirrors(aliases)
    
        old_names = []
        serialize_connections = []
    
        for db_name, aliases in test_databases.values():
            first_alias = None
            for alias in aliases:
                connection = connections[alias]
                old_names.append((connection, db_name, first_alias is None))
    
                # Actually create the database for the first connection
                if first_alias is None:
                    first_alias = alias
                    with time_keeper.timed("  Creating '%s'" % alias):
>                       connection.creation.create_test_db(
                            verbosity=verbosity,
                            autoclobber=not interactive,
                            keepdb=keepdb,
                        )

..\..\..\AppData\Local\Programs\Python\Python313\Lib\site-packages\django\test\utils.py:207: 
_ _ _ _ _ _ _ _ _ _ _ _ _ _ _ _ _ _ _ _ _ _ _ _ _ _ _ _ _ _ _ _ _ _ _ _ _ _ _ _

self = <django.db.backends.postgresql.creation.DatabaseCreation object at 0x000001E2B5727A10>
verbosity = 1, autoclobber = True, serialize = None, keepdb = False

    def create_test_db(
        self, verbosity=1, autoclobber=False, serialize=None, keepdb=False
    ):
        """
        Create a test database, prompting the user for confirmation if the
        database already exists. Return the name of the test database created.
        """
        # Don't import django.core.management if it isn't needed.
        from django.core.management import call_command
    
        test_database_name = self._get_test_db_name()
    
        if verbosity >= 1:
            action = "Creating"
            if keepdb:
                action = "Using existing"
    
            self.log(
                "%s test database for alias %s..."
                % (
                    action,
                    self._get_database_display_str(verbosity, test_database_name),
                )
            )
    
        # We could skip this call if keepdb is True, but we instead
        # give it the keepdb param. This is to handle the case
        # where the test DB doesn't exist, in which case we need to
        # create it, then just not destroy it. If we instead skip
        # this, we will get an exception.
>       self._create_test_db(verbosity, autoclobber, keepdb)

..\..\..\AppData\Local\Programs\Python\Python313\Lib\site-packages\django\db\backends\base\creation.py:69: 
_ _ _ _ _ _ _ _ _ _ _ _ _ _ _ _ _ _ _ _ _ _ _ _ _ _ _ _ _ _ _ _ _ _ _ _ _ _ _ _

self = <django.db.backends.postgresql.creation.DatabaseCreation object at 0x000001E2B5727A10>
verbosity = 1, autoclobber = True, keepdb = False

    def _create_test_db(self, verbosity, autoclobber, keepdb=False):
        """
        Internal implementation - create the test db tables.
        """
        test_database_name = self._get_test_db_name()
        test_db_params = {
            "dbname": self.connection.ops.quote_name(test_database_name),
            "suffix": self.sql_table_creation_suffix(),
        }
        # Create the test database and connect to it.
        with self._nodb_cursor() as cursor:
            try:
>               self._execute_create_test_db(cursor, test_db_params, keepdb)

..\..\..\AppData\Local\Programs\Python\Python313\Lib\site-packages\django\db\backends\base\creation.py:223: 
_ _ _ _ _ _ _ _ _ _ _ _ _ _ _ _ _ _ _ _ _ _ _ _ _ _ _ _ _ _ _ _ _ _ _ _ _ _ _ _

self = <django.db.backends.postgresql.creation.DatabaseCreation object at 0x000001E2B5727A10>
cursor = <django.db.backends.utils.CursorWrapper object at 0x000001E2B5EA5F90>
parameters = {'dbname': '"test_bougie_db"', 'suffix': ''}, keepdb = False

    def _execute_create_test_db(self, cursor, parameters, keepdb=False):
        try:
            if keepdb and self._database_exists(cursor, parameters["dbname"]):
                # If the database should be kept and it already exists, don't
                # try to create a new one.
                return
            super()._execute_create_test_db(cursor, parameters, keepdb)
        except Exception as e:
            if not isinstance(e.__cause__, errors.DuplicateDatabase):
                # All errors except "database already exists" cancel tests.
                self.log("Got an error creating the test database: %s" % e)
>               sys.exit(2)
E               SystemExit: 2

..\..\..\AppData\Local\Programs\Python\Python313\Lib\site-packages\django\db\backends\postgresql\creation.py:51: SystemExit
---------------------------- Captured stderr setup ----------------------------
Creating test database for alias 'default'...

Got an error creating the test database: ERREUR:  droit refusÚ pour crÚer une base de donnÚes


_________ ERROR at setup of TestRegister.test_register_email_duplique _________

self = <django.db.backends.utils.CursorWrapper object at 0x000001E2B5F28FC0>
sql = 'CREATE DATABASE "test_bougie_db" ', params = None
ignored_wrapper_args = (False, {'connection': <DatabaseWrapper vendor='postgresql' alias='__no_db__'>, 'cursor': <django.db.backends.utils.CursorWrapper object at 0x000001E2B5F28FC0>})

    def _execute(self, sql, params, *ignored_wrapper_args):
        # Raise a warning during app initialization (stored_app_configs is only
        # ever set during testing).
        if not apps.ready and not apps.stored_app_configs:
            warnings.warn(self.APPS_NOT_READY_WARNING_MSG, category=RuntimeWarning)
        self.db.validate_no_broken_transaction()
        with self.db.wrap_database_errors:
            if params is None:
                # params default might be backend specific.
>               return self.cursor.execute(sql)
                       ^^^^^^^^^^^^^^^^^^^^^^^^
E               psycopg2.errors.InsufficientPrivilege: ERREUR:  droit refusÚ pour crÚer une base de donnÚes

..\..\..\AppData\Local\Programs\Python\Python313\Lib\site-packages\django\db\backends\utils.py:103: InsufficientPrivilege

The above exception was the direct cause of the following exception:

self = <django.db.backends.postgresql.creation.DatabaseCreation object at 0x000001E2B5727A10>
cursor = <django.db.backends.utils.CursorWrapper object at 0x000001E2B5F28FC0>
parameters = {'dbname': '"test_bougie_db"', 'suffix': ''}, keepdb = False

    def _execute_create_test_db(self, cursor, parameters, keepdb=False):
        try:
            if keepdb and self._database_exists(cursor, parameters["dbname"]):
                # If the database should be kept and it already exists, don't
                # try to create a new one.
                return
>           super()._execute_create_test_db(cursor, parameters, keepdb)

..\..\..\AppData\Local\Programs\Python\Python313\Lib\site-packages\django\db\backends\postgresql\creation.py:46: 
_ _ _ _ _ _ _ _ _ _ _ _ _ _ _ _ _ _ _ _ _ _ _ _ _ _ _ _ _ _ _ _ _ _ _ _ _ _ _ _

self = <django.db.backends.postgresql.creation.DatabaseCreation object at 0x000001E2B5727A10>
cursor = <django.db.backends.utils.CursorWrapper object at 0x000001E2B5F28FC0>
parameters = {'dbname': '"test_bougie_db"', 'suffix': ''}, keepdb = False

    def _execute_create_test_db(self, cursor, parameters, keepdb=False):
>       cursor.execute("CREATE DATABASE %(dbname)s %(suffix)s" % parameters)

..\..\..\AppData\Local\Programs\Python\Python313\Lib\site-packages\django\db\backends\base\creation.py:209: 
_ _ _ _ _ _ _ _ _ _ _ _ _ _ _ _ _ _ _ _ _ _ _ _ _ _ _ _ _ _ _ _ _ _ _ _ _ _ _ _

self = <django.db.backends.utils.CursorWrapper object at 0x000001E2B5F28FC0>
sql = 'CREATE DATABASE "test_bougie_db" ', params = None

    def execute(self, sql, params=None):
>       return self._execute_with_wrappers(
            sql, params, many=False, executor=self._execute
        )

..\..\..\AppData\Local\Programs\Python\Python313\Lib\site-packages\django\db\backends\utils.py:79: 
_ _ _ _ _ _ _ _ _ _ _ _ _ _ _ _ _ _ _ _ _ _ _ _ _ _ _ _ _ _ _ _ _ _ _ _ _ _ _ _

self = <django.db.backends.utils.CursorWrapper object at 0x000001E2B5F28FC0>
sql = 'CREATE DATABASE "test_bougie_db" ', params = None, many = False
executor = <bound method CursorWrapper._execute of <django.db.backends.utils.CursorWrapper object at 0x000001E2B5F28FC0>>

    def _execute_with_wrappers(self, sql, params, many, executor):
        context = {"connection": self.db, "cursor": self}
        for wrapper in reversed(self.db.execute_wrappers):
            executor = functools.partial(wrapper, executor)
>       return executor(sql, params, many, context)
               ^^^^^^^^^^^^^^^^^^^^^^^^^^^^^^^^^^^^

..\..\..\AppData\Local\Programs\Python\Python313\Lib\site-packages\django\db\backends\utils.py:92: 
_ _ _ _ _ _ _ _ _ _ _ _ _ _ _ _ _ _ _ _ _ _ _ _ _ _ _ _ _ _ _ _ _ _ _ _ _ _ _ _

self = <django.db.backends.utils.CursorWrapper object at 0x000001E2B5F28FC0>
sql = 'CREATE DATABASE "test_bougie_db" ', params = None
ignored_wrapper_args = (False, {'connection': <DatabaseWrapper vendor='postgresql' alias='__no_db__'>, 'cursor': <django.db.backends.utils.CursorWrapper object at 0x000001E2B5F28FC0>})

    def _execute(self, sql, params, *ignored_wrapper_args):
        # Raise a warning during app initialization (stored_app_configs is only
        # ever set during testing).
        if not apps.ready and not apps.stored_app_configs:
            warnings.warn(self.APPS_NOT_READY_WARNING_MSG, category=RuntimeWarning)
        self.db.validate_no_broken_transaction()
>       with self.db.wrap_database_errors:
             ^^^^^^^^^^^^^^^^^^^^^^^^^^^^

..\..\..\AppData\Local\Programs\Python\Python313\Lib\site-packages\django\db\backends\utils.py:100: 
_ _ _ _ _ _ _ _ _ _ _ _ _ _ _ _ _ _ _ _ _ _ _ _ _ _ _ _ _ _ _ _ _ _ _ _ _ _ _ _

self = <django.db.utils.DatabaseErrorWrapper object at 0x000001E2B5EA6710>
exc_type = <class 'psycopg2.errors.InsufficientPrivilege'>
exc_value = InsufficientPrivilege('ERREUR:  droit refusÚ pour crÚer une base de donnÚes\n')
traceback = <traceback object at 0x000001E2B733F140>

    def __exit__(self, exc_type, exc_value, traceback):
        if exc_type is None:
            return
        for dj_exc_type in (
            DataError,
            OperationalError,
            IntegrityError,
            InternalError,
            ProgrammingError,
            NotSupportedError,
            DatabaseError,
            InterfaceError,
            Error,
        ):
            db_exc_type = getattr(self.wrapper.Database, dj_exc_type.__name__)
            if issubclass(exc_type, db_exc_type):
                dj_exc_value = dj_exc_type(*exc_value.args)
                # Only set the 'errors_occurred' flag for errors that may make
                # the connection unusable.
                if dj_exc_type not in (DataError, IntegrityError):
                    self.wrapper.errors_occurred = True
>               raise dj_exc_value.with_traceback(traceback) from exc_value

..\..\..\AppData\Local\Programs\Python\Python313\Lib\site-packages\django\db\utils.py:94: 
_ _ _ _ _ _ _ _ _ _ _ _ _ _ _ _ _ _ _ _ _ _ _ _ _ _ _ _ _ _ _ _ _ _ _ _ _ _ _ _

self = <django.db.backends.utils.CursorWrapper object at 0x000001E2B5F28FC0>
sql = 'CREATE DATABASE "test_bougie_db" ', params = None
ignored_wrapper_args = (False, {'connection': <DatabaseWrapper vendor='postgresql' alias='__no_db__'>, 'cursor': <django.db.backends.utils.CursorWrapper object at 0x000001E2B5F28FC0>})

    def _execute(self, sql, params, *ignored_wrapper_args):
        # Raise a warning during app initialization (stored_app_configs is only
        # ever set during testing).
        if not apps.ready and not apps.stored_app_configs:
            warnings.warn(self.APPS_NOT_READY_WARNING_MSG, category=RuntimeWarning)
        self.db.validate_no_broken_transaction()
        with self.db.wrap_database_errors:
            if params is None:
                # params default might be backend specific.
>               return self.cursor.execute(sql)
                       ^^^^^^^^^^^^^^^^^^^^^^^^
E               django.db.utils.ProgrammingError: ERREUR:  droit refusÚ pour crÚer une base de donnÚes

..\..\..\AppData\Local\Programs\Python\Python313\Lib\site-packages\django\db\backends\utils.py:103: ProgrammingError

During handling of the above exception, another exception occurred:

request = <SubRequest 'django_db_setup' for <Function test_register_email_duplique>>
django_test_environment = None
django_db_blocker = <pytest_django.plugin.DjangoDbBlocker object at 0x000001E2B29934D0>
django_db_use_migrations = True, django_db_keepdb = False
django_db_createdb = False, django_db_modify_db_settings = None

    @pytest.fixture(scope="session")
    def django_db_setup(
        request: pytest.FixtureRequest,
        django_test_environment: None,  # noqa: ARG001
        django_db_blocker: DjangoDbBlocker,
        django_db_use_migrations: bool,
        django_db_keepdb: bool,
        django_db_createdb: bool,
        django_db_modify_db_settings: None,  # noqa: ARG001
    ) -> Generator[None, None, None]:
        """Top level fixture to ensure test databases are available"""
        from django.test.utils import setup_databases, teardown_databases
    
        setup_databases_args = {}
    
        if not django_db_use_migrations:
            _disable_migrations()
    
        if django_db_keepdb and not django_db_createdb:
            setup_databases_args["keepdb"] = True
    
        aliases, serialized_aliases = _get_databases_for_setup(request.session.items)
    
        with django_db_blocker.unblock():
>           db_cfg = setup_databases(
                verbosity=request.config.option.verbose,
                interactive=False,
                aliases=aliases,
                serialized_aliases=serialized_aliases,
                **setup_databases_args,
            )

..\..\..\AppData\Local\Programs\Python\Python313\Lib\site-packages\pytest_django\fixtures.py:186: 
_ _ _ _ _ _ _ _ _ _ _ _ _ _ _ _ _ _ _ _ _ _ _ _ _ _ _ _ _ _ _ _ _ _ _ _ _ _ _ _

verbosity = 1, interactive = False
time_keeper = <django.test.utils.NullTimeKeeper object at 0x000001E2B5EA6490>
keepdb = False, debug_sql = False, parallel = 0, aliases = ['default']
serialized_aliases = set(), kwargs = {}
test_databases = {('127.0.0.1', '5432', 'django.db.backends.postgresql', 'test_bougie_db'): ('bougie_db', ['default'])}

    def setup_databases(
        verbosity,
        interactive,
        *,
        time_keeper=None,
        keepdb=False,
        debug_sql=False,
        parallel=0,
        aliases=None,
        serialized_aliases=None,
        **kwargs,
    ):
        """Create the test databases."""
        if time_keeper is None:
            time_keeper = NullTimeKeeper()
    
        test_databases, mirrored_aliases = get_unique_databases_and_mirrors(aliases)
    
        old_names = []
        serialize_connections = []
    
        for db_name, aliases in test_databases.values():
            first_alias = None
            for alias in aliases:
                connection = connections[alias]
                old_names.append((connection, db_name, first_alias is None))
    
                # Actually create the database for the first connection
                if first_alias is None:
                    first_alias = alias
                    with time_keeper.timed("  Creating '%s'" % alias):
>                       connection.creation.create_test_db(
                            verbosity=verbosity,
                            autoclobber=not interactive,
                            keepdb=keepdb,
                        )

..\..\..\AppData\Local\Programs\Python\Python313\Lib\site-packages\django\test\utils.py:207: 
_ _ _ _ _ _ _ _ _ _ _ _ _ _ _ _ _ _ _ _ _ _ _ _ _ _ _ _ _ _ _ _ _ _ _ _ _ _ _ _

self = <django.db.backends.postgresql.creation.DatabaseCreation object at 0x000001E2B5727A10>
verbosity = 1, autoclobber = True, serialize = None, keepdb = False

    def create_test_db(
        self, verbosity=1, autoclobber=False, serialize=None, keepdb=False
    ):
        """
        Create a test database, prompting the user for confirmation if the
        database already exists. Return the name of the test database created.
        """
        # Don't import django.core.management if it isn't needed.
        from django.core.management import call_command
    
        test_database_name = self._get_test_db_name()
    
        if verbosity >= 1:
            action = "Creating"
            if keepdb:
                action = "Using existing"
    
            self.log(
                "%s test database for alias %s..."
                % (
                    action,
                    self._get_database_display_str(verbosity, test_database_name),
                )
            )
    
        # We could skip this call if keepdb is True, but we instead
        # give it the keepdb param. This is to handle the case
        # where the test DB doesn't exist, in which case we need to
        # create it, then just not destroy it. If we instead skip
        # this, we will get an exception.
>       self._create_test_db(verbosity, autoclobber, keepdb)

..\..\..\AppData\Local\Programs\Python\Python313\Lib\site-packages\django\db\backends\base\creation.py:69: 
_ _ _ _ _ _ _ _ _ _ _ _ _ _ _ _ _ _ _ _ _ _ _ _ _ _ _ _ _ _ _ _ _ _ _ _ _ _ _ _

self = <django.db.backends.postgresql.creation.DatabaseCreation object at 0x000001E2B5727A10>
verbosity = 1, autoclobber = True, keepdb = False

    def _create_test_db(self, verbosity, autoclobber, keepdb=False):
        """
        Internal implementation - create the test db tables.
        """
        test_database_name = self._get_test_db_name()
        test_db_params = {
            "dbname": self.connection.ops.quote_name(test_database_name),
            "suffix": self.sql_table_creation_suffix(),
        }
        # Create the test database and connect to it.
        with self._nodb_cursor() as cursor:
            try:
>               self._execute_create_test_db(cursor, test_db_params, keepdb)

..\..\..\AppData\Local\Programs\Python\Python313\Lib\site-packages\django\db\backends\base\creation.py:223: 
_ _ _ _ _ _ _ _ _ _ _ _ _ _ _ _ _ _ _ _ _ _ _ _ _ _ _ _ _ _ _ _ _ _ _ _ _ _ _ _

self = <django.db.backends.postgresql.creation.DatabaseCreation object at 0x000001E2B5727A10>
cursor = <django.db.backends.utils.CursorWrapper object at 0x000001E2B5F28FC0>
parameters = {'dbname': '"test_bougie_db"', 'suffix': ''}, keepdb = False

    def _execute_create_test_db(self, cursor, parameters, keepdb=False):
        try:
            if keepdb and self._database_exists(cursor, parameters["dbname"]):
                # If the database should be kept and it already exists, don't
                # try to create a new one.
                return
            super()._execute_create_test_db(cursor, parameters, keepdb)
        except Exception as e:
            if not isinstance(e.__cause__, errors.DuplicateDatabase):
                # All errors except "database already exists" cancel tests.
                self.log("Got an error creating the test database: %s" % e)
>               sys.exit(2)
E               SystemExit: 2

..\..\..\AppData\Local\Programs\Python\Python313\Lib\site-packages\django\db\backends\postgresql\creation.py:51: SystemExit
---------------------------- Captured stderr setup ----------------------------
Creating test database for alias 'default'...

Got an error creating the test database: ERREUR:  droit refusÚ pour crÚer une base de donnÚes


__________________ ERROR at setup of TestLogin.test_login_ok __________________

self = <django.db.backends.utils.CursorWrapper object at 0x000001E2B5F2A060>
sql = 'CREATE DATABASE "test_bougie_db" ', params = None
ignored_wrapper_args = (False, {'connection': <DatabaseWrapper vendor='postgresql' alias='__no_db__'>, 'cursor': <django.db.backends.utils.CursorWrapper object at 0x000001E2B5F2A060>})

    def _execute(self, sql, params, *ignored_wrapper_args):
        # Raise a warning during app initialization (stored_app_configs is only
        # ever set during testing).
        if not apps.ready and not apps.stored_app_configs:
            warnings.warn(self.APPS_NOT_READY_WARNING_MSG, category=RuntimeWarning)
        self.db.validate_no_broken_transaction()
        with self.db.wrap_database_errors:
            if params is None:
                # params default might be backend specific.
>               return self.cursor.execute(sql)
                       ^^^^^^^^^^^^^^^^^^^^^^^^
E               psycopg2.errors.InsufficientPrivilege: ERREUR:  droit refusÚ pour crÚer une base de donnÚes

..\..\..\AppData\Local\Programs\Python\Python313\Lib\site-packages\django\db\backends\utils.py:103: InsufficientPrivilege

The above exception was the direct cause of the following exception:

self = <django.db.backends.postgresql.creation.DatabaseCreation object at 0x000001E2B5727A10>
cursor = <django.db.backends.utils.CursorWrapper object at 0x000001E2B5F2A060>
parameters = {'dbname': '"test_bougie_db"', 'suffix': ''}, keepdb = False

    def _execute_create_test_db(self, cursor, parameters, keepdb=False):
        try:
            if keepdb and self._database_exists(cursor, parameters["dbname"]):
                # If the database should be kept and it already exists, don't
                # try to create a new one.
                return
>           super()._execute_create_test_db(cursor, parameters, keepdb)

..\..\..\AppData\Local\Programs\Python\Python313\Lib\site-packages\django\db\backends\postgresql\creation.py:46: 
_ _ _ _ _ _ _ _ _ _ _ _ _ _ _ _ _ _ _ _ _ _ _ _ _ _ _ _ _ _ _ _ _ _ _ _ _ _ _ _

self = <django.db.backends.postgresql.creation.DatabaseCreation object at 0x000001E2B5727A10>
cursor = <django.db.backends.utils.CursorWrapper object at 0x000001E2B5F2A060>
parameters = {'dbname': '"test_bougie_db"', 'suffix': ''}, keepdb = False

    def _execute_create_test_db(self, cursor, parameters, keepdb=False):
>       cursor.execute("CREATE DATABASE %(dbname)s %(suffix)s" % parameters)

..\..\..\AppData\Local\Programs\Python\Python313\Lib\site-packages\django\db\backends\base\creation.py:209: 
_ _ _ _ _ _ _ _ _ _ _ _ _ _ _ _ _ _ _ _ _ _ _ _ _ _ _ _ _ _ _ _ _ _ _ _ _ _ _ _

self = <django.db.backends.utils.CursorWrapper object at 0x000001E2B5F2A060>
sql = 'CREATE DATABASE "test_bougie_db" ', params = None

    def execute(self, sql, params=None):
>       return self._execute_with_wrappers(
            sql, params, many=False, executor=self._execute
        )

..\..\..\AppData\Local\Programs\Python\Python313\Lib\site-packages\django\db\backends\utils.py:79: 
_ _ _ _ _ _ _ _ _ _ _ _ _ _ _ _ _ _ _ _ _ _ _ _ _ _ _ _ _ _ _ _ _ _ _ _ _ _ _ _

self = <django.db.backends.utils.CursorWrapper object at 0x000001E2B5F2A060>
sql = 'CREATE DATABASE "test_bougie_db" ', params = None, many = False
executor = <bound method CursorWrapper._execute of <django.db.backends.utils.CursorWrapper object at 0x000001E2B5F2A060>>

    def _execute_with_wrappers(self, sql, params, many, executor):
        context = {"connection": self.db, "cursor": self}
        for wrapper in reversed(self.db.execute_wrappers):
            executor = functools.partial(wrapper, executor)
>       return executor(sql, params, many, context)
               ^^^^^^^^^^^^^^^^^^^^^^^^^^^^^^^^^^^^

..\..\..\AppData\Local\Programs\Python\Python313\Lib\site-packages\django\db\backends\utils.py:92: 
_ _ _ _ _ _ _ _ _ _ _ _ _ _ _ _ _ _ _ _ _ _ _ _ _ _ _ _ _ _ _ _ _ _ _ _ _ _ _ _

self = <django.db.backends.utils.CursorWrapper object at 0x000001E2B5F2A060>
sql = 'CREATE DATABASE "test_bougie_db" ', params = None
ignored_wrapper_args = (False, {'connection': <DatabaseWrapper vendor='postgresql' alias='__no_db__'>, 'cursor': <django.db.backends.utils.CursorWrapper object at 0x000001E2B5F2A060>})

    def _execute(self, sql, params, *ignored_wrapper_args):
        # Raise a warning during app initialization (stored_app_configs is only
        # ever set during testing).
        if not apps.ready and not apps.stored_app_configs:
            warnings.warn(self.APPS_NOT_READY_WARNING_MSG, category=RuntimeWarning)
        self.db.validate_no_broken_transaction()
>       with self.db.wrap_database_errors:
             ^^^^^^^^^^^^^^^^^^^^^^^^^^^^

..\..\..\AppData\Local\Programs\Python\Python313\Lib\site-packages\django\db\backends\utils.py:100: 
_ _ _ _ _ _ _ _ _ _ _ _ _ _ _ _ _ _ _ _ _ _ _ _ _ _ _ _ _ _ _ _ _ _ _ _ _ _ _ _

self = <django.db.utils.DatabaseErrorWrapper object at 0x000001E2B5F29F30>
exc_type = <class 'psycopg2.errors.InsufficientPrivilege'>
exc_value = InsufficientPrivilege('ERREUR:  droit refusÚ pour crÚer une base de donnÚes\n')
traceback = <traceback object at 0x000001E2B73FEC40>

    def __exit__(self, exc_type, exc_value, traceback):
        if exc_type is None:
            return
        for dj_exc_type in (
            DataError,
            OperationalError,
            IntegrityError,
            InternalError,
            ProgrammingError,
            NotSupportedError,
            DatabaseError,
            InterfaceError,
            Error,
        ):
            db_exc_type = getattr(self.wrapper.Database, dj_exc_type.__name__)
            if issubclass(exc_type, db_exc_type):
                dj_exc_value = dj_exc_type(*exc_value.args)
                # Only set the 'errors_occurred' flag for errors that may make
                # the connection unusable.
                if dj_exc_type not in (DataError, IntegrityError):
                    self.wrapper.errors_occurred = True
>               raise dj_exc_value.with_traceback(traceback) from exc_value

..\..\..\AppData\Local\Programs\Python\Python313\Lib\site-packages\django\db\utils.py:94: 
_ _ _ _ _ _ _ _ _ _ _ _ _ _ _ _ _ _ _ _ _ _ _ _ _ _ _ _ _ _ _ _ _ _ _ _ _ _ _ _

self = <django.db.backends.utils.CursorWrapper object at 0x000001E2B5F2A060>
sql = 'CREATE DATABASE "test_bougie_db" ', params = None
ignored_wrapper_args = (False, {'connection': <DatabaseWrapper vendor='postgresql' alias='__no_db__'>, 'cursor': <django.db.backends.utils.CursorWrapper object at 0x000001E2B5F2A060>})

    def _execute(self, sql, params, *ignored_wrapper_args):
        # Raise a warning during app initialization (stored_app_configs is only
        # ever set during testing).
        if not apps.ready and not apps.stored_app_configs:
            warnings.warn(self.APPS_NOT_READY_WARNING_MSG, category=RuntimeWarning)
        self.db.validate_no_broken_transaction()
        with self.db.wrap_database_errors:
            if params is None:
                # params default might be backend specific.
>               return self.cursor.execute(sql)
                       ^^^^^^^^^^^^^^^^^^^^^^^^
E               django.db.utils.ProgrammingError: ERREUR:  droit refusÚ pour crÚer une base de donnÚes

..\..\..\AppData\Local\Programs\Python\Python313\Lib\site-packages\django\db\backends\utils.py:103: ProgrammingError

During handling of the above exception, another exception occurred:

request = <SubRequest 'django_db_setup' for <Function test_login_ok>>
django_test_environment = None
django_db_blocker = <pytest_django.plugin.DjangoDbBlocker object at 0x000001E2B29934D0>
django_db_use_migrations = True, django_db_keepdb = False
django_db_createdb = False, django_db_modify_db_settings = None

    @pytest.fixture(scope="session")
    def django_db_setup(
        request: pytest.FixtureRequest,
        django_test_environment: None,  # noqa: ARG001
        django_db_blocker: DjangoDbBlocker,
        django_db_use_migrations: bool,
        django_db_keepdb: bool,
        django_db_createdb: bool,
        django_db_modify_db_settings: None,  # noqa: ARG001
    ) -> Generator[None, None, None]:
        """Top level fixture to ensure test databases are available"""
        from django.test.utils import setup_databases, teardown_databases
    
        setup_databases_args = {}
    
        if not django_db_use_migrations:
            _disable_migrations()
    
        if django_db_keepdb and not django_db_createdb:
            setup_databases_args["keepdb"] = True
    
        aliases, serialized_aliases = _get_databases_for_setup(request.session.items)
    
        with django_db_blocker.unblock():
>           db_cfg = setup_databases(
                verbosity=request.config.option.verbose,
                interactive=False,
                aliases=aliases,
                serialized_aliases=serialized_aliases,
                **setup_databases_args,
            )

..\..\..\AppData\Local\Programs\Python\Python313\Lib\site-packages\pytest_django\fixtures.py:186: 
_ _ _ _ _ _ _ _ _ _ _ _ _ _ _ _ _ _ _ _ _ _ _ _ _ _ _ _ _ _ _ _ _ _ _ _ _ _ _ _

verbosity = 1, interactive = False
time_keeper = <django.test.utils.NullTimeKeeper object at 0x000001E2B5F296E0>
keepdb = False, debug_sql = False, parallel = 0, aliases = ['default']
serialized_aliases = set(), kwargs = {}
test_databases = {('127.0.0.1', '5432', 'django.db.backends.postgresql', 'test_bougie_db'): ('bougie_db', ['default'])}

    def setup_databases(
        verbosity,
        interactive,
        *,
        time_keeper=None,
        keepdb=False,
        debug_sql=False,
        parallel=0,
        aliases=None,
        serialized_aliases=None,
        **kwargs,
    ):
        """Create the test databases."""
        if time_keeper is None:
            time_keeper = NullTimeKeeper()
    
        test_databases, mirrored_aliases = get_unique_databases_and_mirrors(aliases)
    
        old_names = []
        serialize_connections = []
    
        for db_name, aliases in test_databases.values():
            first_alias = None
            for alias in aliases:
                connection = connections[alias]
                old_names.append((connection, db_name, first_alias is None))
    
                # Actually create the database for the first connection
                if first_alias is None:
                    first_alias = alias
                    with time_keeper.timed("  Creating '%s'" % alias):
>                       connection.creation.create_test_db(
                            verbosity=verbosity,
                            autoclobber=not interactive,
                            keepdb=keepdb,
                        )

..\..\..\AppData\Local\Programs\Python\Python313\Lib\site-packages\django\test\utils.py:207: 
_ _ _ _ _ _ _ _ _ _ _ _ _ _ _ _ _ _ _ _ _ _ _ _ _ _ _ _ _ _ _ _ _ _ _ _ _ _ _ _

self = <django.db.backends.postgresql.creation.DatabaseCreation object at 0x000001E2B5727A10>
verbosity = 1, autoclobber = True, serialize = None, keepdb = False

    def create_test_db(
        self, verbosity=1, autoclobber=False, serialize=None, keepdb=False
    ):
        """
        Create a test database, prompting the user for confirmation if the
        database already exists. Return the name of the test database created.
        """
        # Don't import django.core.management if it isn't needed.
        from django.core.management import call_command
    
        test_database_name = self._get_test_db_name()
    
        if verbosity >= 1:
            action = "Creating"
            if keepdb:
                action = "Using existing"
    
            self.log(
                "%s test database for alias %s..."
                % (
                    action,
                    self._get_database_display_str(verbosity, test_database_name),
                )
            )
    
        # We could skip this call if keepdb is True, but we instead
        # give it the keepdb param. This is to handle the case
        # where the test DB doesn't exist, in which case we need to
        # create it, then just not destroy it. If we instead skip
        # this, we will get an exception.
>       self._create_test_db(verbosity, autoclobber, keepdb)

..\..\..\AppData\Local\Programs\Python\Python313\Lib\site-packages\django\db\backends\base\creation.py:69: 
_ _ _ _ _ _ _ _ _ _ _ _ _ _ _ _ _ _ _ _ _ _ _ _ _ _ _ _ _ _ _ _ _ _ _ _ _ _ _ _

self = <django.db.backends.postgresql.creation.DatabaseCreation object at 0x000001E2B5727A10>
verbosity = 1, autoclobber = True, keepdb = False

    def _create_test_db(self, verbosity, autoclobber, keepdb=False):
        """
        Internal implementation - create the test db tables.
        """
        test_database_name = self._get_test_db_name()
        test_db_params = {
            "dbname": self.connection.ops.quote_name(test_database_name),
            "suffix": self.sql_table_creation_suffix(),
        }
        # Create the test database and connect to it.
        with self._nodb_cursor() as cursor:
            try:
>               self._execute_create_test_db(cursor, test_db_params, keepdb)

..\..\..\AppData\Local\Programs\Python\Python313\Lib\site-packages\django\db\backends\base\creation.py:223: 
_ _ _ _ _ _ _ _ _ _ _ _ _ _ _ _ _ _ _ _ _ _ _ _ _ _ _ _ _ _ _ _ _ _ _ _ _ _ _ _

self = <django.db.backends.postgresql.creation.DatabaseCreation object at 0x000001E2B5727A10>
cursor = <django.db.backends.utils.CursorWrapper object at 0x000001E2B5F2A060>
parameters = {'dbname': '"test_bougie_db"', 'suffix': ''}, keepdb = False

    def _execute_create_test_db(self, cursor, parameters, keepdb=False):
        try:
            if keepdb and self._database_exists(cursor, parameters["dbname"]):
                # If the database should be kept and it already exists, don't
                # try to create a new one.
                return
            super()._execute_create_test_db(cursor, parameters, keepdb)
        except Exception as e:
            if not isinstance(e.__cause__, errors.DuplicateDatabase):
                # All errors except "database already exists" cancel tests.
                self.log("Got an error creating the test database: %s" % e)
>               sys.exit(2)
E               SystemExit: 2

..\..\..\AppData\Local\Programs\Python\Python313\Lib\site-packages\django\db\backends\postgresql\creation.py:51: SystemExit
---------------------------- Captured stderr setup ----------------------------
Creating test database for alias 'default'...

Got an error creating the test database: ERREUR:  droit refusÚ pour crÚer une base de donnÚes


_________ ERROR at setup of TestLogin.test_login_mauvais_mot_de_passe _________

self = <django.db.backends.utils.CursorWrapper object at 0x000001E2B5E2BBF0>
sql = 'CREATE DATABASE "test_bougie_db" ', params = None
ignored_wrapper_args = (False, {'connection': <DatabaseWrapper vendor='postgresql' alias='__no_db__'>, 'cursor': <django.db.backends.utils.CursorWrapper object at 0x000001E2B5E2BBF0>})

    def _execute(self, sql, params, *ignored_wrapper_args):
        # Raise a warning during app initialization (stored_app_configs is only
        # ever set during testing).
        if not apps.ready and not apps.stored_app_configs:
            warnings.warn(self.APPS_NOT_READY_WARNING_MSG, category=RuntimeWarning)
        self.db.validate_no_broken_transaction()
        with self.db.wrap_database_errors:
            if params is None:
                # params default might be backend specific.
>               return self.cursor.execute(sql)
                       ^^^^^^^^^^^^^^^^^^^^^^^^
E               psycopg2.errors.InsufficientPrivilege: ERREUR:  droit refusÚ pour crÚer une base de donnÚes

..\..\..\AppData\Local\Programs\Python\Python313\Lib\site-packages\django\db\backends\utils.py:103: InsufficientPrivilege

The above exception was the direct cause of the following exception:

self = <django.db.backends.postgresql.creation.DatabaseCreation object at 0x000001E2B5727A10>
cursor = <django.db.backends.utils.CursorWrapper object at 0x000001E2B5E2BBF0>
parameters = {'dbname': '"test_bougie_db"', 'suffix': ''}, keepdb = False

    def _execute_create_test_db(self, cursor, parameters, keepdb=False):
        try:
            if keepdb and self._database_exists(cursor, parameters["dbname"]):
                # If the database should be kept and it already exists, don't
                # try to create a new one.
                return
>           super()._execute_create_test_db(cursor, parameters, keepdb)

..\..\..\AppData\Local\Programs\Python\Python313\Lib\site-packages\django\db\backends\postgresql\creation.py:46: 
_ _ _ _ _ _ _ _ _ _ _ _ _ _ _ _ _ _ _ _ _ _ _ _ _ _ _ _ _ _ _ _ _ _ _ _ _ _ _ _

self = <django.db.backends.postgresql.creation.DatabaseCreation object at 0x000001E2B5727A10>
cursor = <django.db.backends.utils.CursorWrapper object at 0x000001E2B5E2BBF0>
parameters = {'dbname': '"test_bougie_db"', 'suffix': ''}, keepdb = False

    def _execute_create_test_db(self, cursor, parameters, keepdb=False):
>       cursor.execute("CREATE DATABASE %(dbname)s %(suffix)s" % parameters)

..\..\..\AppData\Local\Programs\Python\Python313\Lib\site-packages\django\db\backends\base\creation.py:209: 
_ _ _ _ _ _ _ _ _ _ _ _ _ _ _ _ _ _ _ _ _ _ _ _ _ _ _ _ _ _ _ _ _ _ _ _ _ _ _ _

self = <django.db.backends.utils.CursorWrapper object at 0x000001E2B5E2BBF0>
sql = 'CREATE DATABASE "test_bougie_db" ', params = None

    def execute(self, sql, params=None):
>       return self._execute_with_wrappers(
            sql, params, many=False, executor=self._execute
        )

..\..\..\AppData\Local\Programs\Python\Python313\Lib\site-packages\django\db\backends\utils.py:79: 
_ _ _ _ _ _ _ _ _ _ _ _ _ _ _ _ _ _ _ _ _ _ _ _ _ _ _ _ _ _ _ _ _ _ _ _ _ _ _ _

self = <django.db.backends.utils.CursorWrapper object at 0x000001E2B5E2BBF0>
sql = 'CREATE DATABASE "test_bougie_db" ', params = None, many = False
executor = <bound method CursorWrapper._execute of <django.db.backends.utils.CursorWrapper object at 0x000001E2B5E2BBF0>>

    def _execute_with_wrappers(self, sql, params, many, executor):
        context = {"connection": self.db, "cursor": self}
        for wrapper in reversed(self.db.execute_wrappers):
            executor = functools.partial(wrapper, executor)
>       return executor(sql, params, many, context)
               ^^^^^^^^^^^^^^^^^^^^^^^^^^^^^^^^^^^^

..\..\..\AppData\Local\Programs\Python\Python313\Lib\site-packages\django\db\backends\utils.py:92: 
_ _ _ _ _ _ _ _ _ _ _ _ _ _ _ _ _ _ _ _ _ _ _ _ _ _ _ _ _ _ _ _ _ _ _ _ _ _ _ _

self = <django.db.backends.utils.CursorWrapper object at 0x000001E2B5E2BBF0>
sql = 'CREATE DATABASE "test_bougie_db" ', params = None
ignored_wrapper_args = (False, {'connection': <DatabaseWrapper vendor='postgresql' alias='__no_db__'>, 'cursor': <django.db.backends.utils.CursorWrapper object at 0x000001E2B5E2BBF0>})

    def _execute(self, sql, params, *ignored_wrapper_args):
        # Raise a warning during app initialization (stored_app_configs is only
        # ever set during testing).
        if not apps.ready and not apps.stored_app_configs:
            warnings.warn(self.APPS_NOT_READY_WARNING_MSG, category=RuntimeWarning)
        self.db.validate_no_broken_transaction()
>       with self.db.wrap_database_errors:
             ^^^^^^^^^^^^^^^^^^^^^^^^^^^^

..\..\..\AppData\Local\Programs\Python\Python313\Lib\site-packages\django\db\backends\utils.py:100: 
_ _ _ _ _ _ _ _ _ _ _ _ _ _ _ _ _ _ _ _ _ _ _ _ _ _ _ _ _ _ _ _ _ _ _ _ _ _ _ _

self = <django.db.utils.DatabaseErrorWrapper object at 0x000001E2B5CEB5C0>
exc_type = <class 'psycopg2.errors.InsufficientPrivilege'>
exc_value = InsufficientPrivilege('ERREUR:  droit refusÚ pour crÚer une base de donnÚes\n')
traceback = <traceback object at 0x000001E2B73D6A00>

    def __exit__(self, exc_type, exc_value, traceback):
        if exc_type is None:
            return
        for dj_exc_type in (
            DataError,
            OperationalError,
            IntegrityError,
            InternalError,
            ProgrammingError,
            NotSupportedError,
            DatabaseError,
            InterfaceError,
            Error,
        ):
            db_exc_type = getattr(self.wrapper.Database, dj_exc_type.__name__)
            if issubclass(exc_type, db_exc_type):
                dj_exc_value = dj_exc_type(*exc_value.args)
                # Only set the 'errors_occurred' flag for errors that may make
                # the connection unusable.
                if dj_exc_type not in (DataError, IntegrityError):
                    self.wrapper.errors_occurred = True
>               raise dj_exc_value.with_traceback(traceback) from exc_value

..\..\..\AppData\Local\Programs\Python\Python313\Lib\site-packages\django\db\utils.py:94: 
_ _ _ _ _ _ _ _ _ _ _ _ _ _ _ _ _ _ _ _ _ _ _ _ _ _ _ _ _ _ _ _ _ _ _ _ _ _ _ _

self = <django.db.backends.utils.CursorWrapper object at 0x000001E2B5E2BBF0>
sql = 'CREATE DATABASE "test_bougie_db" ', params = None
ignored_wrapper_args = (False, {'connection': <DatabaseWrapper vendor='postgresql' alias='__no_db__'>, 'cursor': <django.db.backends.utils.CursorWrapper object at 0x000001E2B5E2BBF0>})

    def _execute(self, sql, params, *ignored_wrapper_args):
        # Raise a warning during app initialization (stored_app_configs is only
        # ever set during testing).
        if not apps.ready and not apps.stored_app_configs:
            warnings.warn(self.APPS_NOT_READY_WARNING_MSG, category=RuntimeWarning)
        self.db.validate_no_broken_transaction()
        with self.db.wrap_database_errors:
            if params is None:
                # params default might be backend specific.
>               return self.cursor.execute(sql)
                       ^^^^^^^^^^^^^^^^^^^^^^^^
E               django.db.utils.ProgrammingError: ERREUR:  droit refusÚ pour crÚer une base de donnÚes

..\..\..\AppData\Local\Programs\Python\Python313\Lib\site-packages\django\db\backends\utils.py:103: ProgrammingError

During handling of the above exception, another exception occurred:

request = <SubRequest 'django_db_setup' for <Function test_login_mauvais_mot_de_passe>>
django_test_environment = None
django_db_blocker = <pytest_django.plugin.DjangoDbBlocker object at 0x000001E2B29934D0>
django_db_use_migrations = True, django_db_keepdb = False
django_db_createdb = False, django_db_modify_db_settings = None

    @pytest.fixture(scope="session")
    def django_db_setup(
        request: pytest.FixtureRequest,
        django_test_environment: None,  # noqa: ARG001
        django_db_blocker: DjangoDbBlocker,
        django_db_use_migrations: bool,
        django_db_keepdb: bool,
        django_db_createdb: bool,
        django_db_modify_db_settings: None,  # noqa: ARG001
    ) -> Generator[None, None, None]:
        """Top level fixture to ensure test databases are available"""
        from django.test.utils import setup_databases, teardown_databases
    
        setup_databases_args = {}
    
        if not django_db_use_migrations:
            _disable_migrations()
    
        if django_db_keepdb and not django_db_createdb:
            setup_databases_args["keepdb"] = True
    
        aliases, serialized_aliases = _get_databases_for_setup(request.session.items)
    
        with django_db_blocker.unblock():
>           db_cfg = setup_databases(
                verbosity=request.config.option.verbose,
                interactive=False,
                aliases=aliases,
                serialized_aliases=serialized_aliases,
                **setup_databases_args,
            )

..\..\..\AppData\Local\Programs\Python\Python313\Lib\site-packages\pytest_django\fixtures.py:186: 
_ _ _ _ _ _ _ _ _ _ _ _ _ _ _ _ _ _ _ _ _ _ _ _ _ _ _ _ _ _ _ _ _ _ _ _ _ _ _ _

verbosity = 1, interactive = False
time_keeper = <django.test.utils.NullTimeKeeper object at 0x000001E2B5E17820>
keepdb = False, debug_sql = False, parallel = 0, aliases = ['default']
serialized_aliases = set(), kwargs = {}
test_databases = {('127.0.0.1', '5432', 'django.db.backends.postgresql', 'test_bougie_db'): ('bougie_db', ['default'])}

    def setup_databases(
        verbosity,
        interactive,
        *,
        time_keeper=None,
        keepdb=False,
        debug_sql=False,
        parallel=0,
        aliases=None,
        serialized_aliases=None,
        **kwargs,
    ):
        """Create the test databases."""
        if time_keeper is None:
            time_keeper = NullTimeKeeper()
    
        test_databases, mirrored_aliases = get_unique_databases_and_mirrors(aliases)
    
        old_names = []
        serialize_connections = []
    
        for db_name, aliases in test_databases.values():
            first_alias = None
            for alias in aliases:
                connection = connections[alias]
                old_names.append((connection, db_name, first_alias is None))
    
                # Actually create the database for the first connection
                if first_alias is None:
                    first_alias = alias
                    with time_keeper.timed("  Creating '%s'" % alias):
>                       connection.creation.create_test_db(
                            verbosity=verbosity,
                            autoclobber=not interactive,
                            keepdb=keepdb,
                        )

..\..\..\AppData\Local\Programs\Python\Python313\Lib\site-packages\django\test\utils.py:207: 
_ _ _ _ _ _ _ _ _ _ _ _ _ _ _ _ _ _ _ _ _ _ _ _ _ _ _ _ _ _ _ _ _ _ _ _ _ _ _ _

self = <django.db.backends.postgresql.creation.DatabaseCreation object at 0x000001E2B5727A10>
verbosity = 1, autoclobber = True, serialize = None, keepdb = False

    def create_test_db(
        self, verbosity=1, autoclobber=False, serialize=None, keepdb=False
    ):
        """
        Create a test database, prompting the user for confirmation if the
        database already exists. Return the name of the test database created.
        """
        # Don't import django.core.management if it isn't needed.
        from django.core.management import call_command
    
        test_database_name = self._get_test_db_name()
    
        if verbosity >= 1:
            action = "Creating"
            if keepdb:
                action = "Using existing"
    
            self.log(
                "%s test database for alias %s..."
                % (
                    action,
                    self._get_database_display_str(verbosity, test_database_name),
                )
            )
    
        # We could skip this call if keepdb is True, but we instead
        # give it the keepdb param. This is to handle the case
        # where the test DB doesn't exist, in which case we need to
        # create it, then just not destroy it. If we instead skip
        # this, we will get an exception.
>       self._create_test_db(verbosity, autoclobber, keepdb)

..\..\..\AppData\Local\Programs\Python\Python313\Lib\site-packages\django\db\backends\base\creation.py:69: 
_ _ _ _ _ _ _ _ _ _ _ _ _ _ _ _ _ _ _ _ _ _ _ _ _ _ _ _ _ _ _ _ _ _ _ _ _ _ _ _

self = <django.db.backends.postgresql.creation.DatabaseCreation object at 0x000001E2B5727A10>
verbosity = 1, autoclobber = True, keepdb = False

    def _create_test_db(self, verbosity, autoclobber, keepdb=False):
        """
        Internal implementation - create the test db tables.
        """
        test_database_name = self._get_test_db_name()
        test_db_params = {
            "dbname": self.connection.ops.quote_name(test_database_name),
            "suffix": self.sql_table_creation_suffix(),
        }
        # Create the test database and connect to it.
        with self._nodb_cursor() as cursor:
            try:
>               self._execute_create_test_db(cursor, test_db_params, keepdb)

..\..\..\AppData\Local\Programs\Python\Python313\Lib\site-packages\django\db\backends\base\creation.py:223: 
_ _ _ _ _ _ _ _ _ _ _ _ _ _ _ _ _ _ _ _ _ _ _ _ _ _ _ _ _ _ _ _ _ _ _ _ _ _ _ _

self = <django.db.backends.postgresql.creation.DatabaseCreation object at 0x000001E2B5727A10>
cursor = <django.db.backends.utils.CursorWrapper object at 0x000001E2B5E2BBF0>
parameters = {'dbname': '"test_bougie_db"', 'suffix': ''}, keepdb = False

    def _execute_create_test_db(self, cursor, parameters, keepdb=False):
        try:
            if keepdb and self._database_exists(cursor, parameters["dbname"]):
                # If the database should be kept and it already exists, don't
                # try to create a new one.
                return
            super()._execute_create_test_db(cursor, parameters, keepdb)
        except Exception as e:
            if not isinstance(e.__cause__, errors.DuplicateDatabase):
                # All errors except "database already exists" cancel tests.
                self.log("Got an error creating the test database: %s" % e)
>               sys.exit(2)
E               SystemExit: 2

..\..\..\AppData\Local\Programs\Python\Python313\Lib\site-packages\django\db\backends\postgresql\creation.py:51: SystemExit
---------------------------- Captured stderr setup ----------------------------
Creating test database for alias 'default'...

Got an error creating the test database: ERREUR:  droit refusÚ pour crÚer une base de donnÚes


___________ ERROR at setup of TestLogin.test_login_email_inexistant ___________

self = <django.db.backends.utils.CursorWrapper object at 0x000001E2B5F51260>
sql = 'CREATE DATABASE "test_bougie_db" ', params = None
ignored_wrapper_args = (False, {'connection': <DatabaseWrapper vendor='postgresql' alias='__no_db__'>, 'cursor': <django.db.backends.utils.CursorWrapper object at 0x000001E2B5F51260>})

    def _execute(self, sql, params, *ignored_wrapper_args):
        # Raise a warning during app initialization (stored_app_configs is only
        # ever set during testing).
        if not apps.ready and not apps.stored_app_configs:
            warnings.warn(self.APPS_NOT_READY_WARNING_MSG, category=RuntimeWarning)
        self.db.validate_no_broken_transaction()
        with self.db.wrap_database_errors:
            if params is None:
                # params default might be backend specific.
>               return self.cursor.execute(sql)
                       ^^^^^^^^^^^^^^^^^^^^^^^^
E               psycopg2.errors.InsufficientPrivilege: ERREUR:  droit refusÚ pour crÚer une base de donnÚes

..\..\..\AppData\Local\Programs\Python\Python313\Lib\site-packages\django\db\backends\utils.py:103: InsufficientPrivilege

The above exception was the direct cause of the following exception:

self = <django.db.backends.postgresql.creation.DatabaseCreation object at 0x000001E2B5727A10>
cursor = <django.db.backends.utils.CursorWrapper object at 0x000001E2B5F51260>
parameters = {'dbname': '"test_bougie_db"', 'suffix': ''}, keepdb = False

    def _execute_create_test_db(self, cursor, parameters, keepdb=False):
        try:
            if keepdb and self._database_exists(cursor, parameters["dbname"]):
                # If the database should be kept and it already exists, don't
                # try to create a new one.
                return
>           super()._execute_create_test_db(cursor, parameters, keepdb)

..\..\..\AppData\Local\Programs\Python\Python313\Lib\site-packages\django\db\backends\postgresql\creation.py:46: 
_ _ _ _ _ _ _ _ _ _ _ _ _ _ _ _ _ _ _ _ _ _ _ _ _ _ _ _ _ _ _ _ _ _ _ _ _ _ _ _

self = <django.db.backends.postgresql.creation.DatabaseCreation object at 0x000001E2B5727A10>
cursor = <django.db.backends.utils.CursorWrapper object at 0x000001E2B5F51260>
parameters = {'dbname': '"test_bougie_db"', 'suffix': ''}, keepdb = False

    def _execute_create_test_db(self, cursor, parameters, keepdb=False):
>       cursor.execute("CREATE DATABASE %(dbname)s %(suffix)s" % parameters)

..\..\..\AppData\Local\Programs\Python\Python313\Lib\site-packages\django\db\backends\base\creation.py:209: 
_ _ _ _ _ _ _ _ _ _ _ _ _ _ _ _ _ _ _ _ _ _ _ _ _ _ _ _ _ _ _ _ _ _ _ _ _ _ _ _

self = <django.db.backends.utils.CursorWrapper object at 0x000001E2B5F51260>
sql = 'CREATE DATABASE "test_bougie_db" ', params = None

    def execute(self, sql, params=None):
>       return self._execute_with_wrappers(
            sql, params, many=False, executor=self._execute
        )

..\..\..\AppData\Local\Programs\Python\Python313\Lib\site-packages\django\db\backends\utils.py:79: 
_ _ _ _ _ _ _ _ _ _ _ _ _ _ _ _ _ _ _ _ _ _ _ _ _ _ _ _ _ _ _ _ _ _ _ _ _ _ _ _

self = <django.db.backends.utils.CursorWrapper object at 0x000001E2B5F51260>
sql = 'CREATE DATABASE "test_bougie_db" ', params = None, many = False
executor = <bound method CursorWrapper._execute of <django.db.backends.utils.CursorWrapper object at 0x000001E2B5F51260>>

    def _execute_with_wrappers(self, sql, params, many, executor):
        context = {"connection": self.db, "cursor": self}
        for wrapper in reversed(self.db.execute_wrappers):
            executor = functools.partial(wrapper, executor)
>       return executor(sql, params, many, context)
               ^^^^^^^^^^^^^^^^^^^^^^^^^^^^^^^^^^^^

..\..\..\AppData\Local\Programs\Python\Python313\Lib\site-packages\django\db\backends\utils.py:92: 
_ _ _ _ _ _ _ _ _ _ _ _ _ _ _ _ _ _ _ _ _ _ _ _ _ _ _ _ _ _ _ _ _ _ _ _ _ _ _ _

self = <django.db.backends.utils.CursorWrapper object at 0x000001E2B5F51260>
sql = 'CREATE DATABASE "test_bougie_db" ', params = None
ignored_wrapper_args = (False, {'connection': <DatabaseWrapper vendor='postgresql' alias='__no_db__'>, 'cursor': <django.db.backends.utils.CursorWrapper object at 0x000001E2B5F51260>})

    def _execute(self, sql, params, *ignored_wrapper_args):
        # Raise a warning during app initialization (stored_app_configs is only
        # ever set during testing).
        if not apps.ready and not apps.stored_app_configs:
            warnings.warn(self.APPS_NOT_READY_WARNING_MSG, category=RuntimeWarning)
        self.db.validate_no_broken_transaction()
>       with self.db.wrap_database_errors:
             ^^^^^^^^^^^^^^^^^^^^^^^^^^^^

..\..\..\AppData\Local\Programs\Python\Python313\Lib\site-packages\django\db\backends\utils.py:100: 
_ _ _ _ _ _ _ _ _ _ _ _ _ _ _ _ _ _ _ _ _ _ _ _ _ _ _ _ _ _ _ _ _ _ _ _ _ _ _ _

self = <django.db.utils.DatabaseErrorWrapper object at 0x000001E2B5F7C170>
exc_type = <class 'psycopg2.errors.InsufficientPrivilege'>
exc_value = InsufficientPrivilege('ERREUR:  droit refusÚ pour crÚer une base de donnÚes\n')
traceback = <traceback object at 0x000001E2B729AB00>

    def __exit__(self, exc_type, exc_value, traceback):
        if exc_type is None:
            return
        for dj_exc_type in (
            DataError,
            OperationalError,
            IntegrityError,
            InternalError,
            ProgrammingError,
            NotSupportedError,
            DatabaseError,
            InterfaceError,
            Error,
        ):
            db_exc_type = getattr(self.wrapper.Database, dj_exc_type.__name__)
            if issubclass(exc_type, db_exc_type):
                dj_exc_value = dj_exc_type(*exc_value.args)
                # Only set the 'errors_occurred' flag for errors that may make
                # the connection unusable.
                if dj_exc_type not in (DataError, IntegrityError):
                    self.wrapper.errors_occurred = True
>               raise dj_exc_value.with_traceback(traceback) from exc_value

..\..\..\AppData\Local\Programs\Python\Python313\Lib\site-packages\django\db\utils.py:94: 
_ _ _ _ _ _ _ _ _ _ _ _ _ _ _ _ _ _ _ _ _ _ _ _ _ _ _ _ _ _ _ _ _ _ _ _ _ _ _ _

self = <django.db.backends.utils.CursorWrapper object at 0x000001E2B5F51260>
sql = 'CREATE DATABASE "test_bougie_db" ', params = None
ignored_wrapper_args = (False, {'connection': <DatabaseWrapper vendor='postgresql' alias='__no_db__'>, 'cursor': <django.db.backends.utils.CursorWrapper object at 0x000001E2B5F51260>})

    def _execute(self, sql, params, *ignored_wrapper_args):
        # Raise a warning during app initialization (stored_app_configs is only
        # ever set during testing).
        if not apps.ready and not apps.stored_app_configs:
            warnings.warn(self.APPS_NOT_READY_WARNING_MSG, category=RuntimeWarning)
        self.db.validate_no_broken_transaction()
        with self.db.wrap_database_errors:
            if params is None:
                # params default might be backend specific.
>               return self.cursor.execute(sql)
                       ^^^^^^^^^^^^^^^^^^^^^^^^
E               django.db.utils.ProgrammingError: ERREUR:  droit refusÚ pour crÚer une base de donnÚes

..\..\..\AppData\Local\Programs\Python\Python313\Lib\site-packages\django\db\backends\utils.py:103: ProgrammingError

During handling of the above exception, another exception occurred:

request = <SubRequest 'django_db_setup' for <Function test_login_email_inexistant>>
django_test_environment = None
django_db_blocker = <pytest_django.plugin.DjangoDbBlocker object at 0x000001E2B29934D0>
django_db_use_migrations = True, django_db_keepdb = False
django_db_createdb = False, django_db_modify_db_settings = None

    @pytest.fixture(scope="session")
    def django_db_setup(
        request: pytest.FixtureRequest,
        django_test_environment: None,  # noqa: ARG001
        django_db_blocker: DjangoDbBlocker,
        django_db_use_migrations: bool,
        django_db_keepdb: bool,
        django_db_createdb: bool,
        django_db_modify_db_settings: None,  # noqa: ARG001
    ) -> Generator[None, None, None]:
        """Top level fixture to ensure test databases are available"""
        from django.test.utils import setup_databases, teardown_databases
    
        setup_databases_args = {}
    
        if not django_db_use_migrations:
            _disable_migrations()
    
        if django_db_keepdb and not django_db_createdb:
            setup_databases_args["keepdb"] = True
    
        aliases, serialized_aliases = _get_databases_for_setup(request.session.items)
    
        with django_db_blocker.unblock():
>           db_cfg = setup_databases(
                verbosity=request.config.option.verbose,
                interactive=False,
                aliases=aliases,
                serialized_aliases=serialized_aliases,
                **setup_databases_args,
            )

..\..\..\AppData\Local\Programs\Python\Python313\Lib\site-packages\pytest_django\fixtures.py:186: 
_ _ _ _ _ _ _ _ _ _ _ _ _ _ _ _ _ _ _ _ _ _ _ _ _ _ _ _ _ _ _ _ _ _ _ _ _ _ _ _

verbosity = 1, interactive = False
time_keeper = <django.test.utils.NullTimeKeeper object at 0x000001E2B5F7C050>
keepdb = False, debug_sql = False, parallel = 0, aliases = ['default']
serialized_aliases = set(), kwargs = {}
test_databases = {('127.0.0.1', '5432', 'django.db.backends.postgresql', 'test_bougie_db'): ('bougie_db', ['default'])}

    def setup_databases(
        verbosity,
        interactive,
        *,
        time_keeper=None,
        keepdb=False,
        debug_sql=False,
        parallel=0,
        aliases=None,
        serialized_aliases=None,
        **kwargs,
    ):
        """Create the test databases."""
        if time_keeper is None:
            time_keeper = NullTimeKeeper()
    
        test_databases, mirrored_aliases = get_unique_databases_and_mirrors(aliases)
    
        old_names = []
        serialize_connections = []
    
        for db_name, aliases in test_databases.values():
            first_alias = None
            for alias in aliases:
                connection = connections[alias]
                old_names.append((connection, db_name, first_alias is None))
    
                # Actually create the database for the first connection
                if first_alias is None:
                    first_alias = alias
                    with time_keeper.timed("  Creating '%s'" % alias):
>                       connection.creation.create_test_db(
                            verbosity=verbosity,
                            autoclobber=not interactive,
                            keepdb=keepdb,
                        )

..\..\..\AppData\Local\Programs\Python\Python313\Lib\site-packages\django\test\utils.py:207: 
_ _ _ _ _ _ _ _ _ _ _ _ _ _ _ _ _ _ _ _ _ _ _ _ _ _ _ _ _ _ _ _ _ _ _ _ _ _ _ _

self = <django.db.backends.postgresql.creation.DatabaseCreation object at 0x000001E2B5727A10>
verbosity = 1, autoclobber = True, serialize = None, keepdb = False

    def create_test_db(
        self, verbosity=1, autoclobber=False, serialize=None, keepdb=False
    ):
        """
        Create a test database, prompting the user for confirmation if the
        database already exists. Return the name of the test database created.
        """
        # Don't import django.core.management if it isn't needed.
        from django.core.management import call_command
    
        test_database_name = self._get_test_db_name()
    
        if verbosity >= 1:
            action = "Creating"
            if keepdb:
                action = "Using existing"
    
            self.log(
                "%s test database for alias %s..."
                % (
                    action,
                    self._get_database_display_str(verbosity, test_database_name),
                )
            )
    
        # We could skip this call if keepdb is True, but we instead
        # give it the keepdb param. This is to handle the case
        # where the test DB doesn't exist, in which case we need to
        # create it, then just not destroy it. If we instead skip
        # this, we will get an exception.
>       self._create_test_db(verbosity, autoclobber, keepdb)

..\..\..\AppData\Local\Programs\Python\Python313\Lib\site-packages\django\db\backends\base\creation.py:69: 
_ _ _ _ _ _ _ _ _ _ _ _ _ _ _ _ _ _ _ _ _ _ _ _ _ _ _ _ _ _ _ _ _ _ _ _ _ _ _ _

self = <django.db.backends.postgresql.creation.DatabaseCreation object at 0x000001E2B5727A10>
verbosity = 1, autoclobber = True, keepdb = False

    def _create_test_db(self, verbosity, autoclobber, keepdb=False):
        """
        Internal implementation - create the test db tables.
        """
        test_database_name = self._get_test_db_name()
        test_db_params = {
            "dbname": self.connection.ops.quote_name(test_database_name),
            "suffix": self.sql_table_creation_suffix(),
        }
        # Create the test database and connect to it.
        with self._nodb_cursor() as cursor:
            try:
>               self._execute_create_test_db(cursor, test_db_params, keepdb)

..\..\..\AppData\Local\Programs\Python\Python313\Lib\site-packages\django\db\backends\base\creation.py:223: 
_ _ _ _ _ _ _ _ _ _ _ _ _ _ _ _ _ _ _ _ _ _ _ _ _ _ _ _ _ _ _ _ _ _ _ _ _ _ _ _

self = <django.db.backends.postgresql.creation.DatabaseCreation object at 0x000001E2B5727A10>
cursor = <django.db.backends.utils.CursorWrapper object at 0x000001E2B5F51260>
parameters = {'dbname': '"test_bougie_db"', 'suffix': ''}, keepdb = False

    def _execute_create_test_db(self, cursor, parameters, keepdb=False):
        try:
            if keepdb and self._database_exists(cursor, parameters["dbname"]):
                # If the database should be kept and it already exists, don't
                # try to create a new one.
                return
            super()._execute_create_test_db(cursor, parameters, keepdb)
        except Exception as e:
            if not isinstance(e.__cause__, errors.DuplicateDatabase):
                # All errors except "database already exists" cancel tests.
                self.log("Got an error creating the test database: %s" % e)
>               sys.exit(2)
E               SystemExit: 2

..\..\..\AppData\Local\Programs\Python\Python313\Lib\site-packages\django\db\backends\postgresql\creation.py:51: SystemExit
---------------------------- Captured stderr setup ----------------------------
Creating test database for alias 'default'...

Got an error creating the test database: ERREUR:  droit refusÚ pour crÚer une base de donnÚes


____________ ERROR at setup of TestLogin.test_login_compte_inactif ____________

self = <django.db.backends.utils.CursorWrapper object at 0x000001E2B5F51E10>
sql = 'CREATE DATABASE "test_bougie_db" ', params = None
ignored_wrapper_args = (False, {'connection': <DatabaseWrapper vendor='postgresql' alias='__no_db__'>, 'cursor': <django.db.backends.utils.CursorWrapper object at 0x000001E2B5F51E10>})

    def _execute(self, sql, params, *ignored_wrapper_args):
        # Raise a warning during app initialization (stored_app_configs is only
        # ever set during testing).
        if not apps.ready and not apps.stored_app_configs:
            warnings.warn(self.APPS_NOT_READY_WARNING_MSG, category=RuntimeWarning)
        self.db.validate_no_broken_transaction()
        with self.db.wrap_database_errors:
            if params is None:
                # params default might be backend specific.
>               return self.cursor.execute(sql)
                       ^^^^^^^^^^^^^^^^^^^^^^^^
E               psycopg2.errors.InsufficientPrivilege: ERREUR:  droit refusÚ pour crÚer une base de donnÚes

..\..\..\AppData\Local\Programs\Python\Python313\Lib\site-packages\django\db\backends\utils.py:103: InsufficientPrivilege

The above exception was the direct cause of the following exception:

self = <django.db.backends.postgresql.creation.DatabaseCreation object at 0x000001E2B5727A10>
cursor = <django.db.backends.utils.CursorWrapper object at 0x000001E2B5F51E10>
parameters = {'dbname': '"test_bougie_db"', 'suffix': ''}, keepdb = False

    def _execute_create_test_db(self, cursor, parameters, keepdb=False):
        try:
            if keepdb and self._database_exists(cursor, parameters["dbname"]):
                # If the database should be kept and it already exists, don't
                # try to create a new one.
                return
>           super()._execute_create_test_db(cursor, parameters, keepdb)

..\..\..\AppData\Local\Programs\Python\Python313\Lib\site-packages\django\db\backends\postgresql\creation.py:46: 
_ _ _ _ _ _ _ _ _ _ _ _ _ _ _ _ _ _ _ _ _ _ _ _ _ _ _ _ _ _ _ _ _ _ _ _ _ _ _ _

self = <django.db.backends.postgresql.creation.DatabaseCreation object at 0x000001E2B5727A10>
cursor = <django.db.backends.utils.CursorWrapper object at 0x000001E2B5F51E10>
parameters = {'dbname': '"test_bougie_db"', 'suffix': ''}, keepdb = False

    def _execute_create_test_db(self, cursor, parameters, keepdb=False):
>       cursor.execute("CREATE DATABASE %(dbname)s %(suffix)s" % parameters)

..\..\..\AppData\Local\Programs\Python\Python313\Lib\site-packages\django\db\backends\base\creation.py:209: 
_ _ _ _ _ _ _ _ _ _ _ _ _ _ _ _ _ _ _ _ _ _ _ _ _ _ _ _ _ _ _ _ _ _ _ _ _ _ _ _

self = <django.db.backends.utils.CursorWrapper object at 0x000001E2B5F51E10>
sql = 'CREATE DATABASE "test_bougie_db" ', params = None

    def execute(self, sql, params=None):
>       return self._execute_with_wrappers(
            sql, params, many=False, executor=self._execute
        )

..\..\..\AppData\Local\Programs\Python\Python313\Lib\site-packages\django\db\backends\utils.py:79: 
_ _ _ _ _ _ _ _ _ _ _ _ _ _ _ _ _ _ _ _ _ _ _ _ _ _ _ _ _ _ _ _ _ _ _ _ _ _ _ _

self = <django.db.backends.utils.CursorWrapper object at 0x000001E2B5F51E10>
sql = 'CREATE DATABASE "test_bougie_db" ', params = None, many = False
executor = <bound method CursorWrapper._execute of <django.db.backends.utils.CursorWrapper object at 0x000001E2B5F51E10>>

    def _execute_with_wrappers(self, sql, params, many, executor):
        context = {"connection": self.db, "cursor": self}
        for wrapper in reversed(self.db.execute_wrappers):
            executor = functools.partial(wrapper, executor)
>       return executor(sql, params, many, context)
               ^^^^^^^^^^^^^^^^^^^^^^^^^^^^^^^^^^^^

..\..\..\AppData\Local\Programs\Python\Python313\Lib\site-packages\django\db\backends\utils.py:92: 
_ _ _ _ _ _ _ _ _ _ _ _ _ _ _ _ _ _ _ _ _ _ _ _ _ _ _ _ _ _ _ _ _ _ _ _ _ _ _ _

self = <django.db.backends.utils.CursorWrapper object at 0x000001E2B5F51E10>
sql = 'CREATE DATABASE "test_bougie_db" ', params = None
ignored_wrapper_args = (False, {'connection': <DatabaseWrapper vendor='postgresql' alias='__no_db__'>, 'cursor': <django.db.backends.utils.CursorWrapper object at 0x000001E2B5F51E10>})

    def _execute(self, sql, params, *ignored_wrapper_args):
        # Raise a warning during app initialization (stored_app_configs is only
        # ever set during testing).
        if not apps.ready and not apps.stored_app_configs:
            warnings.warn(self.APPS_NOT_READY_WARNING_MSG, category=RuntimeWarning)
        self.db.validate_no_broken_transaction()
>       with self.db.wrap_database_errors:
             ^^^^^^^^^^^^^^^^^^^^^^^^^^^^

..\..\..\AppData\Local\Programs\Python\Python313\Lib\site-packages\django\db\backends\utils.py:100: 
_ _ _ _ _ _ _ _ _ _ _ _ _ _ _ _ _ _ _ _ _ _ _ _ _ _ _ _ _ _ _ _ _ _ _ _ _ _ _ _

self = <django.db.utils.DatabaseErrorWrapper object at 0x000001E2B5F51BF0>
exc_type = <class 'psycopg2.errors.InsufficientPrivilege'>
exc_value = InsufficientPrivilege('ERREUR:  droit refusÚ pour crÚer une base de donnÚes\n')
traceback = <traceback object at 0x000001E2B7384DC0>

    def __exit__(self, exc_type, exc_value, traceback):
        if exc_type is None:
            return
        for dj_exc_type in (
            DataError,
            OperationalError,
            IntegrityError,
            InternalError,
            ProgrammingError,
            NotSupportedError,
            DatabaseError,
            InterfaceError,
            Error,
        ):
            db_exc_type = getattr(self.wrapper.Database, dj_exc_type.__name__)
            if issubclass(exc_type, db_exc_type):
                dj_exc_value = dj_exc_type(*exc_value.args)
                # Only set the 'errors_occurred' flag for errors that may make
                # the connection unusable.
                if dj_exc_type not in (DataError, IntegrityError):
                    self.wrapper.errors_occurred = True
>               raise dj_exc_value.with_traceback(traceback) from exc_value

..\..\..\AppData\Local\Programs\Python\Python313\Lib\site-packages\django\db\utils.py:94: 
_ _ _ _ _ _ _ _ _ _ _ _ _ _ _ _ _ _ _ _ _ _ _ _ _ _ _ _ _ _ _ _ _ _ _ _ _ _ _ _

self = <django.db.backends.utils.CursorWrapper object at 0x000001E2B5F51E10>
sql = 'CREATE DATABASE "test_bougie_db" ', params = None
ignored_wrapper_args = (False, {'connection': <DatabaseWrapper vendor='postgresql' alias='__no_db__'>, 'cursor': <django.db.backends.utils.CursorWrapper object at 0x000001E2B5F51E10>})

    def _execute(self, sql, params, *ignored_wrapper_args):
        # Raise a warning during app initialization (stored_app_configs is only
        # ever set during testing).
        if not apps.ready and not apps.stored_app_configs:
            warnings.warn(self.APPS_NOT_READY_WARNING_MSG, category=RuntimeWarning)
        self.db.validate_no_broken_transaction()
        with self.db.wrap_database_errors:
            if params is None:
                # params default might be backend specific.
>               return self.cursor.execute(sql)
                       ^^^^^^^^^^^^^^^^^^^^^^^^
E               django.db.utils.ProgrammingError: ERREUR:  droit refusÚ pour crÚer une base de donnÚes

..\..\..\AppData\Local\Programs\Python\Python313\Lib\site-packages\django\db\backends\utils.py:103: ProgrammingError

During handling of the above exception, another exception occurred:

request = <SubRequest 'django_db_setup' for <Function test_login_compte_inactif>>
django_test_environment = None
django_db_blocker = <pytest_django.plugin.DjangoDbBlocker object at 0x000001E2B29934D0>
django_db_use_migrations = True, django_db_keepdb = False
django_db_createdb = False, django_db_modify_db_settings = None

    @pytest.fixture(scope="session")
    def django_db_setup(
        request: pytest.FixtureRequest,
        django_test_environment: None,  # noqa: ARG001
        django_db_blocker: DjangoDbBlocker,
        django_db_use_migrations: bool,
        django_db_keepdb: bool,
        django_db_createdb: bool,
        django_db_modify_db_settings: None,  # noqa: ARG001
    ) -> Generator[None, None, None]:
        """Top level fixture to ensure test databases are available"""
        from django.test.utils import setup_databases, teardown_databases
    
        setup_databases_args = {}
    
        if not django_db_use_migrations:
            _disable_migrations()
    
        if django_db_keepdb and not django_db_createdb:
            setup_databases_args["keepdb"] = True
    
        aliases, serialized_aliases = _get_databases_for_setup(request.session.items)
    
        with django_db_blocker.unblock():
>           db_cfg = setup_databases(
                verbosity=request.config.option.verbose,
                interactive=False,
                aliases=aliases,
                serialized_aliases=serialized_aliases,
                **setup_databases_args,
            )

..\..\..\AppData\Local\Programs\Python\Python313\Lib\site-packages\pytest_django\fixtures.py:186: 
_ _ _ _ _ _ _ _ _ _ _ _ _ _ _ _ _ _ _ _ _ _ _ _ _ _ _ _ _ _ _ _ _ _ _ _ _ _ _ _

verbosity = 1, interactive = False
time_keeper = <django.test.utils.NullTimeKeeper object at 0x000001E2B5F51370>
keepdb = False, debug_sql = False, parallel = 0, aliases = ['default']
serialized_aliases = set(), kwargs = {}
test_databases = {('127.0.0.1', '5432', 'django.db.backends.postgresql', 'test_bougie_db'): ('bougie_db', ['default'])}

    def setup_databases(
        verbosity,
        interactive,
        *,
        time_keeper=None,
        keepdb=False,
        debug_sql=False,
        parallel=0,
        aliases=None,
        serialized_aliases=None,
        **kwargs,
    ):
        """Create the test databases."""
        if time_keeper is None:
            time_keeper = NullTimeKeeper()
    
        test_databases, mirrored_aliases = get_unique_databases_and_mirrors(aliases)
    
        old_names = []
        serialize_connections = []
    
        for db_name, aliases in test_databases.values():
            first_alias = None
            for alias in aliases:
                connection = connections[alias]
                old_names.append((connection, db_name, first_alias is None))
    
                # Actually create the database for the first connection
                if first_alias is None:
                    first_alias = alias
                    with time_keeper.timed("  Creating '%s'" % alias):
>                       connection.creation.create_test_db(
                            verbosity=verbosity,
                            autoclobber=not interactive,
                            keepdb=keepdb,
                        )

..\..\..\AppData\Local\Programs\Python\Python313\Lib\site-packages\django\test\utils.py:207: 
_ _ _ _ _ _ _ _ _ _ _ _ _ _ _ _ _ _ _ _ _ _ _ _ _ _ _ _ _ _ _ _ _ _ _ _ _ _ _ _

self = <django.db.backends.postgresql.creation.DatabaseCreation object at 0x000001E2B5727A10>
verbosity = 1, autoclobber = True, serialize = None, keepdb = False

    def create_test_db(
        self, verbosity=1, autoclobber=False, serialize=None, keepdb=False
    ):
        """
        Create a test database, prompting the user for confirmation if the
        database already exists. Return the name of the test database created.
        """
        # Don't import django.core.management if it isn't needed.
        from django.core.management import call_command
    
        test_database_name = self._get_test_db_name()
    
        if verbosity >= 1:
            action = "Creating"
            if keepdb:
                action = "Using existing"
    
            self.log(
                "%s test database for alias %s..."
                % (
                    action,
                    self._get_database_display_str(verbosity, test_database_name),
                )
            )
    
        # We could skip this call if keepdb is True, but we instead
        # give it the keepdb param. This is to handle the case
        # where the test DB doesn't exist, in which case we need to
        # create it, then just not destroy it. If we instead skip
        # this, we will get an exception.
>       self._create_test_db(verbosity, autoclobber, keepdb)

..\..\..\AppData\Local\Programs\Python\Python313\Lib\site-packages\django\db\backends\base\creation.py:69: 
_ _ _ _ _ _ _ _ _ _ _ _ _ _ _ _ _ _ _ _ _ _ _ _ _ _ _ _ _ _ _ _ _ _ _ _ _ _ _ _

self = <django.db.backends.postgresql.creation.DatabaseCreation object at 0x000001E2B5727A10>
verbosity = 1, autoclobber = True, keepdb = False

    def _create_test_db(self, verbosity, autoclobber, keepdb=False):
        """
        Internal implementation - create the test db tables.
        """
        test_database_name = self._get_test_db_name()
        test_db_params = {
            "dbname": self.connection.ops.quote_name(test_database_name),
            "suffix": self.sql_table_creation_suffix(),
        }
        # Create the test database and connect to it.
        with self._nodb_cursor() as cursor:
            try:
>               self._execute_create_test_db(cursor, test_db_params, keepdb)

..\..\..\AppData\Local\Programs\Python\Python313\Lib\site-packages\django\db\backends\base\creation.py:223: 
_ _ _ _ _ _ _ _ _ _ _ _ _ _ _ _ _ _ _ _ _ _ _ _ _ _ _ _ _ _ _ _ _ _ _ _ _ _ _ _

self = <django.db.backends.postgresql.creation.DatabaseCreation object at 0x000001E2B5727A10>
cursor = <django.db.backends.utils.CursorWrapper object at 0x000001E2B5F51E10>
parameters = {'dbname': '"test_bougie_db"', 'suffix': ''}, keepdb = False

    def _execute_create_test_db(self, cursor, parameters, keepdb=False):
        try:
            if keepdb and self._database_exists(cursor, parameters["dbname"]):
                # If the database should be kept and it already exists, don't
                # try to create a new one.
                return
            super()._execute_create_test_db(cursor, parameters, keepdb)
        except Exception as e:
            if not isinstance(e.__cause__, errors.DuplicateDatabase):
                # All errors except "database already exists" cancel tests.
                self.log("Got an error creating the test database: %s" % e)
>               sys.exit(2)
E               SystemExit: 2

..\..\..\AppData\Local\Programs\Python\Python313\Lib\site-packages\django\db\backends\postgresql\creation.py:51: SystemExit
---------------------------- Captured stderr setup ----------------------------
Creating test database for alias 'default'...

Got an error creating the test database: ERREUR:  droit refusÚ pour crÚer une base de donnÚes


____________ ERROR at setup of TestProfile.test_profil_authentifie ____________

self = <django.db.backends.utils.CursorWrapper object at 0x000001E2B5F5CB50>
sql = 'CREATE DATABASE "test_bougie_db" ', params = None
ignored_wrapper_args = (False, {'connection': <DatabaseWrapper vendor='postgresql' alias='__no_db__'>, 'cursor': <django.db.backends.utils.CursorWrapper object at 0x000001E2B5F5CB50>})

    def _execute(self, sql, params, *ignored_wrapper_args):
        # Raise a warning during app initialization (stored_app_configs is only
        # ever set during testing).
        if not apps.ready and not apps.stored_app_configs:
            warnings.warn(self.APPS_NOT_READY_WARNING_MSG, category=RuntimeWarning)
        self.db.validate_no_broken_transaction()
        with self.db.wrap_database_errors:
            if params is None:
                # params default might be backend specific.
>               return self.cursor.execute(sql)
                       ^^^^^^^^^^^^^^^^^^^^^^^^
E               psycopg2.errors.InsufficientPrivilege: ERREUR:  droit refusÚ pour crÚer une base de donnÚes

..\..\..\AppData\Local\Programs\Python\Python313\Lib\site-packages\django\db\backends\utils.py:103: InsufficientPrivilege

The above exception was the direct cause of the following exception:

self = <django.db.backends.postgresql.creation.DatabaseCreation object at 0x000001E2B5727A10>
cursor = <django.db.backends.utils.CursorWrapper object at 0x000001E2B5F5CB50>
parameters = {'dbname': '"test_bougie_db"', 'suffix': ''}, keepdb = False

    def _execute_create_test_db(self, cursor, parameters, keepdb=False):
        try:
            if keepdb and self._database_exists(cursor, parameters["dbname"]):
                # If the database should be kept and it already exists, don't
                # try to create a new one.
                return
>           super()._execute_create_test_db(cursor, parameters, keepdb)

..\..\..\AppData\Local\Programs\Python\Python313\Lib\site-packages\django\db\backends\postgresql\creation.py:46: 
_ _ _ _ _ _ _ _ _ _ _ _ _ _ _ _ _ _ _ _ _ _ _ _ _ _ _ _ _ _ _ _ _ _ _ _ _ _ _ _

self = <django.db.backends.postgresql.creation.DatabaseCreation object at 0x000001E2B5727A10>
cursor = <django.db.backends.utils.CursorWrapper object at 0x000001E2B5F5CB50>
parameters = {'dbname': '"test_bougie_db"', 'suffix': ''}, keepdb = False

    def _execute_create_test_db(self, cursor, parameters, keepdb=False):
>       cursor.execute("CREATE DATABASE %(dbname)s %(suffix)s" % parameters)

..\..\..\AppData\Local\Programs\Python\Python313\Lib\site-packages\django\db\backends\base\creation.py:209: 
_ _ _ _ _ _ _ _ _ _ _ _ _ _ _ _ _ _ _ _ _ _ _ _ _ _ _ _ _ _ _ _ _ _ _ _ _ _ _ _

self = <django.db.backends.utils.CursorWrapper object at 0x000001E2B5F5CB50>
sql = 'CREATE DATABASE "test_bougie_db" ', params = None

    def execute(self, sql, params=None):
>       return self._execute_with_wrappers(
            sql, params, many=False, executor=self._execute
        )

..\..\..\AppData\Local\Programs\Python\Python313\Lib\site-packages\django\db\backends\utils.py:79: 
_ _ _ _ _ _ _ _ _ _ _ _ _ _ _ _ _ _ _ _ _ _ _ _ _ _ _ _ _ _ _ _ _ _ _ _ _ _ _ _

self = <django.db.backends.utils.CursorWrapper object at 0x000001E2B5F5CB50>
sql = 'CREATE DATABASE "test_bougie_db" ', params = None, many = False
executor = <bound method CursorWrapper._execute of <django.db.backends.utils.CursorWrapper object at 0x000001E2B5F5CB50>>

    def _execute_with_wrappers(self, sql, params, many, executor):
        context = {"connection": self.db, "cursor": self}
        for wrapper in reversed(self.db.execute_wrappers):
            executor = functools.partial(wrapper, executor)
>       return executor(sql, params, many, context)
               ^^^^^^^^^^^^^^^^^^^^^^^^^^^^^^^^^^^^

..\..\..\AppData\Local\Programs\Python\Python313\Lib\site-packages\django\db\backends\utils.py:92: 
_ _ _ _ _ _ _ _ _ _ _ _ _ _ _ _ _ _ _ _ _ _ _ _ _ _ _ _ _ _ _ _ _ _ _ _ _ _ _ _

self = <django.db.backends.utils.CursorWrapper object at 0x000001E2B5F5CB50>
sql = 'CREATE DATABASE "test_bougie_db" ', params = None
ignored_wrapper_args = (False, {'connection': <DatabaseWrapper vendor='postgresql' alias='__no_db__'>, 'cursor': <django.db.backends.utils.CursorWrapper object at 0x000001E2B5F5CB50>})

    def _execute(self, sql, params, *ignored_wrapper_args):
        # Raise a warning during app initialization (stored_app_configs is only
        # ever set during testing).
        if not apps.ready and not apps.stored_app_configs:
            warnings.warn(self.APPS_NOT_READY_WARNING_MSG, category=RuntimeWarning)
        self.db.validate_no_broken_transaction()
>       with self.db.wrap_database_errors:
             ^^^^^^^^^^^^^^^^^^^^^^^^^^^^

..\..\..\AppData\Local\Programs\Python\Python313\Lib\site-packages\django\db\backends\utils.py:100: 
_ _ _ _ _ _ _ _ _ _ _ _ _ _ _ _ _ _ _ _ _ _ _ _ _ _ _ _ _ _ _ _ _ _ _ _ _ _ _ _

self = <django.db.utils.DatabaseErrorWrapper object at 0x000001E2B5F51040>
exc_type = <class 'psycopg2.errors.InsufficientPrivilege'>
exc_value = InsufficientPrivilege('ERREUR:  droit refusÚ pour crÚer une base de donnÚes\n')
traceback = <traceback object at 0x000001E2B7491100>

    def __exit__(self, exc_type, exc_value, traceback):
        if exc_type is None:
            return
        for dj_exc_type in (
            DataError,
            OperationalError,
            IntegrityError,
            InternalError,
            ProgrammingError,
            NotSupportedError,
            DatabaseError,
            InterfaceError,
            Error,
        ):
            db_exc_type = getattr(self.wrapper.Database, dj_exc_type.__name__)
            if issubclass(exc_type, db_exc_type):
                dj_exc_value = dj_exc_type(*exc_value.args)
                # Only set the 'errors_occurred' flag for errors that may make
                # the connection unusable.
                if dj_exc_type not in (DataError, IntegrityError):
                    self.wrapper.errors_occurred = True
>               raise dj_exc_value.with_traceback(traceback) from exc_value

..\..\..\AppData\Local\Programs\Python\Python313\Lib\site-packages\django\db\utils.py:94: 
_ _ _ _ _ _ _ _ _ _ _ _ _ _ _ _ _ _ _ _ _ _ _ _ _ _ _ _ _ _ _ _ _ _ _ _ _ _ _ _

self = <django.db.backends.utils.CursorWrapper object at 0x000001E2B5F5CB50>
sql = 'CREATE DATABASE "test_bougie_db" ', params = None
ignored_wrapper_args = (False, {'connection': <DatabaseWrapper vendor='postgresql' alias='__no_db__'>, 'cursor': <django.db.backends.utils.CursorWrapper object at 0x000001E2B5F5CB50>})

    def _execute(self, sql, params, *ignored_wrapper_args):
        # Raise a warning during app initialization (stored_app_configs is only
        # ever set during testing).
        if not apps.ready and not apps.stored_app_configs:
            warnings.warn(self.APPS_NOT_READY_WARNING_MSG, category=RuntimeWarning)
        self.db.validate_no_broken_transaction()
        with self.db.wrap_database_errors:
            if params is None:
                # params default might be backend specific.
>               return self.cursor.execute(sql)
                       ^^^^^^^^^^^^^^^^^^^^^^^^
E               django.db.utils.ProgrammingError: ERREUR:  droit refusÚ pour crÚer une base de donnÚes

..\..\..\AppData\Local\Programs\Python\Python313\Lib\site-packages\django\db\backends\utils.py:103: ProgrammingError

During handling of the above exception, another exception occurred:

request = <SubRequest 'django_db_setup' for <Function test_profil_authentifie>>
django_test_environment = None
django_db_blocker = <pytest_django.plugin.DjangoDbBlocker object at 0x000001E2B29934D0>
django_db_use_migrations = True, django_db_keepdb = False
django_db_createdb = False, django_db_modify_db_settings = None

    @pytest.fixture(scope="session")
    def django_db_setup(
        request: pytest.FixtureRequest,
        django_test_environment: None,  # noqa: ARG001
        django_db_blocker: DjangoDbBlocker,
        django_db_use_migrations: bool,
        django_db_keepdb: bool,
        django_db_createdb: bool,
        django_db_modify_db_settings: None,  # noqa: ARG001
    ) -> Generator[None, None, None]:
        """Top level fixture to ensure test databases are available"""
        from django.test.utils import setup_databases, teardown_databases
    
        setup_databases_args = {}
    
        if not django_db_use_migrations:
            _disable_migrations()
    
        if django_db_keepdb and not django_db_createdb:
            setup_databases_args["keepdb"] = True
    
        aliases, serialized_aliases = _get_databases_for_setup(request.session.items)
    
        with django_db_blocker.unblock():
>           db_cfg = setup_databases(
                verbosity=request.config.option.verbose,
                interactive=False,
                aliases=aliases,
                serialized_aliases=serialized_aliases,
                **setup_databases_args,
            )

..\..\..\AppData\Local\Programs\Python\Python313\Lib\site-packages\pytest_django\fixtures.py:186: 
_ _ _ _ _ _ _ _ _ _ _ _ _ _ _ _ _ _ _ _ _ _ _ _ _ _ _ _ _ _ _ _ _ _ _ _ _ _ _ _

verbosity = 1, interactive = False
time_keeper = <django.test.utils.NullTimeKeeper object at 0x000001E2B5F509E0>
keepdb = False, debug_sql = False, parallel = 0, aliases = ['default']
serialized_aliases = set(), kwargs = {}
test_databases = {('127.0.0.1', '5432', 'django.db.backends.postgresql', 'test_bougie_db'): ('bougie_db', ['default'])}

    def setup_databases(
        verbosity,
        interactive,
        *,
        time_keeper=None,
        keepdb=False,
        debug_sql=False,
        parallel=0,
        aliases=None,
        serialized_aliases=None,
        **kwargs,
    ):
        """Create the test databases."""
        if time_keeper is None:
            time_keeper = NullTimeKeeper()
    
        test_databases, mirrored_aliases = get_unique_databases_and_mirrors(aliases)
    
        old_names = []
        serialize_connections = []
    
        for db_name, aliases in test_databases.values():
            first_alias = None
            for alias in aliases:
                connection = connections[alias]
                old_names.append((connection, db_name, first_alias is None))
    
                # Actually create the database for the first connection
                if first_alias is None:
                    first_alias = alias
                    with time_keeper.timed("  Creating '%s'" % alias):
>                       connection.creation.create_test_db(
                            verbosity=verbosity,
                            autoclobber=not interactive,
                            keepdb=keepdb,
                        )

..\..\..\AppData\Local\Programs\Python\Python313\Lib\site-packages\django\test\utils.py:207: 
_ _ _ _ _ _ _ _ _ _ _ _ _ _ _ _ _ _ _ _ _ _ _ _ _ _ _ _ _ _ _ _ _ _ _ _ _ _ _ _

self = <django.db.backends.postgresql.creation.DatabaseCreation object at 0x000001E2B5727A10>
verbosity = 1, autoclobber = True, serialize = None, keepdb = False

    def create_test_db(
        self, verbosity=1, autoclobber=False, serialize=None, keepdb=False
    ):
        """
        Create a test database, prompting the user for confirmation if the
        database already exists. Return the name of the test database created.
        """
        # Don't import django.core.management if it isn't needed.
        from django.core.management import call_command
    
        test_database_name = self._get_test_db_name()
    
        if verbosity >= 1:
            action = "Creating"
            if keepdb:
                action = "Using existing"
    
            self.log(
                "%s test database for alias %s..."
                % (
                    action,
                    self._get_database_display_str(verbosity, test_database_name),
                )
            )
    
        # We could skip this call if keepdb is True, but we instead
        # give it the keepdb param. This is to handle the case
        # where the test DB doesn't exist, in which case we need to
        # create it, then just not destroy it. If we instead skip
        # this, we will get an exception.
>       self._create_test_db(verbosity, autoclobber, keepdb)

..\..\..\AppData\Local\Programs\Python\Python313\Lib\site-packages\django\db\backends\base\creation.py:69: 
_ _ _ _ _ _ _ _ _ _ _ _ _ _ _ _ _ _ _ _ _ _ _ _ _ _ _ _ _ _ _ _ _ _ _ _ _ _ _ _

self = <django.db.backends.postgresql.creation.DatabaseCreation object at 0x000001E2B5727A10>
verbosity = 1, autoclobber = True, keepdb = False

    def _create_test_db(self, verbosity, autoclobber, keepdb=False):
        """
        Internal implementation - create the test db tables.
        """
        test_database_name = self._get_test_db_name()
        test_db_params = {
            "dbname": self.connection.ops.quote_name(test_database_name),
            "suffix": self.sql_table_creation_suffix(),
        }
        # Create the test database and connect to it.
        with self._nodb_cursor() as cursor:
            try:
>               self._execute_create_test_db(cursor, test_db_params, keepdb)

..\..\..\AppData\Local\Programs\Python\Python313\Lib\site-packages\django\db\backends\base\creation.py:223: 
_ _ _ _ _ _ _ _ _ _ _ _ _ _ _ _ _ _ _ _ _ _ _ _ _ _ _ _ _ _ _ _ _ _ _ _ _ _ _ _

self = <django.db.backends.postgresql.creation.DatabaseCreation object at 0x000001E2B5727A10>
cursor = <django.db.backends.utils.CursorWrapper object at 0x000001E2B5F5CB50>
parameters = {'dbname': '"test_bougie_db"', 'suffix': ''}, keepdb = False

    def _execute_create_test_db(self, cursor, parameters, keepdb=False):
        try:
            if keepdb and self._database_exists(cursor, parameters["dbname"]):
                # If the database should be kept and it already exists, don't
                # try to create a new one.
                return
            super()._execute_create_test_db(cursor, parameters, keepdb)
        except Exception as e:
            if not isinstance(e.__cause__, errors.DuplicateDatabase):
                # All errors except "database already exists" cancel tests.
                self.log("Got an error creating the test database: %s" % e)
>               sys.exit(2)
E               SystemExit: 2

..\..\..\AppData\Local\Programs\Python\Python313\Lib\site-packages\django\db\backends\postgresql\creation.py:51: SystemExit
---------------------------- Captured stderr setup ----------------------------
Creating test database for alias 'default'...

Got an error creating the test database: ERREUR:  droit refusÚ pour crÚer une base de donnÚes


___ ERROR at setup of TestProfile.test_user_ne_peut_pas_modifier_ses_roles ____

self = <django.db.backends.utils.CursorWrapper object at 0x000001E2B5F5DC50>
sql = 'CREATE DATABASE "test_bougie_db" ', params = None
ignored_wrapper_args = (False, {'connection': <DatabaseWrapper vendor='postgresql' alias='__no_db__'>, 'cursor': <django.db.backends.utils.CursorWrapper object at 0x000001E2B5F5DC50>})

    def _execute(self, sql, params, *ignored_wrapper_args):
        # Raise a warning during app initialization (stored_app_configs is only
        # ever set during testing).
        if not apps.ready and not apps.stored_app_configs:
            warnings.warn(self.APPS_NOT_READY_WARNING_MSG, category=RuntimeWarning)
        self.db.validate_no_broken_transaction()
        with self.db.wrap_database_errors:
            if params is None:
                # params default might be backend specific.
>               return self.cursor.execute(sql)
                       ^^^^^^^^^^^^^^^^^^^^^^^^
E               psycopg2.errors.InsufficientPrivilege: ERREUR:  droit refusÚ pour crÚer une base de donnÚes

..\..\..\AppData\Local\Programs\Python\Python313\Lib\site-packages\django\db\backends\utils.py:103: InsufficientPrivilege

The above exception was the direct cause of the following exception:

self = <django.db.backends.postgresql.creation.DatabaseCreation object at 0x000001E2B5727A10>
cursor = <django.db.backends.utils.CursorWrapper object at 0x000001E2B5F5DC50>
parameters = {'dbname': '"test_bougie_db"', 'suffix': ''}, keepdb = False

    def _execute_create_test_db(self, cursor, parameters, keepdb=False):
        try:
            if keepdb and self._database_exists(cursor, parameters["dbname"]):
                # If the database should be kept and it already exists, don't
                # try to create a new one.
                return
>           super()._execute_create_test_db(cursor, parameters, keepdb)

..\..\..\AppData\Local\Programs\Python\Python313\Lib\site-packages\django\db\backends\postgresql\creation.py:46: 
_ _ _ _ _ _ _ _ _ _ _ _ _ _ _ _ _ _ _ _ _ _ _ _ _ _ _ _ _ _ _ _ _ _ _ _ _ _ _ _

self = <django.db.backends.postgresql.creation.DatabaseCreation object at 0x000001E2B5727A10>
cursor = <django.db.backends.utils.CursorWrapper object at 0x000001E2B5F5DC50>
parameters = {'dbname': '"test_bougie_db"', 'suffix': ''}, keepdb = False

    def _execute_create_test_db(self, cursor, parameters, keepdb=False):
>       cursor.execute("CREATE DATABASE %(dbname)s %(suffix)s" % parameters)

..\..\..\AppData\Local\Programs\Python\Python313\Lib\site-packages\django\db\backends\base\creation.py:209: 
_ _ _ _ _ _ _ _ _ _ _ _ _ _ _ _ _ _ _ _ _ _ _ _ _ _ _ _ _ _ _ _ _ _ _ _ _ _ _ _

self = <django.db.backends.utils.CursorWrapper object at 0x000001E2B5F5DC50>
sql = 'CREATE DATABASE "test_bougie_db" ', params = None

    def execute(self, sql, params=None):
>       return self._execute_with_wrappers(
            sql, params, many=False, executor=self._execute
        )

..\..\..\AppData\Local\Programs\Python\Python313\Lib\site-packages\django\db\backends\utils.py:79: 
_ _ _ _ _ _ _ _ _ _ _ _ _ _ _ _ _ _ _ _ _ _ _ _ _ _ _ _ _ _ _ _ _ _ _ _ _ _ _ _

self = <django.db.backends.utils.CursorWrapper object at 0x000001E2B5F5DC50>
sql = 'CREATE DATABASE "test_bougie_db" ', params = None, many = False
executor = <bound method CursorWrapper._execute of <django.db.backends.utils.CursorWrapper object at 0x000001E2B5F5DC50>>

    def _execute_with_wrappers(self, sql, params, many, executor):
        context = {"connection": self.db, "cursor": self}
        for wrapper in reversed(self.db.execute_wrappers):
            executor = functools.partial(wrapper, executor)
>       return executor(sql, params, many, context)
               ^^^^^^^^^^^^^^^^^^^^^^^^^^^^^^^^^^^^

..\..\..\AppData\Local\Programs\Python\Python313\Lib\site-packages\django\db\backends\utils.py:92: 
_ _ _ _ _ _ _ _ _ _ _ _ _ _ _ _ _ _ _ _ _ _ _ _ _ _ _ _ _ _ _ _ _ _ _ _ _ _ _ _

self = <django.db.backends.utils.CursorWrapper object at 0x000001E2B5F5DC50>
sql = 'CREATE DATABASE "test_bougie_db" ', params = None
ignored_wrapper_args = (False, {'connection': <DatabaseWrapper vendor='postgresql' alias='__no_db__'>, 'cursor': <django.db.backends.utils.CursorWrapper object at 0x000001E2B5F5DC50>})

    def _execute(self, sql, params, *ignored_wrapper_args):
        # Raise a warning during app initialization (stored_app_configs is only
        # ever set during testing).
        if not apps.ready and not apps.stored_app_configs:
            warnings.warn(self.APPS_NOT_READY_WARNING_MSG, category=RuntimeWarning)
        self.db.validate_no_broken_transaction()
>       with self.db.wrap_database_errors:
             ^^^^^^^^^^^^^^^^^^^^^^^^^^^^

..\..\..\AppData\Local\Programs\Python\Python313\Lib\site-packages\django\db\backends\utils.py:100: 
_ _ _ _ _ _ _ _ _ _ _ _ _ _ _ _ _ _ _ _ _ _ _ _ _ _ _ _ _ _ _ _ _ _ _ _ _ _ _ _

self = <django.db.utils.DatabaseErrorWrapper object at 0x000001E2B5F5DB50>
exc_type = <class 'psycopg2.errors.InsufficientPrivilege'>
exc_value = InsufficientPrivilege('ERREUR:  droit refusÚ pour crÚer une base de donnÚes\n')
traceback = <traceback object at 0x000001E2B7420E80>

    def __exit__(self, exc_type, exc_value, traceback):
        if exc_type is None:
            return
        for dj_exc_type in (
            DataError,
            OperationalError,
            IntegrityError,
            InternalError,
            ProgrammingError,
            NotSupportedError,
            DatabaseError,
            InterfaceError,
            Error,
        ):
            db_exc_type = getattr(self.wrapper.Database, dj_exc_type.__name__)
            if issubclass(exc_type, db_exc_type):
                dj_exc_value = dj_exc_type(*exc_value.args)
                # Only set the 'errors_occurred' flag for errors that may make
                # the connection unusable.
                if dj_exc_type not in (DataError, IntegrityError):
                    self.wrapper.errors_occurred = True
>               raise dj_exc_value.with_traceback(traceback) from exc_value

..\..\..\AppData\Local\Programs\Python\Python313\Lib\site-packages\django\db\utils.py:94: 
_ _ _ _ _ _ _ _ _ _ _ _ _ _ _ _ _ _ _ _ _ _ _ _ _ _ _ _ _ _ _ _ _ _ _ _ _ _ _ _

self = <django.db.backends.utils.CursorWrapper object at 0x000001E2B5F5DC50>
sql = 'CREATE DATABASE "test_bougie_db" ', params = None
ignored_wrapper_args = (False, {'connection': <DatabaseWrapper vendor='postgresql' alias='__no_db__'>, 'cursor': <django.db.backends.utils.CursorWrapper object at 0x000001E2B5F5DC50>})

    def _execute(self, sql, params, *ignored_wrapper_args):
        # Raise a warning during app initialization (stored_app_configs is only
        # ever set during testing).
        if not apps.ready and not apps.stored_app_configs:
            warnings.warn(self.APPS_NOT_READY_WARNING_MSG, category=RuntimeWarning)
        self.db.validate_no_broken_transaction()
        with self.db.wrap_database_errors:
            if params is None:
                # params default might be backend specific.
>               return self.cursor.execute(sql)
                       ^^^^^^^^^^^^^^^^^^^^^^^^
E               django.db.utils.ProgrammingError: ERREUR:  droit refusÚ pour crÚer une base de donnÚes

..\..\..\AppData\Local\Programs\Python\Python313\Lib\site-packages\django\db\backends\utils.py:103: ProgrammingError

During handling of the above exception, another exception occurred:

request = <SubRequest 'django_db_setup' for <Function test_user_ne_peut_pas_modifier_ses_roles>>
django_test_environment = None
django_db_blocker = <pytest_django.plugin.DjangoDbBlocker object at 0x000001E2B29934D0>
django_db_use_migrations = True, django_db_keepdb = False
django_db_createdb = False, django_db_modify_db_settings = None

    @pytest.fixture(scope="session")
    def django_db_setup(
        request: pytest.FixtureRequest,
        django_test_environment: None,  # noqa: ARG001
        django_db_blocker: DjangoDbBlocker,
        django_db_use_migrations: bool,
        django_db_keepdb: bool,
        django_db_createdb: bool,
        django_db_modify_db_settings: None,  # noqa: ARG001
    ) -> Generator[None, None, None]:
        """Top level fixture to ensure test databases are available"""
        from django.test.utils import setup_databases, teardown_databases
    
        setup_databases_args = {}
    
        if not django_db_use_migrations:
            _disable_migrations()
    
        if django_db_keepdb and not django_db_createdb:
            setup_databases_args["keepdb"] = True
    
        aliases, serialized_aliases = _get_databases_for_setup(request.session.items)
    
        with django_db_blocker.unblock():
>           db_cfg = setup_databases(
                verbosity=request.config.option.verbose,
                interactive=False,
                aliases=aliases,
                serialized_aliases=serialized_aliases,
                **setup_databases_args,
            )

..\..\..\AppData\Local\Programs\Python\Python313\Lib\site-packages\pytest_django\fixtures.py:186: 
_ _ _ _ _ _ _ _ _ _ _ _ _ _ _ _ _ _ _ _ _ _ _ _ _ _ _ _ _ _ _ _ _ _ _ _ _ _ _ _

verbosity = 1, interactive = False
time_keeper = <django.test.utils.NullTimeKeeper object at 0x000001E2B5F5D450>
keepdb = False, debug_sql = False, parallel = 0, aliases = ['default']
serialized_aliases = set(), kwargs = {}
test_databases = {('127.0.0.1', '5432', 'django.db.backends.postgresql', 'test_bougie_db'): ('bougie_db', ['default'])}

    def setup_databases(
        verbosity,
        interactive,
        *,
        time_keeper=None,
        keepdb=False,
        debug_sql=False,
        parallel=0,
        aliases=None,
        serialized_aliases=None,
        **kwargs,
    ):
        """Create the test databases."""
        if time_keeper is None:
            time_keeper = NullTimeKeeper()
    
        test_databases, mirrored_aliases = get_unique_databases_and_mirrors(aliases)
    
        old_names = []
        serialize_connections = []
    
        for db_name, aliases in test_databases.values():
            first_alias = None
            for alias in aliases:
                connection = connections[alias]
                old_names.append((connection, db_name, first_alias is None))
    
                # Actually create the database for the first connection
                if first_alias is None:
                    first_alias = alias
                    with time_keeper.timed("  Creating '%s'" % alias):
>                       connection.creation.create_test_db(
                            verbosity=verbosity,
                            autoclobber=not interactive,
                            keepdb=keepdb,
                        )

..\..\..\AppData\Local\Programs\Python\Python313\Lib\site-packages\django\test\utils.py:207: 
_ _ _ _ _ _ _ _ _ _ _ _ _ _ _ _ _ _ _ _ _ _ _ _ _ _ _ _ _ _ _ _ _ _ _ _ _ _ _ _

self = <django.db.backends.postgresql.creation.DatabaseCreation object at 0x000001E2B5727A10>
verbosity = 1, autoclobber = True, serialize = None, keepdb = False

    def create_test_db(
        self, verbosity=1, autoclobber=False, serialize=None, keepdb=False
    ):
        """
        Create a test database, prompting the user for confirmation if the
        database already exists. Return the name of the test database created.
        """
        # Don't import django.core.management if it isn't needed.
        from django.core.management import call_command
    
        test_database_name = self._get_test_db_name()
    
        if verbosity >= 1:
            action = "Creating"
            if keepdb:
                action = "Using existing"
    
            self.log(
                "%s test database for alias %s..."
                % (
                    action,
                    self._get_database_display_str(verbosity, test_database_name),
                )
            )
    
        # We could skip this call if keepdb is True, but we instead
        # give it the keepdb param. This is to handle the case
        # where the test DB doesn't exist, in which case we need to
        # create it, then just not destroy it. If we instead skip
        # this, we will get an exception.
>       self._create_test_db(verbosity, autoclobber, keepdb)

..\..\..\AppData\Local\Programs\Python\Python313\Lib\site-packages\django\db\backends\base\creation.py:69: 
_ _ _ _ _ _ _ _ _ _ _ _ _ _ _ _ _ _ _ _ _ _ _ _ _ _ _ _ _ _ _ _ _ _ _ _ _ _ _ _

self = <django.db.backends.postgresql.creation.DatabaseCreation object at 0x000001E2B5727A10>
verbosity = 1, autoclobber = True, keepdb = False

    def _create_test_db(self, verbosity, autoclobber, keepdb=False):
        """
        Internal implementation - create the test db tables.
        """
        test_database_name = self._get_test_db_name()
        test_db_params = {
            "dbname": self.connection.ops.quote_name(test_database_name),
            "suffix": self.sql_table_creation_suffix(),
        }
        # Create the test database and connect to it.
        with self._nodb_cursor() as cursor:
            try:
>               self._execute_create_test_db(cursor, test_db_params, keepdb)

..\..\..\AppData\Local\Programs\Python\Python313\Lib\site-packages\django\db\backends\base\creation.py:223: 
_ _ _ _ _ _ _ _ _ _ _ _ _ _ _ _ _ _ _ _ _ _ _ _ _ _ _ _ _ _ _ _ _ _ _ _ _ _ _ _

self = <django.db.backends.postgresql.creation.DatabaseCreation object at 0x000001E2B5727A10>
cursor = <django.db.backends.utils.CursorWrapper object at 0x000001E2B5F5DC50>
parameters = {'dbname': '"test_bougie_db"', 'suffix': ''}, keepdb = False

    def _execute_create_test_db(self, cursor, parameters, keepdb=False):
        try:
            if keepdb and self._database_exists(cursor, parameters["dbname"]):
                # If the database should be kept and it already exists, don't
                # try to create a new one.
                return
            super()._execute_create_test_db(cursor, parameters, keepdb)
        except Exception as e:
            if not isinstance(e.__cause__, errors.DuplicateDatabase):
                # All errors except "database already exists" cancel tests.
                self.log("Got an error creating the test database: %s" % e)
>               sys.exit(2)
E               SystemExit: 2

..\..\..\AppData\Local\Programs\Python\Python313\Lib\site-packages\django\db\backends\postgresql\creation.py:51: SystemExit
---------------------------- Captured stderr setup ----------------------------
Creating test database for alias 'default'...

Got an error creating the test database: ERREUR:  droit refusÚ pour crÚer une base de donnÚes


________ ERROR at setup of TestProducts.test_liste_produits_sans_auth _________

self = <django.db.backends.utils.CursorWrapper object at 0x000001E2B5F55C70>
sql = 'CREATE DATABASE "test_bougie_db" ', params = None
ignored_wrapper_args = (False, {'connection': <DatabaseWrapper vendor='postgresql' alias='__no_db__'>, 'cursor': <django.db.backends.utils.CursorWrapper object at 0x000001E2B5F55C70>})

    def _execute(self, sql, params, *ignored_wrapper_args):
        # Raise a warning during app initialization (stored_app_configs is only
        # ever set during testing).
        if not apps.ready and not apps.stored_app_configs:
            warnings.warn(self.APPS_NOT_READY_WARNING_MSG, category=RuntimeWarning)
        self.db.validate_no_broken_transaction()
        with self.db.wrap_database_errors:
            if params is None:
                # params default might be backend specific.
>               return self.cursor.execute(sql)
                       ^^^^^^^^^^^^^^^^^^^^^^^^
E               psycopg2.errors.InsufficientPrivilege: ERREUR:  droit refusÚ pour crÚer une base de donnÚes

..\..\..\AppData\Local\Programs\Python\Python313\Lib\site-packages\django\db\backends\utils.py:103: InsufficientPrivilege

The above exception was the direct cause of the following exception:

self = <django.db.backends.postgresql.creation.DatabaseCreation object at 0x000001E2B5727A10>
cursor = <django.db.backends.utils.CursorWrapper object at 0x000001E2B5F55C70>
parameters = {'dbname': '"test_bougie_db"', 'suffix': ''}, keepdb = False

    def _execute_create_test_db(self, cursor, parameters, keepdb=False):
        try:
            if keepdb and self._database_exists(cursor, parameters["dbname"]):
                # If the database should be kept and it already exists, don't
                # try to create a new one.
                return
>           super()._execute_create_test_db(cursor, parameters, keepdb)

..\..\..\AppData\Local\Programs\Python\Python313\Lib\site-packages\django\db\backends\postgresql\creation.py:46: 
_ _ _ _ _ _ _ _ _ _ _ _ _ _ _ _ _ _ _ _ _ _ _ _ _ _ _ _ _ _ _ _ _ _ _ _ _ _ _ _

self = <django.db.backends.postgresql.creation.DatabaseCreation object at 0x000001E2B5727A10>
cursor = <django.db.backends.utils.CursorWrapper object at 0x000001E2B5F55C70>
parameters = {'dbname': '"test_bougie_db"', 'suffix': ''}, keepdb = False

    def _execute_create_test_db(self, cursor, parameters, keepdb=False):
>       cursor.execute("CREATE DATABASE %(dbname)s %(suffix)s" % parameters)

..\..\..\AppData\Local\Programs\Python\Python313\Lib\site-packages\django\db\backends\base\creation.py:209: 
_ _ _ _ _ _ _ _ _ _ _ _ _ _ _ _ _ _ _ _ _ _ _ _ _ _ _ _ _ _ _ _ _ _ _ _ _ _ _ _

self = <django.db.backends.utils.CursorWrapper object at 0x000001E2B5F55C70>
sql = 'CREATE DATABASE "test_bougie_db" ', params = None

    def execute(self, sql, params=None):
>       return self._execute_with_wrappers(
            sql, params, many=False, executor=self._execute
        )

..\..\..\AppData\Local\Programs\Python\Python313\Lib\site-packages\django\db\backends\utils.py:79: 
_ _ _ _ _ _ _ _ _ _ _ _ _ _ _ _ _ _ _ _ _ _ _ _ _ _ _ _ _ _ _ _ _ _ _ _ _ _ _ _

self = <django.db.backends.utils.CursorWrapper object at 0x000001E2B5F55C70>
sql = 'CREATE DATABASE "test_bougie_db" ', params = None, many = False
executor = <bound method CursorWrapper._execute of <django.db.backends.utils.CursorWrapper object at 0x000001E2B5F55C70>>

    def _execute_with_wrappers(self, sql, params, many, executor):
        context = {"connection": self.db, "cursor": self}
        for wrapper in reversed(self.db.execute_wrappers):
            executor = functools.partial(wrapper, executor)
>       return executor(sql, params, many, context)
               ^^^^^^^^^^^^^^^^^^^^^^^^^^^^^^^^^^^^

..\..\..\AppData\Local\Programs\Python\Python313\Lib\site-packages\django\db\backends\utils.py:92: 
_ _ _ _ _ _ _ _ _ _ _ _ _ _ _ _ _ _ _ _ _ _ _ _ _ _ _ _ _ _ _ _ _ _ _ _ _ _ _ _

self = <django.db.backends.utils.CursorWrapper object at 0x000001E2B5F55C70>
sql = 'CREATE DATABASE "test_bougie_db" ', params = None
ignored_wrapper_args = (False, {'connection': <DatabaseWrapper vendor='postgresql' alias='__no_db__'>, 'cursor': <django.db.backends.utils.CursorWrapper object at 0x000001E2B5F55C70>})

    def _execute(self, sql, params, *ignored_wrapper_args):
        # Raise a warning during app initialization (stored_app_configs is only
        # ever set during testing).
        if not apps.ready and not apps.stored_app_configs:
            warnings.warn(self.APPS_NOT_READY_WARNING_MSG, category=RuntimeWarning)
        self.db.validate_no_broken_transaction()
>       with self.db.wrap_database_errors:
             ^^^^^^^^^^^^^^^^^^^^^^^^^^^^

..\..\..\AppData\Local\Programs\Python\Python313\Lib\site-packages\django\db\backends\utils.py:100: 
_ _ _ _ _ _ _ _ _ _ _ _ _ _ _ _ _ _ _ _ _ _ _ _ _ _ _ _ _ _ _ _ _ _ _ _ _ _ _ _

self = <django.db.utils.DatabaseErrorWrapper object at 0x000001E2B5F5E650>
exc_type = <class 'psycopg2.errors.InsufficientPrivilege'>
exc_value = InsufficientPrivilege('ERREUR:  droit refusÚ pour crÚer une base de donnÚes\n')
traceback = <traceback object at 0x000001E2B72AEFC0>

    def __exit__(self, exc_type, exc_value, traceback):
        if exc_type is None:
            return
        for dj_exc_type in (
            DataError,
            OperationalError,
            IntegrityError,
            InternalError,
            ProgrammingError,
            NotSupportedError,
            DatabaseError,
            InterfaceError,
            Error,
        ):
            db_exc_type = getattr(self.wrapper.Database, dj_exc_type.__name__)
            if issubclass(exc_type, db_exc_type):
                dj_exc_value = dj_exc_type(*exc_value.args)
                # Only set the 'errors_occurred' flag for errors that may make
                # the connection unusable.
                if dj_exc_type not in (DataError, IntegrityError):
                    self.wrapper.errors_occurred = True
>               raise dj_exc_value.with_traceback(traceback) from exc_value

..\..\..\AppData\Local\Programs\Python\Python313\Lib\site-packages\django\db\utils.py:94: 
_ _ _ _ _ _ _ _ _ _ _ _ _ _ _ _ _ _ _ _ _ _ _ _ _ _ _ _ _ _ _ _ _ _ _ _ _ _ _ _

self = <django.db.backends.utils.CursorWrapper object at 0x000001E2B5F55C70>
sql = 'CREATE DATABASE "test_bougie_db" ', params = None
ignored_wrapper_args = (False, {'connection': <DatabaseWrapper vendor='postgresql' alias='__no_db__'>, 'cursor': <django.db.backends.utils.CursorWrapper object at 0x000001E2B5F55C70>})

    def _execute(self, sql, params, *ignored_wrapper_args):
        # Raise a warning during app initialization (stored_app_configs is only
        # ever set during testing).
        if not apps.ready and not apps.stored_app_configs:
            warnings.warn(self.APPS_NOT_READY_WARNING_MSG, category=RuntimeWarning)
        self.db.validate_no_broken_transaction()
        with self.db.wrap_database_errors:
            if params is None:
                # params default might be backend specific.
>               return self.cursor.execute(sql)
                       ^^^^^^^^^^^^^^^^^^^^^^^^
E               django.db.utils.ProgrammingError: ERREUR:  droit refusÚ pour crÚer une base de donnÚes

..\..\..\AppData\Local\Programs\Python\Python313\Lib\site-packages\django\db\backends\utils.py:103: ProgrammingError

During handling of the above exception, another exception occurred:

request = <SubRequest 'django_db_setup' for <Function test_liste_produits_sans_auth>>
django_test_environment = None
django_db_blocker = <pytest_django.plugin.DjangoDbBlocker object at 0x000001E2B29934D0>
django_db_use_migrations = True, django_db_keepdb = False
django_db_createdb = False, django_db_modify_db_settings = None

    @pytest.fixture(scope="session")
    def django_db_setup(
        request: pytest.FixtureRequest,
        django_test_environment: None,  # noqa: ARG001
        django_db_blocker: DjangoDbBlocker,
        django_db_use_migrations: bool,
        django_db_keepdb: bool,
        django_db_createdb: bool,
        django_db_modify_db_settings: None,  # noqa: ARG001
    ) -> Generator[None, None, None]:
        """Top level fixture to ensure test databases are available"""
        from django.test.utils import setup_databases, teardown_databases
    
        setup_databases_args = {}
    
        if not django_db_use_migrations:
            _disable_migrations()
    
        if django_db_keepdb and not django_db_createdb:
            setup_databases_args["keepdb"] = True
    
        aliases, serialized_aliases = _get_databases_for_setup(request.session.items)
    
        with django_db_blocker.unblock():
>           db_cfg = setup_databases(
                verbosity=request.config.option.verbose,
                interactive=False,
                aliases=aliases,
                serialized_aliases=serialized_aliases,
                **setup_databases_args,
            )

..\..\..\AppData\Local\Programs\Python\Python313\Lib\site-packages\pytest_django\fixtures.py:186: 
_ _ _ _ _ _ _ _ _ _ _ _ _ _ _ _ _ _ _ _ _ _ _ _ _ _ _ _ _ _ _ _ _ _ _ _ _ _ _ _

verbosity = 1, interactive = False
time_keeper = <django.test.utils.NullTimeKeeper object at 0x000001E2B5F5E550>
keepdb = False, debug_sql = False, parallel = 0, aliases = ['default']
serialized_aliases = set(), kwargs = {}
test_databases = {('127.0.0.1', '5432', 'django.db.backends.postgresql', 'test_bougie_db'): ('bougie_db', ['default'])}

    def setup_databases(
        verbosity,
        interactive,
        *,
        time_keeper=None,
        keepdb=False,
        debug_sql=False,
        parallel=0,
        aliases=None,
        serialized_aliases=None,
        **kwargs,
    ):
        """Create the test databases."""
        if time_keeper is None:
            time_keeper = NullTimeKeeper()
    
        test_databases, mirrored_aliases = get_unique_databases_and_mirrors(aliases)
    
        old_names = []
        serialize_connections = []
    
        for db_name, aliases in test_databases.values():
            first_alias = None
            for alias in aliases:
                connection = connections[alias]
                old_names.append((connection, db_name, first_alias is None))
    
                # Actually create the database for the first connection
                if first_alias is None:
                    first_alias = alias
                    with time_keeper.timed("  Creating '%s'" % alias):
>                       connection.creation.create_test_db(
                            verbosity=verbosity,
                            autoclobber=not interactive,
                            keepdb=keepdb,
                        )

..\..\..\AppData\Local\Programs\Python\Python313\Lib\site-packages\django\test\utils.py:207: 
_ _ _ _ _ _ _ _ _ _ _ _ _ _ _ _ _ _ _ _ _ _ _ _ _ _ _ _ _ _ _ _ _ _ _ _ _ _ _ _

self = <django.db.backends.postgresql.creation.DatabaseCreation object at 0x000001E2B5727A10>
verbosity = 1, autoclobber = True, serialize = None, keepdb = False

    def create_test_db(
        self, verbosity=1, autoclobber=False, serialize=None, keepdb=False
    ):
        """
        Create a test database, prompting the user for confirmation if the
        database already exists. Return the name of the test database created.
        """
        # Don't import django.core.management if it isn't needed.
        from django.core.management import call_command
    
        test_database_name = self._get_test_db_name()
    
        if verbosity >= 1:
            action = "Creating"
            if keepdb:
                action = "Using existing"
    
            self.log(
                "%s test database for alias %s..."
                % (
                    action,
                    self._get_database_display_str(verbosity, test_database_name),
                )
            )
    
        # We could skip this call if keepdb is True, but we instead
        # give it the keepdb param. This is to handle the case
        # where the test DB doesn't exist, in which case we need to
        # create it, then just not destroy it. If we instead skip
        # this, we will get an exception.
>       self._create_test_db(verbosity, autoclobber, keepdb)

..\..\..\AppData\Local\Programs\Python\Python313\Lib\site-packages\django\db\backends\base\creation.py:69: 
_ _ _ _ _ _ _ _ _ _ _ _ _ _ _ _ _ _ _ _ _ _ _ _ _ _ _ _ _ _ _ _ _ _ _ _ _ _ _ _

self = <django.db.backends.postgresql.creation.DatabaseCreation object at 0x000001E2B5727A10>
verbosity = 1, autoclobber = True, keepdb = False

    def _create_test_db(self, verbosity, autoclobber, keepdb=False):
        """
        Internal implementation - create the test db tables.
        """
        test_database_name = self._get_test_db_name()
        test_db_params = {
            "dbname": self.connection.ops.quote_name(test_database_name),
            "suffix": self.sql_table_creation_suffix(),
        }
        # Create the test database and connect to it.
        with self._nodb_cursor() as cursor:
            try:
>               self._execute_create_test_db(cursor, test_db_params, keepdb)

..\..\..\AppData\Local\Programs\Python\Python313\Lib\site-packages\django\db\backends\base\creation.py:223: 
_ _ _ _ _ _ _ _ _ _ _ _ _ _ _ _ _ _ _ _ _ _ _ _ _ _ _ _ _ _ _ _ _ _ _ _ _ _ _ _

self = <django.db.backends.postgresql.creation.DatabaseCreation object at 0x000001E2B5727A10>
cursor = <django.db.backends.utils.CursorWrapper object at 0x000001E2B5F55C70>
parameters = {'dbname': '"test_bougie_db"', 'suffix': ''}, keepdb = False

    def _execute_create_test_db(self, cursor, parameters, keepdb=False):
        try:
            if keepdb and self._database_exists(cursor, parameters["dbname"]):
                # If the database should be kept and it already exists, don't
                # try to create a new one.
                return
            super()._execute_create_test_db(cursor, parameters, keepdb)
        except Exception as e:
            if not isinstance(e.__cause__, errors.DuplicateDatabase):
                # All errors except "database already exists" cancel tests.
                self.log("Got an error creating the test database: %s" % e)
>               sys.exit(2)
E               SystemExit: 2

..\..\..\AppData\Local\Programs\Python\Python313\Lib\site-packages\django\db\backends\postgresql\creation.py:51: SystemExit
---------------------------- Captured stderr setup ----------------------------
Creating test database for alias 'default'...

Got an error creating the test database: ERREUR:  droit refusÚ pour crÚer une base de donnÚes


__ ERROR at setup of TestProducts.test_creation_produit_user_normal_interdit __

self = <django.db.backends.utils.CursorWrapper object at 0x000001E2B5E1E7B0>
sql = 'CREATE DATABASE "test_bougie_db" ', params = None
ignored_wrapper_args = (False, {'connection': <DatabaseWrapper vendor='postgresql' alias='__no_db__'>, 'cursor': <django.db.backends.utils.CursorWrapper object at 0x000001E2B5E1E7B0>})

    def _execute(self, sql, params, *ignored_wrapper_args):
        # Raise a warning during app initialization (stored_app_configs is only
        # ever set during testing).
        if not apps.ready and not apps.stored_app_configs:
            warnings.warn(self.APPS_NOT_READY_WARNING_MSG, category=RuntimeWarning)
        self.db.validate_no_broken_transaction()
        with self.db.wrap_database_errors:
            if params is None:
                # params default might be backend specific.
>               return self.cursor.execute(sql)
                       ^^^^^^^^^^^^^^^^^^^^^^^^
E               psycopg2.errors.InsufficientPrivilege: ERREUR:  droit refusÚ pour crÚer une base de donnÚes

..\..\..\AppData\Local\Programs\Python\Python313\Lib\site-packages\django\db\backends\utils.py:103: InsufficientPrivilege

The above exception was the direct cause of the following exception:

self = <django.db.backends.postgresql.creation.DatabaseCreation object at 0x000001E2B5727A10>
cursor = <django.db.backends.utils.CursorWrapper object at 0x000001E2B5E1E7B0>
parameters = {'dbname': '"test_bougie_db"', 'suffix': ''}, keepdb = False

    def _execute_create_test_db(self, cursor, parameters, keepdb=False):
        try:
            if keepdb and self._database_exists(cursor, parameters["dbname"]):
                # If the database should be kept and it already exists, don't
                # try to create a new one.
                return
>           super()._execute_create_test_db(cursor, parameters, keepdb)

..\..\..\AppData\Local\Programs\Python\Python313\Lib\site-packages\django\db\backends\postgresql\creation.py:46: 
_ _ _ _ _ _ _ _ _ _ _ _ _ _ _ _ _ _ _ _ _ _ _ _ _ _ _ _ _ _ _ _ _ _ _ _ _ _ _ _

self = <django.db.backends.postgresql.creation.DatabaseCreation object at 0x000001E2B5727A10>
cursor = <django.db.backends.utils.CursorWrapper object at 0x000001E2B5E1E7B0>
parameters = {'dbname': '"test_bougie_db"', 'suffix': ''}, keepdb = False

    def _execute_create_test_db(self, cursor, parameters, keepdb=False):
>       cursor.execute("CREATE DATABASE %(dbname)s %(suffix)s" % parameters)

..\..\..\AppData\Local\Programs\Python\Python313\Lib\site-packages\django\db\backends\base\creation.py:209: 
_ _ _ _ _ _ _ _ _ _ _ _ _ _ _ _ _ _ _ _ _ _ _ _ _ _ _ _ _ _ _ _ _ _ _ _ _ _ _ _

self = <django.db.backends.utils.CursorWrapper object at 0x000001E2B5E1E7B0>
sql = 'CREATE DATABASE "test_bougie_db" ', params = None

    def execute(self, sql, params=None):
>       return self._execute_with_wrappers(
            sql, params, many=False, executor=self._execute
        )

..\..\..\AppData\Local\Programs\Python\Python313\Lib\site-packages\django\db\backends\utils.py:79: 
_ _ _ _ _ _ _ _ _ _ _ _ _ _ _ _ _ _ _ _ _ _ _ _ _ _ _ _ _ _ _ _ _ _ _ _ _ _ _ _

self = <django.db.backends.utils.CursorWrapper object at 0x000001E2B5E1E7B0>
sql = 'CREATE DATABASE "test_bougie_db" ', params = None, many = False
executor = <bound method CursorWrapper._execute of <django.db.backends.utils.CursorWrapper object at 0x000001E2B5E1E7B0>>

    def _execute_with_wrappers(self, sql, params, many, executor):
        context = {"connection": self.db, "cursor": self}
        for wrapper in reversed(self.db.execute_wrappers):
            executor = functools.partial(wrapper, executor)
>       return executor(sql, params, many, context)
               ^^^^^^^^^^^^^^^^^^^^^^^^^^^^^^^^^^^^

..\..\..\AppData\Local\Programs\Python\Python313\Lib\site-packages\django\db\backends\utils.py:92: 
_ _ _ _ _ _ _ _ _ _ _ _ _ _ _ _ _ _ _ _ _ _ _ _ _ _ _ _ _ _ _ _ _ _ _ _ _ _ _ _

self = <django.db.backends.utils.CursorWrapper object at 0x000001E2B5E1E7B0>
sql = 'CREATE DATABASE "test_bougie_db" ', params = None
ignored_wrapper_args = (False, {'connection': <DatabaseWrapper vendor='postgresql' alias='__no_db__'>, 'cursor': <django.db.backends.utils.CursorWrapper object at 0x000001E2B5E1E7B0>})

    def _execute(self, sql, params, *ignored_wrapper_args):
        # Raise a warning during app initialization (stored_app_configs is only
        # ever set during testing).
        if not apps.ready and not apps.stored_app_configs:
            warnings.warn(self.APPS_NOT_READY_WARNING_MSG, category=RuntimeWarning)
        self.db.validate_no_broken_transaction()
>       with self.db.wrap_database_errors:
             ^^^^^^^^^^^^^^^^^^^^^^^^^^^^

..\..\..\AppData\Local\Programs\Python\Python313\Lib\site-packages\django\db\backends\utils.py:100: 
_ _ _ _ _ _ _ _ _ _ _ _ _ _ _ _ _ _ _ _ _ _ _ _ _ _ _ _ _ _ _ _ _ _ _ _ _ _ _ _

self = <django.db.utils.DatabaseErrorWrapper object at 0x000001E2B5E1E8A0>
exc_type = <class 'psycopg2.errors.InsufficientPrivilege'>
exc_value = InsufficientPrivilege('ERREUR:  droit refusÚ pour crÚer une base de donnÚes\n')
traceback = <traceback object at 0x000001E2B74573C0>

    def __exit__(self, exc_type, exc_value, traceback):
        if exc_type is None:
            return
        for dj_exc_type in (
            DataError,
            OperationalError,
            IntegrityError,
            InternalError,
            ProgrammingError,
            NotSupportedError,
            DatabaseError,
            InterfaceError,
            Error,
        ):
            db_exc_type = getattr(self.wrapper.Database, dj_exc_type.__name__)
            if issubclass(exc_type, db_exc_type):
                dj_exc_value = dj_exc_type(*exc_value.args)
                # Only set the 'errors_occurred' flag for errors that may make
                # the connection unusable.
                if dj_exc_type not in (DataError, IntegrityError):
                    self.wrapper.errors_occurred = True
>               raise dj_exc_value.with_traceback(traceback) from exc_value

..\..\..\AppData\Local\Programs\Python\Python313\Lib\site-packages\django\db\utils.py:94: 
_ _ _ _ _ _ _ _ _ _ _ _ _ _ _ _ _ _ _ _ _ _ _ _ _ _ _ _ _ _ _ _ _ _ _ _ _ _ _ _

self = <django.db.backends.utils.CursorWrapper object at 0x000001E2B5E1E7B0>
sql = 'CREATE DATABASE "test_bougie_db" ', params = None
ignored_wrapper_args = (False, {'connection': <DatabaseWrapper vendor='postgresql' alias='__no_db__'>, 'cursor': <django.db.backends.utils.CursorWrapper object at 0x000001E2B5E1E7B0>})

    def _execute(self, sql, params, *ignored_wrapper_args):
        # Raise a warning during app initialization (stored_app_configs is only
        # ever set during testing).
        if not apps.ready and not apps.stored_app_configs:
            warnings.warn(self.APPS_NOT_READY_WARNING_MSG, category=RuntimeWarning)
        self.db.validate_no_broken_transaction()
        with self.db.wrap_database_errors:
            if params is None:
                # params default might be backend specific.
>               return self.cursor.execute(sql)
                       ^^^^^^^^^^^^^^^^^^^^^^^^
E               django.db.utils.ProgrammingError: ERREUR:  droit refusÚ pour crÚer une base de donnÚes

..\..\..\AppData\Local\Programs\Python\Python313\Lib\site-packages\django\db\backends\utils.py:103: ProgrammingError

During handling of the above exception, another exception occurred:

request = <SubRequest 'django_db_setup' for <Function test_creation_produit_user_normal_interdit>>
django_test_environment = None
django_db_blocker = <pytest_django.plugin.DjangoDbBlocker object at 0x000001E2B29934D0>
django_db_use_migrations = True, django_db_keepdb = False
django_db_createdb = False, django_db_modify_db_settings = None

    @pytest.fixture(scope="session")
    def django_db_setup(
        request: pytest.FixtureRequest,
        django_test_environment: None,  # noqa: ARG001
        django_db_blocker: DjangoDbBlocker,
        django_db_use_migrations: bool,
        django_db_keepdb: bool,
        django_db_createdb: bool,
        django_db_modify_db_settings: None,  # noqa: ARG001
    ) -> Generator[None, None, None]:
        """Top level fixture to ensure test databases are available"""
        from django.test.utils import setup_databases, teardown_databases
    
        setup_databases_args = {}
    
        if not django_db_use_migrations:
            _disable_migrations()
    
        if django_db_keepdb and not django_db_createdb:
            setup_databases_args["keepdb"] = True
    
        aliases, serialized_aliases = _get_databases_for_setup(request.session.items)
    
        with django_db_blocker.unblock():
>           db_cfg = setup_databases(
                verbosity=request.config.option.verbose,
                interactive=False,
                aliases=aliases,
                serialized_aliases=serialized_aliases,
                **setup_databases_args,
            )

..\..\..\AppData\Local\Programs\Python\Python313\Lib\site-packages\pytest_django\fixtures.py:186: 
_ _ _ _ _ _ _ _ _ _ _ _ _ _ _ _ _ _ _ _ _ _ _ _ _ _ _ _ _ _ _ _ _ _ _ _ _ _ _ _

verbosity = 1, interactive = False
time_keeper = <django.test.utils.NullTimeKeeper object at 0x000001E2B5E1F3E0>
keepdb = False, debug_sql = False, parallel = 0, aliases = ['default']
serialized_aliases = set(), kwargs = {}
test_databases = {('127.0.0.1', '5432', 'django.db.backends.postgresql', 'test_bougie_db'): ('bougie_db', ['default'])}

    def setup_databases(
        verbosity,
        interactive,
        *,
        time_keeper=None,
        keepdb=False,
        debug_sql=False,
        parallel=0,
        aliases=None,
        serialized_aliases=None,
        **kwargs,
    ):
        """Create the test databases."""
        if time_keeper is None:
            time_keeper = NullTimeKeeper()
    
        test_databases, mirrored_aliases = get_unique_databases_and_mirrors(aliases)
    
        old_names = []
        serialize_connections = []
    
        for db_name, aliases in test_databases.values():
            first_alias = None
            for alias in aliases:
                connection = connections[alias]
                old_names.append((connection, db_name, first_alias is None))
    
                # Actually create the database for the first connection
                if first_alias is None:
                    first_alias = alias
                    with time_keeper.timed("  Creating '%s'" % alias):
>                       connection.creation.create_test_db(
                            verbosity=verbosity,
                            autoclobber=not interactive,
                            keepdb=keepdb,
                        )

..\..\..\AppData\Local\Programs\Python\Python313\Lib\site-packages\django\test\utils.py:207: 
_ _ _ _ _ _ _ _ _ _ _ _ _ _ _ _ _ _ _ _ _ _ _ _ _ _ _ _ _ _ _ _ _ _ _ _ _ _ _ _

self = <django.db.backends.postgresql.creation.DatabaseCreation object at 0x000001E2B5727A10>
verbosity = 1, autoclobber = True, serialize = None, keepdb = False

    def create_test_db(
        self, verbosity=1, autoclobber=False, serialize=None, keepdb=False
    ):
        """
        Create a test database, prompting the user for confirmation if the
        database already exists. Return the name of the test database created.
        """
        # Don't import django.core.management if it isn't needed.
        from django.core.management import call_command
    
        test_database_name = self._get_test_db_name()
    
        if verbosity >= 1:
            action = "Creating"
            if keepdb:
                action = "Using existing"
    
            self.log(
                "%s test database for alias %s..."
                % (
                    action,
                    self._get_database_display_str(verbosity, test_database_name),
                )
            )
    
        # We could skip this call if keepdb is True, but we instead
        # give it the keepdb param. This is to handle the case
        # where the test DB doesn't exist, in which case we need to
        # create it, then just not destroy it. If we instead skip
        # this, we will get an exception.
>       self._create_test_db(verbosity, autoclobber, keepdb)

..\..\..\AppData\Local\Programs\Python\Python313\Lib\site-packages\django\db\backends\base\creation.py:69: 
_ _ _ _ _ _ _ _ _ _ _ _ _ _ _ _ _ _ _ _ _ _ _ _ _ _ _ _ _ _ _ _ _ _ _ _ _ _ _ _

self = <django.db.backends.postgresql.creation.DatabaseCreation object at 0x000001E2B5727A10>
verbosity = 1, autoclobber = True, keepdb = False

    def _create_test_db(self, verbosity, autoclobber, keepdb=False):
        """
        Internal implementation - create the test db tables.
        """
        test_database_name = self._get_test_db_name()
        test_db_params = {
            "dbname": self.connection.ops.quote_name(test_database_name),
            "suffix": self.sql_table_creation_suffix(),
        }
        # Create the test database and connect to it.
        with self._nodb_cursor() as cursor:
            try:
>               self._execute_create_test_db(cursor, test_db_params, keepdb)

..\..\..\AppData\Local\Programs\Python\Python313\Lib\site-packages\django\db\backends\base\creation.py:223: 
_ _ _ _ _ _ _ _ _ _ _ _ _ _ _ _ _ _ _ _ _ _ _ _ _ _ _ _ _ _ _ _ _ _ _ _ _ _ _ _

self = <django.db.backends.postgresql.creation.DatabaseCreation object at 0x000001E2B5727A10>
cursor = <django.db.backends.utils.CursorWrapper object at 0x000001E2B5E1E7B0>
parameters = {'dbname': '"test_bougie_db"', 'suffix': ''}, keepdb = False

    def _execute_create_test_db(self, cursor, parameters, keepdb=False):
        try:
            if keepdb and self._database_exists(cursor, parameters["dbname"]):
                # If the database should be kept and it already exists, don't
                # try to create a new one.
                return
            super()._execute_create_test_db(cursor, parameters, keepdb)
        except Exception as e:
            if not isinstance(e.__cause__, errors.DuplicateDatabase):
                # All errors except "database already exists" cancel tests.
                self.log("Got an error creating the test database: %s" % e)
>               sys.exit(2)
E               SystemExit: 2

..\..\..\AppData\Local\Programs\Python\Python313\Lib\site-packages\django\db\backends\postgresql\creation.py:51: SystemExit
---------------------------- Captured stderr setup ----------------------------
Creating test database for alias 'default'...

Got an error creating the test database: ERREUR:  droit refusÚ pour crÚer une base de donnÚes


________ ERROR at setup of TestProducts.test_creation_produit_admin_ok ________

self = <django.db.backends.utils.CursorWrapper object at 0x000001E2B5EA8830>
sql = 'CREATE DATABASE "test_bougie_db" ', params = None
ignored_wrapper_args = (False, {'connection': <DatabaseWrapper vendor='postgresql' alias='__no_db__'>, 'cursor': <django.db.backends.utils.CursorWrapper object at 0x000001E2B5EA8830>})

    def _execute(self, sql, params, *ignored_wrapper_args):
        # Raise a warning during app initialization (stored_app_configs is only
        # ever set during testing).
        if not apps.ready and not apps.stored_app_configs:
            warnings.warn(self.APPS_NOT_READY_WARNING_MSG, category=RuntimeWarning)
        self.db.validate_no_broken_transaction()
        with self.db.wrap_database_errors:
            if params is None:
                # params default might be backend specific.
>               return self.cursor.execute(sql)
                       ^^^^^^^^^^^^^^^^^^^^^^^^
E               psycopg2.errors.InsufficientPrivilege: ERREUR:  droit refusÚ pour crÚer une base de donnÚes

..\..\..\AppData\Local\Programs\Python\Python313\Lib\site-packages\django\db\backends\utils.py:103: InsufficientPrivilege

The above exception was the direct cause of the following exception:

self = <django.db.backends.postgresql.creation.DatabaseCreation object at 0x000001E2B5727A10>
cursor = <django.db.backends.utils.CursorWrapper object at 0x000001E2B5EA8830>
parameters = {'dbname': '"test_bougie_db"', 'suffix': ''}, keepdb = False

    def _execute_create_test_db(self, cursor, parameters, keepdb=False):
        try:
            if keepdb and self._database_exists(cursor, parameters["dbname"]):
                # If the database should be kept and it already exists, don't
                # try to create a new one.
                return
>           super()._execute_create_test_db(cursor, parameters, keepdb)

..\..\..\AppData\Local\Programs\Python\Python313\Lib\site-packages\django\db\backends\postgresql\creation.py:46: 
_ _ _ _ _ _ _ _ _ _ _ _ _ _ _ _ _ _ _ _ _ _ _ _ _ _ _ _ _ _ _ _ _ _ _ _ _ _ _ _

self = <django.db.backends.postgresql.creation.DatabaseCreation object at 0x000001E2B5727A10>
cursor = <django.db.backends.utils.CursorWrapper object at 0x000001E2B5EA8830>
parameters = {'dbname': '"test_bougie_db"', 'suffix': ''}, keepdb = False

    def _execute_create_test_db(self, cursor, parameters, keepdb=False):
>       cursor.execute("CREATE DATABASE %(dbname)s %(suffix)s" % parameters)

..\..\..\AppData\Local\Programs\Python\Python313\Lib\site-packages\django\db\backends\base\creation.py:209: 
_ _ _ _ _ _ _ _ _ _ _ _ _ _ _ _ _ _ _ _ _ _ _ _ _ _ _ _ _ _ _ _ _ _ _ _ _ _ _ _

self = <django.db.backends.utils.CursorWrapper object at 0x000001E2B5EA8830>
sql = 'CREATE DATABASE "test_bougie_db" ', params = None

    def execute(self, sql, params=None):
>       return self._execute_with_wrappers(
            sql, params, many=False, executor=self._execute
        )

..\..\..\AppData\Local\Programs\Python\Python313\Lib\site-packages\django\db\backends\utils.py:79: 
_ _ _ _ _ _ _ _ _ _ _ _ _ _ _ _ _ _ _ _ _ _ _ _ _ _ _ _ _ _ _ _ _ _ _ _ _ _ _ _

self = <django.db.backends.utils.CursorWrapper object at 0x000001E2B5EA8830>
sql = 'CREATE DATABASE "test_bougie_db" ', params = None, many = False
executor = <bound method CursorWrapper._execute of <django.db.backends.utils.CursorWrapper object at 0x000001E2B5EA8830>>

    def _execute_with_wrappers(self, sql, params, many, executor):
        context = {"connection": self.db, "cursor": self}
        for wrapper in reversed(self.db.execute_wrappers):
            executor = functools.partial(wrapper, executor)
>       return executor(sql, params, many, context)
               ^^^^^^^^^^^^^^^^^^^^^^^^^^^^^^^^^^^^

..\..\..\AppData\Local\Programs\Python\Python313\Lib\site-packages\django\db\backends\utils.py:92: 
_ _ _ _ _ _ _ _ _ _ _ _ _ _ _ _ _ _ _ _ _ _ _ _ _ _ _ _ _ _ _ _ _ _ _ _ _ _ _ _

self = <django.db.backends.utils.CursorWrapper object at 0x000001E2B5EA8830>
sql = 'CREATE DATABASE "test_bougie_db" ', params = None
ignored_wrapper_args = (False, {'connection': <DatabaseWrapper vendor='postgresql' alias='__no_db__'>, 'cursor': <django.db.backends.utils.CursorWrapper object at 0x000001E2B5EA8830>})

    def _execute(self, sql, params, *ignored_wrapper_args):
        # Raise a warning during app initialization (stored_app_configs is only
        # ever set during testing).
        if not apps.ready and not apps.stored_app_configs:
            warnings.warn(self.APPS_NOT_READY_WARNING_MSG, category=RuntimeWarning)
        self.db.validate_no_broken_transaction()
>       with self.db.wrap_database_errors:
             ^^^^^^^^^^^^^^^^^^^^^^^^^^^^

..\..\..\AppData\Local\Programs\Python\Python313\Lib\site-packages\django\db\backends\utils.py:100: 
_ _ _ _ _ _ _ _ _ _ _ _ _ _ _ _ _ _ _ _ _ _ _ _ _ _ _ _ _ _ _ _ _ _ _ _ _ _ _ _

self = <django.db.utils.DatabaseErrorWrapper object at 0x000001E2B5F566C0>
exc_type = <class 'psycopg2.errors.InsufficientPrivilege'>
exc_value = InsufficientPrivilege('ERREUR:  droit refusÚ pour crÚer une base de donnÚes\n')
traceback = <traceback object at 0x000001E2B7337400>

    def __exit__(self, exc_type, exc_value, traceback):
        if exc_type is None:
            return
        for dj_exc_type in (
            DataError,
            OperationalError,
            IntegrityError,
            InternalError,
            ProgrammingError,
            NotSupportedError,
            DatabaseError,
            InterfaceError,
            Error,
        ):
            db_exc_type = getattr(self.wrapper.Database, dj_exc_type.__name__)
            if issubclass(exc_type, db_exc_type):
                dj_exc_value = dj_exc_type(*exc_value.args)
                # Only set the 'errors_occurred' flag for errors that may make
                # the connection unusable.
                if dj_exc_type not in (DataError, IntegrityError):
                    self.wrapper.errors_occurred = True
>               raise dj_exc_value.with_traceback(traceback) from exc_value

..\..\..\AppData\Local\Programs\Python\Python313\Lib\site-packages\django\db\utils.py:94: 
_ _ _ _ _ _ _ _ _ _ _ _ _ _ _ _ _ _ _ _ _ _ _ _ _ _ _ _ _ _ _ _ _ _ _ _ _ _ _ _

self = <django.db.backends.utils.CursorWrapper object at 0x000001E2B5EA8830>
sql = 'CREATE DATABASE "test_bougie_db" ', params = None
ignored_wrapper_args = (False, {'connection': <DatabaseWrapper vendor='postgresql' alias='__no_db__'>, 'cursor': <django.db.backends.utils.CursorWrapper object at 0x000001E2B5EA8830>})

    def _execute(self, sql, params, *ignored_wrapper_args):
        # Raise a warning during app initialization (stored_app_configs is only
        # ever set during testing).
        if not apps.ready and not apps.stored_app_configs:
            warnings.warn(self.APPS_NOT_READY_WARNING_MSG, category=RuntimeWarning)
        self.db.validate_no_broken_transaction()
        with self.db.wrap_database_errors:
            if params is None:
                # params default might be backend specific.
>               return self.cursor.execute(sql)
                       ^^^^^^^^^^^^^^^^^^^^^^^^
E               django.db.utils.ProgrammingError: ERREUR:  droit refusÚ pour crÚer une base de donnÚes

..\..\..\AppData\Local\Programs\Python\Python313\Lib\site-packages\django\db\backends\utils.py:103: ProgrammingError

During handling of the above exception, another exception occurred:

request = <SubRequest 'django_db_setup' for <Function test_creation_produit_admin_ok>>
django_test_environment = None
django_db_blocker = <pytest_django.plugin.DjangoDbBlocker object at 0x000001E2B29934D0>
django_db_use_migrations = True, django_db_keepdb = False
django_db_createdb = False, django_db_modify_db_settings = None

    @pytest.fixture(scope="session")
    def django_db_setup(
        request: pytest.FixtureRequest,
        django_test_environment: None,  # noqa: ARG001
        django_db_blocker: DjangoDbBlocker,
        django_db_use_migrations: bool,
        django_db_keepdb: bool,
        django_db_createdb: bool,
        django_db_modify_db_settings: None,  # noqa: ARG001
    ) -> Generator[None, None, None]:
        """Top level fixture to ensure test databases are available"""
        from django.test.utils import setup_databases, teardown_databases
    
        setup_databases_args = {}
    
        if not django_db_use_migrations:
            _disable_migrations()
    
        if django_db_keepdb and not django_db_createdb:
            setup_databases_args["keepdb"] = True
    
        aliases, serialized_aliases = _get_databases_for_setup(request.session.items)
    
        with django_db_blocker.unblock():
>           db_cfg = setup_databases(
                verbosity=request.config.option.verbose,
                interactive=False,
                aliases=aliases,
                serialized_aliases=serialized_aliases,
                **setup_databases_args,
            )

..\..\..\AppData\Local\Programs\Python\Python313\Lib\site-packages\pytest_django\fixtures.py:186: 
_ _ _ _ _ _ _ _ _ _ _ _ _ _ _ _ _ _ _ _ _ _ _ _ _ _ _ _ _ _ _ _ _ _ _ _ _ _ _ _

verbosity = 1, interactive = False
time_keeper = <django.test.utils.NullTimeKeeper object at 0x000001E2B5F55130>
keepdb = False, debug_sql = False, parallel = 0, aliases = ['default']
serialized_aliases = set(), kwargs = {}
test_databases = {('127.0.0.1', '5432', 'django.db.backends.postgresql', 'test_bougie_db'): ('bougie_db', ['default'])}

    def setup_databases(
        verbosity,
        interactive,
        *,
        time_keeper=None,
        keepdb=False,
        debug_sql=False,
        parallel=0,
        aliases=None,
        serialized_aliases=None,
        **kwargs,
    ):
        """Create the test databases."""
        if time_keeper is None:
            time_keeper = NullTimeKeeper()
    
        test_databases, mirrored_aliases = get_unique_databases_and_mirrors(aliases)
    
        old_names = []
        serialize_connections = []
    
        for db_name, aliases in test_databases.values():
            first_alias = None
            for alias in aliases:
                connection = connections[alias]
                old_names.append((connection, db_name, first_alias is None))
    
                # Actually create the database for the first connection
                if first_alias is None:
                    first_alias = alias
                    with time_keeper.timed("  Creating '%s'" % alias):
>                       connection.creation.create_test_db(
                            verbosity=verbosity,
                            autoclobber=not interactive,
                            keepdb=keepdb,
                        )

..\..\..\AppData\Local\Programs\Python\Python313\Lib\site-packages\django\test\utils.py:207: 
_ _ _ _ _ _ _ _ _ _ _ _ _ _ _ _ _ _ _ _ _ _ _ _ _ _ _ _ _ _ _ _ _ _ _ _ _ _ _ _

self = <django.db.backends.postgresql.creation.DatabaseCreation object at 0x000001E2B5727A10>
verbosity = 1, autoclobber = True, serialize = None, keepdb = False

    def create_test_db(
        self, verbosity=1, autoclobber=False, serialize=None, keepdb=False
    ):
        """
        Create a test database, prompting the user for confirmation if the
        database already exists. Return the name of the test database created.
        """
        # Don't import django.core.management if it isn't needed.
        from django.core.management import call_command
    
        test_database_name = self._get_test_db_name()
    
        if verbosity >= 1:
            action = "Creating"
            if keepdb:
                action = "Using existing"
    
            self.log(
                "%s test database for alias %s..."
                % (
                    action,
                    self._get_database_display_str(verbosity, test_database_name),
                )
            )
    
        # We could skip this call if keepdb is True, but we instead
        # give it the keepdb param. This is to handle the case
        # where the test DB doesn't exist, in which case we need to
        # create it, then just not destroy it. If we instead skip
        # this, we will get an exception.
>       self._create_test_db(verbosity, autoclobber, keepdb)

..\..\..\AppData\Local\Programs\Python\Python313\Lib\site-packages\django\db\backends\base\creation.py:69: 
_ _ _ _ _ _ _ _ _ _ _ _ _ _ _ _ _ _ _ _ _ _ _ _ _ _ _ _ _ _ _ _ _ _ _ _ _ _ _ _

self = <django.db.backends.postgresql.creation.DatabaseCreation object at 0x000001E2B5727A10>
verbosity = 1, autoclobber = True, keepdb = False

    def _create_test_db(self, verbosity, autoclobber, keepdb=False):
        """
        Internal implementation - create the test db tables.
        """
        test_database_name = self._get_test_db_name()
        test_db_params = {
            "dbname": self.connection.ops.quote_name(test_database_name),
            "suffix": self.sql_table_creation_suffix(),
        }
        # Create the test database and connect to it.
        with self._nodb_cursor() as cursor:
            try:
>               self._execute_create_test_db(cursor, test_db_params, keepdb)

..\..\..\AppData\Local\Programs\Python\Python313\Lib\site-packages\django\db\backends\base\creation.py:223: 
_ _ _ _ _ _ _ _ _ _ _ _ _ _ _ _ _ _ _ _ _ _ _ _ _ _ _ _ _ _ _ _ _ _ _ _ _ _ _ _

self = <django.db.backends.postgresql.creation.DatabaseCreation object at 0x000001E2B5727A10>
cursor = <django.db.backends.utils.CursorWrapper object at 0x000001E2B5EA8830>
parameters = {'dbname': '"test_bougie_db"', 'suffix': ''}, keepdb = False

    def _execute_create_test_db(self, cursor, parameters, keepdb=False):
        try:
            if keepdb and self._database_exists(cursor, parameters["dbname"]):
                # If the database should be kept and it already exists, don't
                # try to create a new one.
                return
            super()._execute_create_test_db(cursor, parameters, keepdb)
        except Exception as e:
            if not isinstance(e.__cause__, errors.DuplicateDatabase):
                # All errors except "database already exists" cancel tests.
                self.log("Got an error creating the test database: %s" % e)
>               sys.exit(2)
E               SystemExit: 2

..\..\..\AppData\Local\Programs\Python\Python313\Lib\site-packages\django\db\backends\postgresql\creation.py:51: SystemExit
---------------------------- Captured stderr setup ----------------------------
Creating test database for alias 'default'...

Got an error creating the test database: ERREUR:  droit refusÚ pour crÚer une base de donnÚes


_ ERROR at setup of TestProducts.test_suppression_produit_user_normal_interdit _

self = <django.db.backends.utils.CursorWrapper object at 0x000001E2B5F30130>
sql = 'CREATE DATABASE "test_bougie_db" ', params = None
ignored_wrapper_args = (False, {'connection': <DatabaseWrapper vendor='postgresql' alias='__no_db__'>, 'cursor': <django.db.backends.utils.CursorWrapper object at 0x000001E2B5F30130>})

    def _execute(self, sql, params, *ignored_wrapper_args):
        # Raise a warning during app initialization (stored_app_configs is only
        # ever set during testing).
        if not apps.ready and not apps.stored_app_configs:
            warnings.warn(self.APPS_NOT_READY_WARNING_MSG, category=RuntimeWarning)
        self.db.validate_no_broken_transaction()
        with self.db.wrap_database_errors:
            if params is None:
                # params default might be backend specific.
>               return self.cursor.execute(sql)
                       ^^^^^^^^^^^^^^^^^^^^^^^^
E               psycopg2.errors.InsufficientPrivilege: ERREUR:  droit refusÚ pour crÚer une base de donnÚes

..\..\..\AppData\Local\Programs\Python\Python313\Lib\site-packages\django\db\backends\utils.py:103: InsufficientPrivilege

The above exception was the direct cause of the following exception:

self = <django.db.backends.postgresql.creation.DatabaseCreation object at 0x000001E2B5727A10>
cursor = <django.db.backends.utils.CursorWrapper object at 0x000001E2B5F30130>
parameters = {'dbname': '"test_bougie_db"', 'suffix': ''}, keepdb = False

    def _execute_create_test_db(self, cursor, parameters, keepdb=False):
        try:
            if keepdb and self._database_exists(cursor, parameters["dbname"]):
                # If the database should be kept and it already exists, don't
                # try to create a new one.
                return
>           super()._execute_create_test_db(cursor, parameters, keepdb)

..\..\..\AppData\Local\Programs\Python\Python313\Lib\site-packages\django\db\backends\postgresql\creation.py:46: 
_ _ _ _ _ _ _ _ _ _ _ _ _ _ _ _ _ _ _ _ _ _ _ _ _ _ _ _ _ _ _ _ _ _ _ _ _ _ _ _

self = <django.db.backends.postgresql.creation.DatabaseCreation object at 0x000001E2B5727A10>
cursor = <django.db.backends.utils.CursorWrapper object at 0x000001E2B5F30130>
parameters = {'dbname': '"test_bougie_db"', 'suffix': ''}, keepdb = False

    def _execute_create_test_db(self, cursor, parameters, keepdb=False):
>       cursor.execute("CREATE DATABASE %(dbname)s %(suffix)s" % parameters)

..\..\..\AppData\Local\Programs\Python\Python313\Lib\site-packages\django\db\backends\base\creation.py:209: 
_ _ _ _ _ _ _ _ _ _ _ _ _ _ _ _ _ _ _ _ _ _ _ _ _ _ _ _ _ _ _ _ _ _ _ _ _ _ _ _

self = <django.db.backends.utils.CursorWrapper object at 0x000001E2B5F30130>
sql = 'CREATE DATABASE "test_bougie_db" ', params = None

    def execute(self, sql, params=None):
>       return self._execute_with_wrappers(
            sql, params, many=False, executor=self._execute
        )

..\..\..\AppData\Local\Programs\Python\Python313\Lib\site-packages\django\db\backends\utils.py:79: 
_ _ _ _ _ _ _ _ _ _ _ _ _ _ _ _ _ _ _ _ _ _ _ _ _ _ _ _ _ _ _ _ _ _ _ _ _ _ _ _

self = <django.db.backends.utils.CursorWrapper object at 0x000001E2B5F30130>
sql = 'CREATE DATABASE "test_bougie_db" ', params = None, many = False
executor = <bound method CursorWrapper._execute of <django.db.backends.utils.CursorWrapper object at 0x000001E2B5F30130>>

    def _execute_with_wrappers(self, sql, params, many, executor):
        context = {"connection": self.db, "cursor": self}
        for wrapper in reversed(self.db.execute_wrappers):
            executor = functools.partial(wrapper, executor)
>       return executor(sql, params, many, context)
               ^^^^^^^^^^^^^^^^^^^^^^^^^^^^^^^^^^^^

..\..\..\AppData\Local\Programs\Python\Python313\Lib\site-packages\django\db\backends\utils.py:92: 
_ _ _ _ _ _ _ _ _ _ _ _ _ _ _ _ _ _ _ _ _ _ _ _ _ _ _ _ _ _ _ _ _ _ _ _ _ _ _ _

self = <django.db.backends.utils.CursorWrapper object at 0x000001E2B5F30130>
sql = 'CREATE DATABASE "test_bougie_db" ', params = None
ignored_wrapper_args = (False, {'connection': <DatabaseWrapper vendor='postgresql' alias='__no_db__'>, 'cursor': <django.db.backends.utils.CursorWrapper object at 0x000001E2B5F30130>})

    def _execute(self, sql, params, *ignored_wrapper_args):
        # Raise a warning during app initialization (stored_app_configs is only
        # ever set during testing).
        if not apps.ready and not apps.stored_app_configs:
            warnings.warn(self.APPS_NOT_READY_WARNING_MSG, category=RuntimeWarning)
        self.db.validate_no_broken_transaction()
>       with self.db.wrap_database_errors:
             ^^^^^^^^^^^^^^^^^^^^^^^^^^^^

..\..\..\AppData\Local\Programs\Python\Python313\Lib\site-packages\django\db\backends\utils.py:100: 
_ _ _ _ _ _ _ _ _ _ _ _ _ _ _ _ _ _ _ _ _ _ _ _ _ _ _ _ _ _ _ _ _ _ _ _ _ _ _ _

self = <django.db.utils.DatabaseErrorWrapper object at 0x000001E2B5F30210>
exc_type = <class 'psycopg2.errors.InsufficientPrivilege'>
exc_value = InsufficientPrivilege('ERREUR:  droit refusÚ pour crÚer une base de donnÚes\n')
traceback = <traceback object at 0x000001E2B5E9DAC0>

    def __exit__(self, exc_type, exc_value, traceback):
        if exc_type is None:
            return
        for dj_exc_type in (
            DataError,
            OperationalError,
            IntegrityError,
            InternalError,
            ProgrammingError,
            NotSupportedError,
            DatabaseError,
            InterfaceError,
            Error,
        ):
            db_exc_type = getattr(self.wrapper.Database, dj_exc_type.__name__)
            if issubclass(exc_type, db_exc_type):
                dj_exc_value = dj_exc_type(*exc_value.args)
                # Only set the 'errors_occurred' flag for errors that may make
                # the connection unusable.
                if dj_exc_type not in (DataError, IntegrityError):
                    self.wrapper.errors_occurred = True
>               raise dj_exc_value.with_traceback(traceback) from exc_value

..\..\..\AppData\Local\Programs\Python\Python313\Lib\site-packages\django\db\utils.py:94: 
_ _ _ _ _ _ _ _ _ _ _ _ _ _ _ _ _ _ _ _ _ _ _ _ _ _ _ _ _ _ _ _ _ _ _ _ _ _ _ _

self = <django.db.backends.utils.CursorWrapper object at 0x000001E2B5F30130>
sql = 'CREATE DATABASE "test_bougie_db" ', params = None
ignored_wrapper_args = (False, {'connection': <DatabaseWrapper vendor='postgresql' alias='__no_db__'>, 'cursor': <django.db.backends.utils.CursorWrapper object at 0x000001E2B5F30130>})

    def _execute(self, sql, params, *ignored_wrapper_args):
        # Raise a warning during app initialization (stored_app_configs is only
        # ever set during testing).
        if not apps.ready and not apps.stored_app_configs:
            warnings.warn(self.APPS_NOT_READY_WARNING_MSG, category=RuntimeWarning)
        self.db.validate_no_broken_transaction()
        with self.db.wrap_database_errors:
            if params is None:
                # params default might be backend specific.
>               return self.cursor.execute(sql)
                       ^^^^^^^^^^^^^^^^^^^^^^^^
E               django.db.utils.ProgrammingError: ERREUR:  droit refusÚ pour crÚer une base de donnÚes

..\..\..\AppData\Local\Programs\Python\Python313\Lib\site-packages\django\db\backends\utils.py:103: ProgrammingError

During handling of the above exception, another exception occurred:

request = <SubRequest 'django_db_setup' for <Function test_suppression_produit_user_normal_interdit>>
django_test_environment = None
django_db_blocker = <pytest_django.plugin.DjangoDbBlocker object at 0x000001E2B29934D0>
django_db_use_migrations = True, django_db_keepdb = False
django_db_createdb = False, django_db_modify_db_settings = None

    @pytest.fixture(scope="session")
    def django_db_setup(
        request: pytest.FixtureRequest,
        django_test_environment: None,  # noqa: ARG001
        django_db_blocker: DjangoDbBlocker,
        django_db_use_migrations: bool,
        django_db_keepdb: bool,
        django_db_createdb: bool,
        django_db_modify_db_settings: None,  # noqa: ARG001
    ) -> Generator[None, None, None]:
        """Top level fixture to ensure test databases are available"""
        from django.test.utils import setup_databases, teardown_databases
    
        setup_databases_args = {}
    
        if not django_db_use_migrations:
            _disable_migrations()
    
        if django_db_keepdb and not django_db_createdb:
            setup_databases_args["keepdb"] = True
    
        aliases, serialized_aliases = _get_databases_for_setup(request.session.items)
    
        with django_db_blocker.unblock():
>           db_cfg = setup_databases(
                verbosity=request.config.option.verbose,
                interactive=False,
                aliases=aliases,
                serialized_aliases=serialized_aliases,
                **setup_databases_args,
            )

..\..\..\AppData\Local\Programs\Python\Python313\Lib\site-packages\pytest_django\fixtures.py:186: 
_ _ _ _ _ _ _ _ _ _ _ _ _ _ _ _ _ _ _ _ _ _ _ _ _ _ _ _ _ _ _ _ _ _ _ _ _ _ _ _

verbosity = 1, interactive = False
time_keeper = <django.test.utils.NullTimeKeeper object at 0x000001E2B5EAB930>
keepdb = False, debug_sql = False, parallel = 0, aliases = ['default']
serialized_aliases = set(), kwargs = {}
test_databases = {('127.0.0.1', '5432', 'django.db.backends.postgresql', 'test_bougie_db'): ('bougie_db', ['default'])}

    def setup_databases(
        verbosity,
        interactive,
        *,
        time_keeper=None,
        keepdb=False,
        debug_sql=False,
        parallel=0,
        aliases=None,
        serialized_aliases=None,
        **kwargs,
    ):
        """Create the test databases."""
        if time_keeper is None:
            time_keeper = NullTimeKeeper()
    
        test_databases, mirrored_aliases = get_unique_databases_and_mirrors(aliases)
    
        old_names = []
        serialize_connections = []
    
        for db_name, aliases in test_databases.values():
            first_alias = None
            for alias in aliases:
                connection = connections[alias]
                old_names.append((connection, db_name, first_alias is None))
    
                # Actually create the database for the first connection
                if first_alias is None:
                    first_alias = alias
                    with time_keeper.timed("  Creating '%s'" % alias):
>                       connection.creation.create_test_db(
                            verbosity=verbosity,
                            autoclobber=not interactive,
                            keepdb=keepdb,
                        )

..\..\..\AppData\Local\Programs\Python\Python313\Lib\site-packages\django\test\utils.py:207: 
_ _ _ _ _ _ _ _ _ _ _ _ _ _ _ _ _ _ _ _ _ _ _ _ _ _ _ _ _ _ _ _ _ _ _ _ _ _ _ _

self = <django.db.backends.postgresql.creation.DatabaseCreation object at 0x000001E2B5727A10>
verbosity = 1, autoclobber = True, serialize = None, keepdb = False

    def create_test_db(
        self, verbosity=1, autoclobber=False, serialize=None, keepdb=False
    ):
        """
        Create a test database, prompting the user for confirmation if the
        database already exists. Return the name of the test database created.
        """
        # Don't import django.core.management if it isn't needed.
        from django.core.management import call_command
    
        test_database_name = self._get_test_db_name()
    
        if verbosity >= 1:
            action = "Creating"
            if keepdb:
                action = "Using existing"
    
            self.log(
                "%s test database for alias %s..."
                % (
                    action,
                    self._get_database_display_str(verbosity, test_database_name),
                )
            )
    
        # We could skip this call if keepdb is True, but we instead
        # give it the keepdb param. This is to handle the case
        # where the test DB doesn't exist, in which case we need to
        # create it, then just not destroy it. If we instead skip
        # this, we will get an exception.
>       self._create_test_db(verbosity, autoclobber, keepdb)

..\..\..\AppData\Local\Programs\Python\Python313\Lib\site-packages\django\db\backends\base\creation.py:69: 
_ _ _ _ _ _ _ _ _ _ _ _ _ _ _ _ _ _ _ _ _ _ _ _ _ _ _ _ _ _ _ _ _ _ _ _ _ _ _ _

self = <django.db.backends.postgresql.creation.DatabaseCreation object at 0x000001E2B5727A10>
verbosity = 1, autoclobber = True, keepdb = False

    def _create_test_db(self, verbosity, autoclobber, keepdb=False):
        """
        Internal implementation - create the test db tables.
        """
        test_database_name = self._get_test_db_name()
        test_db_params = {
            "dbname": self.connection.ops.quote_name(test_database_name),
            "suffix": self.sql_table_creation_suffix(),
        }
        # Create the test database and connect to it.
        with self._nodb_cursor() as cursor:
            try:
>               self._execute_create_test_db(cursor, test_db_params, keepdb)

..\..\..\AppData\Local\Programs\Python\Python313\Lib\site-packages\django\db\backends\base\creation.py:223: 
_ _ _ _ _ _ _ _ _ _ _ _ _ _ _ _ _ _ _ _ _ _ _ _ _ _ _ _ _ _ _ _ _ _ _ _ _ _ _ _

self = <django.db.backends.postgresql.creation.DatabaseCreation object at 0x000001E2B5727A10>
cursor = <django.db.backends.utils.CursorWrapper object at 0x000001E2B5F30130>
parameters = {'dbname': '"test_bougie_db"', 'suffix': ''}, keepdb = False

    def _execute_create_test_db(self, cursor, parameters, keepdb=False):
        try:
            if keepdb and self._database_exists(cursor, parameters["dbname"]):
                # If the database should be kept and it already exists, don't
                # try to create a new one.
                return
            super()._execute_create_test_db(cursor, parameters, keepdb)
        except Exception as e:
            if not isinstance(e.__cause__, errors.DuplicateDatabase):
                # All errors except "database already exists" cancel tests.
                self.log("Got an error creating the test database: %s" % e)
>               sys.exit(2)
E               SystemExit: 2

..\..\..\AppData\Local\Programs\Python\Python313\Lib\site-packages\django\db\backends\postgresql\creation.py:51: SystemExit
---------------------------- Captured stderr setup ----------------------------
Creating test database for alias 'default'...

Got an error creating the test database: ERREUR:  droit refusÚ pour crÚer une base de donnÚes


_____ ERROR at setup of TestOrders.test_user_ne_voit_pas_commandes_autres _____

self = <django.db.backends.utils.CursorWrapper object at 0x000001E2B7364940>
sql = 'CREATE DATABASE "test_bougie_db" ', params = None
ignored_wrapper_args = (False, {'connection': <DatabaseWrapper vendor='postgresql' alias='__no_db__'>, 'cursor': <django.db.backends.utils.CursorWrapper object at 0x000001E2B7364940>})

    def _execute(self, sql, params, *ignored_wrapper_args):
        # Raise a warning during app initialization (stored_app_configs is only
        # ever set during testing).
        if not apps.ready and not apps.stored_app_configs:
            warnings.warn(self.APPS_NOT_READY_WARNING_MSG, category=RuntimeWarning)
        self.db.validate_no_broken_transaction()
        with self.db.wrap_database_errors:
            if params is None:
                # params default might be backend specific.
>               return self.cursor.execute(sql)
                       ^^^^^^^^^^^^^^^^^^^^^^^^
E               psycopg2.errors.InsufficientPrivilege: ERREUR:  droit refusÚ pour crÚer une base de donnÚes

..\..\..\AppData\Local\Programs\Python\Python313\Lib\site-packages\django\db\backends\utils.py:103: InsufficientPrivilege

The above exception was the direct cause of the following exception:

self = <django.db.backends.postgresql.creation.DatabaseCreation object at 0x000001E2B5727A10>
cursor = <django.db.backends.utils.CursorWrapper object at 0x000001E2B7364940>
parameters = {'dbname': '"test_bougie_db"', 'suffix': ''}, keepdb = False

    def _execute_create_test_db(self, cursor, parameters, keepdb=False):
        try:
            if keepdb and self._database_exists(cursor, parameters["dbname"]):
                # If the database should be kept and it already exists, don't
                # try to create a new one.
                return
>           super()._execute_create_test_db(cursor, parameters, keepdb)

..\..\..\AppData\Local\Programs\Python\Python313\Lib\site-packages\django\db\backends\postgresql\creation.py:46: 
_ _ _ _ _ _ _ _ _ _ _ _ _ _ _ _ _ _ _ _ _ _ _ _ _ _ _ _ _ _ _ _ _ _ _ _ _ _ _ _

self = <django.db.backends.postgresql.creation.DatabaseCreation object at 0x000001E2B5727A10>
cursor = <django.db.backends.utils.CursorWrapper object at 0x000001E2B7364940>
parameters = {'dbname': '"test_bougie_db"', 'suffix': ''}, keepdb = False

    def _execute_create_test_db(self, cursor, parameters, keepdb=False):
>       cursor.execute("CREATE DATABASE %(dbname)s %(suffix)s" % parameters)

..\..\..\AppData\Local\Programs\Python\Python313\Lib\site-packages\django\db\backends\base\creation.py:209: 
_ _ _ _ _ _ _ _ _ _ _ _ _ _ _ _ _ _ _ _ _ _ _ _ _ _ _ _ _ _ _ _ _ _ _ _ _ _ _ _

self = <django.db.backends.utils.CursorWrapper object at 0x000001E2B7364940>
sql = 'CREATE DATABASE "test_bougie_db" ', params = None

    def execute(self, sql, params=None):
>       return self._execute_with_wrappers(
            sql, params, many=False, executor=self._execute
        )

..\..\..\AppData\Local\Programs\Python\Python313\Lib\site-packages\django\db\backends\utils.py:79: 
_ _ _ _ _ _ _ _ _ _ _ _ _ _ _ _ _ _ _ _ _ _ _ _ _ _ _ _ _ _ _ _ _ _ _ _ _ _ _ _

self = <django.db.backends.utils.CursorWrapper object at 0x000001E2B7364940>
sql = 'CREATE DATABASE "test_bougie_db" ', params = None, many = False
executor = <bound method CursorWrapper._execute of <django.db.backends.utils.CursorWrapper object at 0x000001E2B7364940>>

    def _execute_with_wrappers(self, sql, params, many, executor):
        context = {"connection": self.db, "cursor": self}
        for wrapper in reversed(self.db.execute_wrappers):
            executor = functools.partial(wrapper, executor)
>       return executor(sql, params, many, context)
               ^^^^^^^^^^^^^^^^^^^^^^^^^^^^^^^^^^^^

..\..\..\AppData\Local\Programs\Python\Python313\Lib\site-packages\django\db\backends\utils.py:92: 
_ _ _ _ _ _ _ _ _ _ _ _ _ _ _ _ _ _ _ _ _ _ _ _ _ _ _ _ _ _ _ _ _ _ _ _ _ _ _ _

self = <django.db.backends.utils.CursorWrapper object at 0x000001E2B7364940>
sql = 'CREATE DATABASE "test_bougie_db" ', params = None
ignored_wrapper_args = (False, {'connection': <DatabaseWrapper vendor='postgresql' alias='__no_db__'>, 'cursor': <django.db.backends.utils.CursorWrapper object at 0x000001E2B7364940>})

    def _execute(self, sql, params, *ignored_wrapper_args):
        # Raise a warning during app initialization (stored_app_configs is only
        # ever set during testing).
        if not apps.ready and not apps.stored_app_configs:
            warnings.warn(self.APPS_NOT_READY_WARNING_MSG, category=RuntimeWarning)
        self.db.validate_no_broken_transaction()
>       with self.db.wrap_database_errors:
             ^^^^^^^^^^^^^^^^^^^^^^^^^^^^

..\..\..\AppData\Local\Programs\Python\Python313\Lib\site-packages\django\db\backends\utils.py:100: 
_ _ _ _ _ _ _ _ _ _ _ _ _ _ _ _ _ _ _ _ _ _ _ _ _ _ _ _ _ _ _ _ _ _ _ _ _ _ _ _

self = <django.db.utils.DatabaseErrorWrapper object at 0x000001E2B5EA8830>
exc_type = <class 'psycopg2.errors.InsufficientPrivilege'>
exc_value = InsufficientPrivilege('ERREUR:  droit refusÚ pour crÚer une base de donnÚes\n')
traceback = <traceback object at 0x000001E2B755D7C0>

    def __exit__(self, exc_type, exc_value, traceback):
        if exc_type is None:
            return
        for dj_exc_type in (
            DataError,
            OperationalError,
            IntegrityError,
            InternalError,
            ProgrammingError,
            NotSupportedError,
            DatabaseError,
            InterfaceError,
            Error,
        ):
            db_exc_type = getattr(self.wrapper.Database, dj_exc_type.__name__)
            if issubclass(exc_type, db_exc_type):
                dj_exc_value = dj_exc_type(*exc_value.args)
                # Only set the 'errors_occurred' flag for errors that may make
                # the connection unusable.
                if dj_exc_type not in (DataError, IntegrityError):
                    self.wrapper.errors_occurred = True
>               raise dj_exc_value.with_traceback(traceback) from exc_value

..\..\..\AppData\Local\Programs\Python\Python313\Lib\site-packages\django\db\utils.py:94: 
_ _ _ _ _ _ _ _ _ _ _ _ _ _ _ _ _ _ _ _ _ _ _ _ _ _ _ _ _ _ _ _ _ _ _ _ _ _ _ _

self = <django.db.backends.utils.CursorWrapper object at 0x000001E2B7364940>
sql = 'CREATE DATABASE "test_bougie_db" ', params = None
ignored_wrapper_args = (False, {'connection': <DatabaseWrapper vendor='postgresql' alias='__no_db__'>, 'cursor': <django.db.backends.utils.CursorWrapper object at 0x000001E2B7364940>})

    def _execute(self, sql, params, *ignored_wrapper_args):
        # Raise a warning during app initialization (stored_app_configs is only
        # ever set during testing).
        if not apps.ready and not apps.stored_app_configs:
            warnings.warn(self.APPS_NOT_READY_WARNING_MSG, category=RuntimeWarning)
        self.db.validate_no_broken_transaction()
        with self.db.wrap_database_errors:
            if params is None:
                # params default might be backend specific.
>               return self.cursor.execute(sql)
                       ^^^^^^^^^^^^^^^^^^^^^^^^
E               django.db.utils.ProgrammingError: ERREUR:  droit refusÚ pour crÚer une base de donnÚes

..\..\..\AppData\Local\Programs\Python\Python313\Lib\site-packages\django\db\backends\utils.py:103: ProgrammingError

During handling of the above exception, another exception occurred:

request = <SubRequest 'django_db_setup' for <Function test_user_ne_voit_pas_commandes_autres>>
django_test_environment = None
django_db_blocker = <pytest_django.plugin.DjangoDbBlocker object at 0x000001E2B29934D0>
django_db_use_migrations = True, django_db_keepdb = False
django_db_createdb = False, django_db_modify_db_settings = None

    @pytest.fixture(scope="session")
    def django_db_setup(
        request: pytest.FixtureRequest,
        django_test_environment: None,  # noqa: ARG001
        django_db_blocker: DjangoDbBlocker,
        django_db_use_migrations: bool,
        django_db_keepdb: bool,
        django_db_createdb: bool,
        django_db_modify_db_settings: None,  # noqa: ARG001
    ) -> Generator[None, None, None]:
        """Top level fixture to ensure test databases are available"""
        from django.test.utils import setup_databases, teardown_databases
    
        setup_databases_args = {}
    
        if not django_db_use_migrations:
            _disable_migrations()
    
        if django_db_keepdb and not django_db_createdb:
            setup_databases_args["keepdb"] = True
    
        aliases, serialized_aliases = _get_databases_for_setup(request.session.items)
    
        with django_db_blocker.unblock():
>           db_cfg = setup_databases(
                verbosity=request.config.option.verbose,
                interactive=False,
                aliases=aliases,
                serialized_aliases=serialized_aliases,
                **setup_databases_args,
            )

..\..\..\AppData\Local\Programs\Python\Python313\Lib\site-packages\pytest_django\fixtures.py:186: 
_ _ _ _ _ _ _ _ _ _ _ _ _ _ _ _ _ _ _ _ _ _ _ _ _ _ _ _ _ _ _ _ _ _ _ _ _ _ _ _

verbosity = 1, interactive = False
time_keeper = <django.test.utils.NullTimeKeeper object at 0x000001E2B5EA99B0>
keepdb = False, debug_sql = False, parallel = 0, aliases = ['default']
serialized_aliases = set(), kwargs = {}
test_databases = {('127.0.0.1', '5432', 'django.db.backends.postgresql', 'test_bougie_db'): ('bougie_db', ['default'])}

    def setup_databases(
        verbosity,
        interactive,
        *,
        time_keeper=None,
        keepdb=False,
        debug_sql=False,
        parallel=0,
        aliases=None,
        serialized_aliases=None,
        **kwargs,
    ):
        """Create the test databases."""
        if time_keeper is None:
            time_keeper = NullTimeKeeper()
    
        test_databases, mirrored_aliases = get_unique_databases_and_mirrors(aliases)
    
        old_names = []
        serialize_connections = []
    
        for db_name, aliases in test_databases.values():
            first_alias = None
            for alias in aliases:
                connection = connections[alias]
                old_names.append((connection, db_name, first_alias is None))
    
                # Actually create the database for the first connection
                if first_alias is None:
                    first_alias = alias
                    with time_keeper.timed("  Creating '%s'" % alias):
>                       connection.creation.create_test_db(
                            verbosity=verbosity,
                            autoclobber=not interactive,
                            keepdb=keepdb,
                        )

..\..\..\AppData\Local\Programs\Python\Python313\Lib\site-packages\django\test\utils.py:207: 
_ _ _ _ _ _ _ _ _ _ _ _ _ _ _ _ _ _ _ _ _ _ _ _ _ _ _ _ _ _ _ _ _ _ _ _ _ _ _ _

self = <django.db.backends.postgresql.creation.DatabaseCreation object at 0x000001E2B5727A10>
verbosity = 1, autoclobber = True, serialize = None, keepdb = False

    def create_test_db(
        self, verbosity=1, autoclobber=False, serialize=None, keepdb=False
    ):
        """
        Create a test database, prompting the user for confirmation if the
        database already exists. Return the name of the test database created.
        """
        # Don't import django.core.management if it isn't needed.
        from django.core.management import call_command
    
        test_database_name = self._get_test_db_name()
    
        if verbosity >= 1:
            action = "Creating"
            if keepdb:
                action = "Using existing"
    
            self.log(
                "%s test database for alias %s..."
                % (
                    action,
                    self._get_database_display_str(verbosity, test_database_name),
                )
            )
    
        # We could skip this call if keepdb is True, but we instead
        # give it the keepdb param. This is to handle the case
        # where the test DB doesn't exist, in which case we need to
        # create it, then just not destroy it. If we instead skip
        # this, we will get an exception.
>       self._create_test_db(verbosity, autoclobber, keepdb)

..\..\..\AppData\Local\Programs\Python\Python313\Lib\site-packages\django\db\backends\base\creation.py:69: 
_ _ _ _ _ _ _ _ _ _ _ _ _ _ _ _ _ _ _ _ _ _ _ _ _ _ _ _ _ _ _ _ _ _ _ _ _ _ _ _

self = <django.db.backends.postgresql.creation.DatabaseCreation object at 0x000001E2B5727A10>
verbosity = 1, autoclobber = True, keepdb = False

    def _create_test_db(self, verbosity, autoclobber, keepdb=False):
        """
        Internal implementation - create the test db tables.
        """
        test_database_name = self._get_test_db_name()
        test_db_params = {
            "dbname": self.connection.ops.quote_name(test_database_name),
            "suffix": self.sql_table_creation_suffix(),
        }
        # Create the test database and connect to it.
        with self._nodb_cursor() as cursor:
            try:
>               self._execute_create_test_db(cursor, test_db_params, keepdb)

..\..\..\AppData\Local\Programs\Python\Python313\Lib\site-packages\django\db\backends\base\creation.py:223: 
_ _ _ _ _ _ _ _ _ _ _ _ _ _ _ _ _ _ _ _ _ _ _ _ _ _ _ _ _ _ _ _ _ _ _ _ _ _ _ _

self = <django.db.backends.postgresql.creation.DatabaseCreation object at 0x000001E2B5727A10>
cursor = <django.db.backends.utils.CursorWrapper object at 0x000001E2B7364940>
parameters = {'dbname': '"test_bougie_db"', 'suffix': ''}, keepdb = False

    def _execute_create_test_db(self, cursor, parameters, keepdb=False):
        try:
            if keepdb and self._database_exists(cursor, parameters["dbname"]):
                # If the database should be kept and it already exists, don't
                # try to create a new one.
                return
            super()._execute_create_test_db(cursor, parameters, keepdb)
        except Exception as e:
            if not isinstance(e.__cause__, errors.DuplicateDatabase):
                # All errors except "database already exists" cancel tests.
                self.log("Got an error creating the test database: %s" % e)
>               sys.exit(2)
E               SystemExit: 2

..\..\..\AppData\Local\Programs\Python\Python313\Lib\site-packages\django\db\backends\postgresql\creation.py:51: SystemExit
---------------------------- Captured stderr setup ----------------------------
Creating test database for alias 'default'...

Got an error creating the test database: ERREUR:  droit refusÚ pour crÚer une base de donnÚes


=========================== short test summary info ===========================
ERROR store/tests.py::TestRegister::test_register_ok - SystemExit: 2
ERROR store/tests.py::TestRegister::test_register_mot_de_passe_trop_court - S...
ERROR store/tests.py::TestRegister::test_register_email_duplique - SystemExit: 2
ERROR store/tests.py::TestLogin::test_login_ok - SystemExit: 2
ERROR store/tests.py::TestLogin::test_login_mauvais_mot_de_passe - SystemExit: 2
ERROR store/tests.py::TestLogin::test_login_email_inexistant - SystemExit: 2
ERROR store/tests.py::TestLogin::test_login_compte_inactif - SystemExit: 2
ERROR store/tests.py::TestProfile::test_profil_authentifie - SystemExit: 2
ERROR store/tests.py::TestProfile::test_user_ne_peut_pas_modifier_ses_roles
ERROR store/tests.py::TestProducts::test_liste_produits_sans_auth - SystemExi...
ERROR store/tests.py::TestProducts::test_creation_produit_user_normal_interdit
ERROR store/tests.py::TestProducts::test_creation_produit_admin_ok - SystemEx...
ERROR store/tests.py::TestProducts::test_suppression_produit_user_normal_interdit
ERROR store/tests.py::TestOrders::test_user_ne_voit_pas_commandes_autres - Sy...
======================== 2 passed, 14 errors in 1.60s =========================
